---
source: blackbox-log/tests/snapshots.rs
expression: logs
input_file: blackbox-log/tests/logs/.fc-blackbox/src/test-data/LOG00002.BFL
---
[
  Ok(LogSnapshot(
    headers: Headers(
      version: V2,
      firmware_revision: "Betaflight 4.2.6 (a4b6db1e7) STM32F405",
      firmware_kind: Betaflight,
      board_info: Some("AIRB OMNIBUSF4"),
      craft_name: None,
      vbat: Some(VbatConfig(
        reference: 0,
        scale: 110,
      )),
      current_meter: None,
      acceleration_1g: Some(2048),
      gyro_scale: Some(1.0),
      min_throttle: Some(1070),
      motor_output_range: Some(MotorOutputRange(158, 2047)),
    ),
    stats: Stats(
      counts: FrameCounts(
        main: 220313,
        slow: 75,
        gps_home: 0,
      ),
    ),
    events: [],
    fields: Fields([
      FieldSnapshot(
        name: "loopIteration",
        unit: Unitless,
        history: FieldSnapshot(
          min: 0,
          max: 1762326,
          unique: 220313,
          histogram: (13770, 13770, 13770, 13770, 13770, 13771, 13770, 13769, 13769, 13769, 13769, 13769, 13769, 13769, 13770, 13769),
        ),
      ),
      FieldSnapshot(
        name: "time",
        unit: FrameTime,
        history: FieldSnapshot(
          min: 0,
          max: 227641743,
          unique: 220313,
          histogram: (13730, 13766, 13842, 13860, 13313, 14234, 13954, 13683, 13761, 13587, 13657, 13936, 13225, 14088, 14008, 13669),
        ),
      ),
      FieldSnapshot(
        name: "axisP[0]",
        unit: Unitless,
        history: FieldSnapshot(
          min: -234,
          max: 555988,
          unique: 345,
          histogram: (42655, 25505, 21106, 17370, 14586, 13527, 12341, 11340, 10039, 9256, 8585, 7886, 7110, 6613, 6206, 6188),
        ),
      ),
      FieldSnapshot(
        name: "axisP[1]",
        unit: Unitless,
        history: FieldSnapshot(
          min: -325,
          max: 16406608,
          unique: 262,
          histogram: (37774, 22221, 20107, 18460, 16666, 14823, 13280, 11806, 11010, 9723, 8907, 8095, 7625, 7125, 6630, 6061),
        ),
      ),
      FieldSnapshot(
        name: "axisP[2]",
        unit: Unitless,
        history: FieldSnapshot(
          min: -199,
          max: 281,
          unique: 477,
          histogram: (46109, 23704, 16766, 14279, 13376, 12283, 10989, 10069, 9609, 9585, 9348, 9207, 9057, 8612, 8903, 8417),
        ),
      ),
      FieldSnapshot(
        name: "axisI[0]",
        unit: Unitless,
        history: FieldSnapshot(
          min: -32822,
          max: 3841,
          unique: 3,
          histogram: (220311, 1, 0, 0, 0, 0, 1, 0, 0, 0, 0, 0, 0, 0, 0, 0),
        ),
      ),
      FieldSnapshot(
        name: "axisI[1]",
        unit: Unitless,
        history: FieldSnapshot(
          min: -6475,
          max: 0,
          unique: 2,
          histogram: (220312, 0, 0, 0, 0, 0, 0, 0, 0, 0, 0, 1, 0, 0, 0, 0),
        ),
      ),
      FieldSnapshot(
        name: "axisI[2]",
        unit: Unitless,
        history: FieldSnapshot(
          min: 0,
          max: 5038,
          unique: 2,
          histogram: (220312, 0, 0, 0, 0, 0, 0, 0, 0, 0, 0, 0, 0, 0, 1, 0),
        ),
      ),
      FieldSnapshot(
        name: "axisD[0]",
        unit: Unitless,
        history: FieldSnapshot(
          min: -645,
          max: 366,
          unique: 219,
          histogram: (61655, 41641, 32677, 24652, 17560, 12368, 8660, 6086, 4296, 3068, 2232, 1723, 1235, 1071, 773, 616),
        ),
      ),
      FieldSnapshot(
        name: "axisD[1]",
        unit: Unitless,
        history: FieldSnapshot(
          min: -684,
          max: 1073,
          unique: 235,
          histogram: (60210, 40462, 32211, 24641, 18012, 13080, 9239, 6587, 4806, 3401, 2387, 1821, 1284, 966, 658, 548),
        ),
      ),
      FieldSnapshot(
        name: "axisF[0]",
        unit: Unitless,
        history: FieldSnapshot(
          min: 0,
          max: 5044,
          unique: 2,
          histogram: (220312, 0, 0, 0, 1, 0, 0, 0, 0, 0, 0, 0, 0, 0, 0, 0),
        ),
      ),
      FieldSnapshot(
        name: "axisF[1]",
        unit: Unitless,
        history: FieldSnapshot(
          min: 0,
          max: 31,
          unique: 2,
          histogram: (220312, 0, 0, 0, 0, 0, 0, 0, 0, 0, 0, 0, 0, 0, 0, 1),
        ),
      ),
      FieldSnapshot(
        name: "axisF[2]",
        unit: Unitless,
        history: FieldSnapshot(
          min: 0,
          max: 5,
          unique: 2,
          histogram: (220312, 0, 0, 0, 0, 1, 0, 0, 0, 0, 0, 0, 0, 0, 0, 0),
        ),
      ),
      FieldSnapshot(
        name: "rcCommand[0]",
        unit: Unitless,
        history: FieldSnapshot(
          min: 0,
          max: 29,
          unique: 2,
          histogram: (220312, 0, 0, 0, 0, 0, 0, 0, 0, 0, 0, 0, 0, 1, 0, 0),
        ),
      ),
      FieldSnapshot(
        name: "rcCommand[1]",
        unit: Unitless,
        history: FieldSnapshot(
          min: -7,
          max: 32,
          unique: 3,
          histogram: (220312, 0, 0, 0, 0, 0, 0, 1, 0, 0, 0, 0, 0, 0, 0, 0),
        ),
      ),
      FieldSnapshot(
        name: "rcCommand[2]",
        unit: Unitless,
        history: FieldSnapshot(
          min: 0,
          max: 522568,
          unique: 2,
          histogram: (220312, 0, 0, 0, 0, 0, 0, 0, 1, 0, 0, 0, 0, 0, 0, 0),
        ),
      ),
      FieldSnapshot(
        name: "rcCommand[3]",
        unit: Unitless,
        history: FieldSnapshot(
          min: 0,
          max: 1000,
          unique: 3,
          histogram: (1, 0, 0, 0, 0, 1, 0, 0, 220311, 0, 0, 0, 0, 0, 0, 0),
        ),
      ),
      FieldSnapshot(
        name: "setpoint[0]",
        unit: Unitless,
        history: FieldSnapshot(
          min: -54,
          max: 26,
          unique: 3,
          histogram: (220311, 0, 0, 0, 0, 0, 1, 0, 0, 0, 1, 0, 0, 0, 0, 0),
        ),
      ),
      FieldSnapshot(
        name: "setpoint[1]",
        unit: Unitless,
        history: FieldSnapshot(
          min: -64,
          max: 0,
          unique: 2,
          histogram: (220313, 0, 0, 0, 0, 0, 0, 0, 0, 0, 0, 0, 0, 0, 0, 0),
        ),
      ),
      FieldSnapshot(
        name: "setpoint[2]",
        unit: Unitless,
        history: FieldSnapshot(
          min: 0,
          max: 42,
          unique: 3,
          histogram: (220311, 0, 0, 0, 0, 0, 0, 0, 0, 0, 1, 0, 0, 0, 1, 0),
        ),
      ),
      FieldSnapshot(
        name: "setpoint[3]",
        unit: Unitless,
        history: FieldSnapshot(
          min: 0,
          max: 1476394737,
          unique: 2,
          histogram: (220312, 1, 0, 0, 0, 0, 0, 0, 0, 0, 0, 0, 0, 0, 0, 0),
        ),
      ),
      FieldSnapshot(
        name: "vbatLatest",
        unit: Voltage,
        history: FieldSnapshot(
          min: 0,
          max: 38072602770,
          unique: 10,
          histogram: (37859, 0, 51586, 7979, 0, 78, 0, 0, 0, 110249, 0, 11895, 587, 0, 80, 0),
        ),
      ),
      FieldSnapshot(
        name: "gyroADC[0]",
        unit: Rotation,
        history: FieldSnapshot(
          min: -128,
          max: 165,
          unique: 257,
          histogram: (34202, 32652, 24858, 19226, 16202, 14471, 12804, 11164, 10010, 8736, 7759, 7150, 6412, 5772, 4729, 4166),
        ),
      ),
      FieldSnapshot(
        name: "gyroADC[1]",
        unit: Rotation,
        history: FieldSnapshot(
          min: -6475,
          max: 221,
          unique: 206,
          histogram: (31845, 30433, 25279, 21125, 17537, 14828, 13030, 11437, 10178, 9292, 8295, 7110, 6092, 5316, 4520, 3996),
        ),
      ),
      FieldSnapshot(
        name: "gyroADC[2]",
        unit: Rotation,
        history: FieldSnapshot(
          min: -195,
          max: 139,
          unique: 335,
          histogram: (40057, 32132, 19287, 15819, 14418, 12226, 11648, 10902, 10216, 9870, 9047, 8104, 6849, 6613, 6772, 6353),
        ),
      ),
      FieldSnapshot(
        name: "accSmooth[0]",
        unit: Acceleration,
        history: FieldSnapshot(
          min: -401,
          max: 473761,
          unique: 1288,
          histogram: (14114, 14862, 13924, 13369, 13279, 12854, 12634, 12515, 13005, 12872, 13154, 13518, 12896, 15068, 17438, 14811),
        ),
      ),
      FieldSnapshot(
        name: "accSmooth[1]",
        unit: Acceleration,
        history: FieldSnapshot(
          min: -774,
          max: 700,
          unique: 1467,
          histogram: (13032, 13245, 13859, 13318, 13540, 13232, 13620, 19625, 14503, 13034, 12411, 13746, 12615, 12793, 13691, 14049),
        ),
      ),
      FieldSnapshot(
        name: "accSmooth[2]",
        unit: Acceleration,
        history: FieldSnapshot(
          min: -10946,
          max: 5104,
          unique: 1685,
          histogram: (13676, 14554, 14160, 14662, 15295, 15310, 14582, 13615, 13322, 12770, 13069, 12881, 13148, 13047, 13034, 13188),
        ),
      ),
      FieldSnapshot(
        name: "debug[0]",
        unit: Unitless,
        history: FieldSnapshot(
          min: -128,
          max: 165,
          unique: 257,
          histogram: (34202, 32653, 24857, 19226, 16202, 14471, 12804, 11164, 10010, 8736, 7759, 7150, 6413, 5772, 4729, 4165),
        ),
      ),
      FieldSnapshot(
        name: "debug[1]",
        unit: Unitless,
        history: FieldSnapshot(
          min: -181,
          max: 153680,
          unique: 207,
          histogram: (31845, 30433, 25279, 21125, 17537, 14828, 13030, 11437, 10178, 9292, 8295, 7109, 6092, 5317, 4520, 3996),
        ),
      ),
      FieldSnapshot(
        name: "debug[2]",
        unit: Unitless,
        history: FieldSnapshot(
          min: -126713375,
          max: 139,
          unique: 336,
          histogram: (40058, 32132, 19287, 15819, 14418, 12226, 11648, 10902, 10215, 9870, 9047, 8104, 6848, 6613, 6772, 6354),
        ),
      ),
      FieldSnapshot(
        name: "debug[3]",
        unit: Unitless,
        history: FieldSnapshot(
          min: 0,
          max: 2,
          unique: 2,
          histogram: (220312, 0, 1, 0, 0, 0, 0, 0, 0, 0, 0, 0, 0, 0, 0, 0),
        ),
      ),
      FieldSnapshot(
        name: "motor[0]",
        unit: Unitless,
        history: FieldSnapshot(
          min: 0,
          max: 1209139,
          unique: 2,
          histogram: (0, 0, 0, 1, 0, 0, 0, 0, 0, 0, 0, 0, 0, 0, 220312, 0),
        ),
      ),
      FieldSnapshot(
        name: "motor[1]",
        unit: Unitless,
        history: FieldSnapshot(
          min: 0,
          max: 1209170,
          unique: 3,
          histogram: (0, 0, 1, 0, 0, 0, 1, 0, 0, 0, 0, 0, 0, 0, 220311, 0),
        ),
      ),
      FieldSnapshot(
        name: "motor[2]",
        unit: Unitless,
        history: FieldSnapshot(
          min: 0,
          max: 1178288,
          unique: 3,
          histogram: (1, 0, 0, 0, 0, 0, 1, 0, 0, 0, 0, 0, 0, 0, 220311, 0),
        ),
      ),
      FieldSnapshot(
        name: "motor[3]",
        unit: Unitless,
        history: FieldSnapshot(
          min: 0,
          max: 1209139,
          unique: 2,
          histogram: (0, 0, 0, 1, 0, 0, 0, 0, 0, 0, 0, 0, 0, 0, 220312, 0),
        ),
      ),
      FieldSnapshot(
        name: "flightModeFlags",
        unit: FlightMode,
        history: {
          "Angle": 1,
          "Antigravity": 1,
          "Arm": 2,
          "BeeperOn": 1,
          "Failsafe": 2,
          "GpsRescue": 1,
          "LedLow": 1,
          "Passthru": 2,
        },
      ),
      FieldSnapshot(
        name: "stateFlags",
        unit: State,
        history: {},
      ),
      FieldSnapshot(
        name: "failsafePhase",
        unit: FailsafePhase,
        history: {
          "Idle": 2,
          "Landing": 1,
          "RxLossDetected": 1,
        },
      ),
      FieldSnapshot(
        name: "rxSignalReceived",
        unit: Boolean,
        history: History(
          yes: 2,
          no: 220311,
        ),
      ),
      FieldSnapshot(
        name: "rxFlightChannelsValid",
        unit: Boolean,
        history: History(
          yes: 2,
          no: 220311,
        ),
      ),
    ]),
  )),
]
