---
source: blackbox-log/tests/snapshots.rs
expression: snapshot
input_file: ".modules/fc-blackbox/src/test-data/btfl_001.bbl"
---
FileSnapshot(
  count: 2,
  logs: [
    Ok(LogSnapshot(
      headers: Headers(
        version: V2,
        firmware_revision: "Betaflight 4.2.11 (948ba6339) STM32F7X2",
        firmware_kind: Betaflight,
        board_info: Some("ZEEZ ZEEZF7V2"),
        craft_name: None,
        vbat_reference: Some(2466),
        acceleration_1g: Some(2048),
        gyro_scale: Some(0.017453292),
        min_throttle: Some(1070),
        motor_output_range: Some(MotorOutputRange(
          min: 158,
          max: 2047,
        )),
        unknown: {
          "dyn_notch_width_percent": "0",
          "rc_smoothing_active_cutoffs": "68, 90",
          "acc_hardware": "0",
          "deadband": "0",
          "tpa_rate": "65",
          "rc_smoothing_cutoffs": "0, 0",
          "gyro_lowpass2_type": "0",
          "rate_limits": "1998,1998,1998",
          "dterm_notch_cutoff": "0",
          "pid_process_denom": "1",
          "gyro_cal_on_first_arm": "0",
          "yaw_lowpass_hz": "0",
          "acc_limit_yaw": "0",
          "dyn_notch_max_hz": "350",
          "yaw_deadband": "0",
          "mag_hardware": "0",
          "maxthrottle": "2000",
          "vbat_pid_gain": "0",
          "I interval": "256",
          "dterm_lowpass_dyn_hz": "70,170",
          "use_integrated_yaw": "0",
          "dshot_bidir": "1",
          "ff_boost": "15",
          "gyro_sync_denom": "1",
          "rpm_notch_lpf": "150",
          "rc_smoothing_filter_type": "1, 1",
          "serialrx_provider": "9",
          "dshot_idle_value": "550",
          "features": "809829384",
          "feedforward_weight": "97,103,97",
          "d_min_advance": "20",
          "rc_smoothing_debug_axis": "0",
          "gyro_rpm_notch_q": "500",
          "rc_interpolation_channels": "2",
          "dterm_filter2_type": "0",
          "ff_interpolate_sp": "2",
          "gyro_lowpass_type": "0",
          "Log start datetime": "0000-01-01T00:00:00.000+00:00",
          "dterm_filter_type": "0",
          "vbatcellvoltage": "330,350,430",
          "anti_gravity_mode": "0",
          "rc_interpolation_interval": "19",
          "rc_smoothing_type": "1",
          "iterm_relax": "1",
          "gyro_rpm_notch_harmonics": "3",
          "rc_interpolation": "2",
          "tpa_breakpoint": "1350",
          "d_min_gain": "37",
          "dterm_lowpass_hz": "150",
          "rates": "75,75,75",
          "iterm_relax_cutoff": "15",
          "d_min": "0,0,0",
          "acc_limit": "0",
          "ff_spike_limit": "60",
          "ff_max_rate_limit": "100",
          "gyro_lowpass_hz": "200",
          "gyro_notch_hz": "0,0",
          "anti_gravity_threshold": "250",
          "acc_lpf_hz": "1000",
          "baro_hardware": "0",
          "motor_pwm_protocol": "7",
          "rc_rates": "70,70,70",
          "pidAtMinThrottle": "1",
          "pitchPID": "55,108,38",
          "magPID": "40",
          "P interval": "16",
          "pidsum_limit_yaw": "400",
          "pidsum_limit": "500",
          "rates_type": "0",
          "Firmware date": "Nov  9 2021 20:29:32",
          "dyn_notch_min_hz": "120",
          "iterm_relax_type": "1",
          "dterm_rpm_notch_min": "100",
          "gyro_lowpass_dyn_hz": "200,500",
          "motor_pwm_rate": "480",
          "thr_mid": "50",
          "dyn_notch_q": "250",
          "dterm_notch_hz": "0",
          "feedforward_transition": "0",
          "gyro_rpm_notch_min": "100",
          "rollPID": "50,102,36",
          "thr_expo": "0",
          "looptime": "125",
          "yawPID": "54,108,0",
          "levelPID": "50,50,75",
          "rc_expo": "0,0,0",
          "dterm_rpm_notch_harmonics": "0",
          "airmode_activate_throttle": "25",
          "debug_mode": "0",
          "P ratio": "16",
          "anti_gravity_gain": "3500",
          "gyro_hardware_lpf": "0",
          "dterm_lowpass2_hz": "150",
          "use_unsynced_pwm": "0",
          "rc_smoothing_rx_average": "6654",
          "dterm_rpm_notch_q": "500",
          "iterm_windup": "100",
          "abs_control_gain": "0",
          "gyro_notch_cutoff": "0,0",
          "rc_smoothing_auto_factor": "10",
          "gyro_lowpass2_hz": "0",
        },
      ),
      stats: Stats(
        counts: FrameCounts(
          event: 4,
          main: 98,
          slow: 2,
          gps: 0,
          gps_home: 0,
        ),
      ),
      capped: false,
      events: [
        SyncBeep(32887122),
        FlightMode(
          flags: 0,
          last_flags: 1,
        ),
        Disarm(4),
        End(
          disarm_reason: None,
        ),
      ],
      main: MainSnapshot(
        count: 98,
        last_iteration: 1537,
        time: FieldSnapshot(
          min: 0,
          max: 33206271,
          unique: 98,
          histogram: (0, 1, 37, 5, 5, 5, 6, 1, 2, 3, 1, 11, 4, 0, 10, 7),
        ),
        fields: Fields([
          FieldSnapshot(
            name: "axisP[0]",
            unit: Unitless,
            history: FieldSnapshot(
              min: 0,
              max: 0,
              unique: 1,
            ),
          ),
          FieldSnapshot(
            name: "axisP[1]",
            unit: Unitless,
            history: FieldSnapshot(
              min: -2,
              max: 0,
              unique: 2,
              histogram: (97, 0, 1, 0, 0, 0, 0, 0, 0, 0, 0, 0, 0, 0, 0, 0),
            ),
          ),
          FieldSnapshot(
            name: "axisP[2]",
            unit: Unitless,
            history: FieldSnapshot(
              min: 0,
              max: 1,
              unique: 2,
              histogram: (94, 4, 0, 0, 0, 0, 0, 0, 0, 0, 0, 0, 0, 0, 0, 0),
            ),
          ),
          FieldSnapshot(
            name: "axisI[0]",
            unit: Unitless,
            history: FieldSnapshot(
              min: 0,
              max: 0,
              unique: 1,
            ),
          ),
          FieldSnapshot(
            name: "axisI[1]",
            unit: Unitless,
            history: FieldSnapshot(
              min: 0,
              max: 0,
              unique: 1,
            ),
          ),
          FieldSnapshot(
            name: "axisI[2]",
            unit: Unitless,
            history: FieldSnapshot(
              min: 0,
              max: 0,
              unique: 1,
            ),
          ),
          FieldSnapshot(
            name: "axisD[0]",
            unit: Unitless,
            history: FieldSnapshot(
              min: -2,
              max: 2,
              unique: 5,
              histogram: (80, 16, 2, 0, 0, 0, 0, 0, 0, 0, 0, 0, 0, 0, 0, 0),
            ),
          ),
          FieldSnapshot(
            name: "axisD[1]",
            unit: Unitless,
            history: FieldSnapshot(
              min: -4,
              max: 2,
              unique: 6,
              histogram: (91, 4, 1, 1, 1, 0, 0, 0, 0, 0, 0, 0, 0, 0, 0, 0),
            ),
          ),
          FieldSnapshot(
            name: "axisF[0]",
            unit: Unitless,
            history: FieldSnapshot(
              min: 0,
              max: 0,
              unique: 1,
            ),
          ),
          FieldSnapshot(
            name: "axisF[1]",
            unit: Unitless,
            history: FieldSnapshot(
              min: 0,
              max: 0,
              unique: 1,
            ),
          ),
          FieldSnapshot(
            name: "axisF[2]",
            unit: Unitless,
            history: FieldSnapshot(
              min: 0,
              max: 0,
              unique: 1,
            ),
          ),
          FieldSnapshot(
            name: "rcCommand[0]",
            unit: Unitless,
            history: FieldSnapshot(
              min: 0,
              max: 0,
              unique: 1,
            ),
          ),
          FieldSnapshot(
            name: "rcCommand[1]",
            unit: Unitless,
            history: FieldSnapshot(
              min: 0,
              max: 0,
              unique: 1,
            ),
          ),
          FieldSnapshot(
            name: "rcCommand[2]",
            unit: Unitless,
            history: FieldSnapshot(
              min: 0,
              max: 1,
              unique: 2,
              histogram: (37, 61, 0, 0, 0, 0, 0, 0, 0, 0, 0, 0, 0, 0, 0, 0),
            ),
          ),
          FieldSnapshot(
            name: "rcCommand[3]",
            unit: Unitless,
            history: FieldSnapshot(
              min: 0,
              max: 1000,
              unique: 1,
            ),
          ),
          FieldSnapshot(
            name: "setpoint[0]",
            unit: Unitless,
            history: FieldSnapshot(
              min: 0,
              max: 0,
              unique: 1,
            ),
          ),
          FieldSnapshot(
            name: "setpoint[1]",
            unit: Unitless,
            history: FieldSnapshot(
              min: 0,
              max: 0,
              unique: 1,
            ),
          ),
          FieldSnapshot(
            name: "setpoint[2]",
            unit: Unitless,
            history: FieldSnapshot(
              min: 0,
              max: 0,
              unique: 1,
            ),
          ),
          FieldSnapshot(
            name: "setpoint[3]",
            unit: Unitless,
            history: FieldSnapshot(
              min: 0,
              max: 0,
              unique: 1,
            ),
          ),
          FieldSnapshot(
            name: "vbatLatest",
            unit: Voltage,
            history: FieldSnapshot(
              min: 0,
              max: 24630,
              unique: 4,
              histogram: (0, 0, 19, 0, 10, 0, 30, 0, 0, 0, 0, 0, 0, 0, 39, 0),
            ),
          ),
          FieldSnapshot(
            name: "amperageLatest",
            unit: Amperage,
            history: FieldSnapshot(
              min: 0,
              max: 1840,
              unique: 8,
              histogram: (80, 0, 0, 0, 0, 0, 0, 0, 18, 0, 0, 0, 0, 0, 0, 0),
            ),
          ),
          FieldSnapshot(
            name: "BaroAlt",
            unit: Unitless,
            history: FieldSnapshot(
              min: 0,
              max: 279,
              unique: 7,
              histogram: (0, 12, 0, 0, 0, 12, 13, 6, 0, 0, 0, 0, 5, 25, 25, 0),
            ),
          ),
          FieldSnapshot(
            name: "rssi",
            unit: Unitless,
            history: FieldSnapshot(
              min: 0,
              max: 784,
              unique: 2,
              histogram: (59, 0, 0, 0, 0, 0, 39, 0, 0, 0, 0, 0, 0, 0, 0, 0),
            ),
          ),
          FieldSnapshot(
            name: "gyroADC[0]",
            unit: Rotation,
            history: FieldSnapshot(
              min: -1,
              max: 0,
              unique: 2,
              histogram: (94, 4, 0, 0, 0, 0, 0, 0, 0, 0, 0, 0, 0, 0, 0, 0),
            ),
          ),
          FieldSnapshot(
            name: "gyroADC[1]",
            unit: Rotation,
            history: FieldSnapshot(
              min: 0,
              max: 1,
              unique: 2,
              histogram: (97, 1, 0, 0, 0, 0, 0, 0, 0, 0, 0, 0, 0, 0, 0, 0),
            ),
          ),
          FieldSnapshot(
            name: "gyroADC[2]",
            unit: Rotation,
            history: FieldSnapshot(
              min: 0,
              max: 0,
              unique: 1,
            ),
          ),
          FieldSnapshot(
            name: "accSmooth[0]",
            unit: Acceleration,
            history: FieldSnapshot(
              min: -27,
              max: 0,
              unique: 9,
              histogram: (0, 0, 0, 2, 11, 34, 18, 12, 4, 7, 9, 1, 0, 0, 0, 0),
            ),
          ),
          FieldSnapshot(
            name: "accSmooth[1]",
            unit: Acceleration,
            history: FieldSnapshot(
              min: -19,
              max: 0,
              unique: 13,
              histogram: (0, 2, 0, 1, 0, 4, 5, 5, 7, 5, 5, 16, 8, 6, 12, 22),
            ),
          ),
          FieldSnapshot(
            name: "accSmooth[2]",
            unit: Acceleration,
            history: FieldSnapshot(
              min: 0,
              max: 987,
              unique: 7,
              histogram: (0, 0, 0, 0, 0, 9, 14, 6, 26, 29, 13, 1, 0, 0, 0, 0),
            ),
          ),
          FieldSnapshot(
            name: "motor[0]",
            unit: Unitless,
            history: FieldSnapshot(
              min: 0,
              max: 172,
              unique: 16,
              histogram: (11, 10, 4, 5, 2, 0, 0, 1, 0, 2, 7, 1, 10, 15, 19, 11),
            ),
          ),
          FieldSnapshot(
            name: "motor[1]",
            unit: Unitless,
            history: FieldSnapshot(
              min: 0,
              max: 183,
              unique: 16,
              histogram: (8, 16, 15, 6, 9, 10, 6, 4, 1, 2, 2, 0, 0, 1, 11, 7),
            ),
          ),
          FieldSnapshot(
            name: "motor[2]",
            unit: Unitless,
            history: FieldSnapshot(
              min: 0,
              max: 179,
              unique: 17,
              histogram: (8, 10, 19, 7, 2, 6, 3, 3, 3, 1, 1, 0, 3, 4, 13, 15),
            ),
          ),
          FieldSnapshot(
            name: "motor[3]",
            unit: Unitless,
            history: FieldSnapshot(
              min: 0,
              max: 183,
              unique: 15,
              histogram: (10, 12, 8, 9, 4, 4, 1, 4, 0, 1, 2, 0, 0, 16, 18, 9),
            ),
          ),
        ]),
      ),
      slow: SlowSnapshot(
        count: 2,
        fields: Fields([
          FieldSnapshot(
            name: "flightModeFlags",
            unit: FlightMode,
            history: {
              "Arm": 1,
            },
          ),
          FieldSnapshot(
            name: "stateFlags",
            unit: State,
            history: {},
          ),
          FieldSnapshot(
            name: "failsafePhase",
            unit: FailsafePhase,
            history: {
              "Idle": 2,
            },
          ),
          FieldSnapshot(
            name: "rxSignalReceived",
            unit: Boolean,
            history: History(
              yes: 2,
              no: 0,
            ),
          ),
          FieldSnapshot(
            name: "rxFlightChannelsValid",
            unit: Boolean,
            history: History(
              yes: 2,
              no: 0,
            ),
          ),
        ]),
      ),
    )),
    Ok(LogSnapshot(
      headers: Headers(
        version: V2,
        firmware_revision: "Betaflight 4.2.11 (948ba6339) STM32F7X2",
        firmware_kind: Betaflight,
        board_info: Some("ZEEZ ZEEZF7V2"),
        craft_name: None,
        vbat_reference: Some(2439),
        acceleration_1g: Some(2048),
        gyro_scale: Some(0.017453292),
        min_throttle: Some(1070),
        motor_output_range: Some(MotorOutputRange(
          min: 158,
          max: 2047,
        )),
        unknown: {
          "dyn_notch_width_percent": "0",
          "rc_smoothing_active_cutoffs": "68, 90",
          "acc_hardware": "0",
          "deadband": "0",
          "tpa_rate": "65",
          "rc_smoothing_cutoffs": "0, 0",
          "gyro_lowpass2_type": "0",
          "rate_limits": "1998,1998,1998",
          "dterm_notch_cutoff": "0",
          "pid_process_denom": "1",
          "gyro_cal_on_first_arm": "0",
          "yaw_lowpass_hz": "0",
          "acc_limit_yaw": "0",
          "dyn_notch_max_hz": "350",
          "yaw_deadband": "0",
          "mag_hardware": "0",
          "maxthrottle": "2000",
          "vbat_pid_gain": "0",
          "I interval": "256",
          "dterm_lowpass_dyn_hz": "70,170",
          "use_integrated_yaw": "0",
          "dshot_bidir": "1",
          "ff_boost": "15",
          "gyro_sync_denom": "1",
          "rpm_notch_lpf": "150",
          "rc_smoothing_filter_type": "1, 1",
          "serialrx_provider": "9",
          "dshot_idle_value": "550",
          "features": "809829384",
          "feedforward_weight": "97,103,97",
          "d_min_advance": "20",
          "rc_smoothing_debug_axis": "0",
          "gyro_rpm_notch_q": "500",
          "rc_interpolation_channels": "2",
          "dterm_filter2_type": "0",
          "ff_interpolate_sp": "2",
          "gyro_lowpass_type": "0",
          "Log start datetime": "0000-01-01T00:00:00.000+00:00",
          "dterm_filter_type": "0",
          "vbatcellvoltage": "330,350,430",
          "anti_gravity_mode": "0",
          "rc_interpolation_interval": "19",
          "rc_smoothing_type": "1",
          "iterm_relax": "1",
          "gyro_rpm_notch_harmonics": "3",
          "rc_interpolation": "2",
          "tpa_breakpoint": "1350",
          "d_min_gain": "37",
          "dterm_lowpass_hz": "150",
          "rates": "75,75,75",
          "iterm_relax_cutoff": "15",
          "d_min": "0,0,0",
          "acc_limit": "0",
          "ff_spike_limit": "60",
          "ff_max_rate_limit": "100",
          "gyro_lowpass_hz": "200",
          "gyro_notch_hz": "0,0",
          "anti_gravity_threshold": "250",
          "acc_lpf_hz": "1000",
          "baro_hardware": "0",
          "motor_pwm_protocol": "7",
          "rc_rates": "70,70,70",
          "pidAtMinThrottle": "1",
          "pitchPID": "55,108,38",
          "magPID": "40",
          "P interval": "16",
          "pidsum_limit_yaw": "400",
          "pidsum_limit": "500",
          "rates_type": "0",
          "Firmware date": "Nov  9 2021 20:29:32",
          "dyn_notch_min_hz": "120",
          "iterm_relax_type": "1",
          "dterm_rpm_notch_min": "100",
          "gyro_lowpass_dyn_hz": "200,500",
          "motor_pwm_rate": "480",
          "thr_mid": "50",
          "dyn_notch_q": "250",
          "dterm_notch_hz": "0",
          "feedforward_transition": "0",
          "gyro_rpm_notch_min": "100",
          "rollPID": "50,102,36",
          "thr_expo": "0",
          "looptime": "125",
          "yawPID": "54,108,0",
          "levelPID": "50,50,75",
          "rc_expo": "0,0,0",
          "dterm_rpm_notch_harmonics": "0",
          "airmode_activate_throttle": "25",
          "debug_mode": "0",
          "P ratio": "16",
          "anti_gravity_gain": "3500",
          "gyro_hardware_lpf": "0",
          "dterm_lowpass2_hz": "150",
          "use_unsynced_pwm": "0",
          "rc_smoothing_rx_average": "6654",
          "dterm_rpm_notch_q": "500",
          "iterm_windup": "100",
          "abs_control_gain": "0",
          "gyro_notch_cutoff": "0,0",
          "rc_smoothing_auto_factor": "10",
          "gyro_lowpass2_hz": "0",
        },
      ),
      stats: Stats(
        counts: FrameCounts(
          event: 3,
          main: 24893,
          slow: 8,
          gps: 0,
          gps_home: 0,
        ),
      ),
      capped: false,
      events: [
        SyncBeep(191753984),
        FlightMode(
          flags: 0,
          last_flags: 1,
        ),
        Disarm(4),
      ],
      main: MainSnapshot(
        count: 24893,
        last_iteration: 398092,
        time: FieldSnapshot(
          min: 0,
          max: 241860649,
          unique: 24893,
          histogram: (1464, 1665, 1677, 1352, 1720, 945, 1801, 1696, 1465, 1765, 1794, 1336, 1670, 1020, 1814, 1709),
        ),
        fields: Fields([
          FieldSnapshot(
            name: "axisP[0]",
            unit: Unitless,
            history: FieldSnapshot(
              min: -41,
              max: 35,
              unique: 77,
              histogram: (2736, 2726, 2461, 2272, 2063, 1736, 1691, 1553, 1287, 1127, 1006, 1036, 906, 845, 768, 680),
            ),
          ),
          FieldSnapshot(
            name: "axisP[1]",
            unit: Unitless,
            history: FieldSnapshot(
              min: -37,
              max: 40,
              unique: 78,
              histogram: (2777, 2740, 2379, 2220, 2092, 2038, 2011, 1805, 1516, 1224, 1054, 910, 704, 526, 457, 440),
            ),
          ),
          FieldSnapshot(
            name: "axisP[2]",
            unit: Unitless,
            history: FieldSnapshot(
              min: -103,
              max: 79,
              unique: 183,
              histogram: (1923, 1971, 1960, 1641, 1555, 1515, 1572, 1603, 1530, 1405, 1418, 1410, 1244, 1414, 1406, 1326),
            ),
          ),
          FieldSnapshot(
            name: "axisI[0]",
            unit: Unitless,
            history: FieldSnapshot(
              min: 0,
              max: 0,
              unique: 1,
            ),
          ),
          FieldSnapshot(
            name: "axisI[1]",
            unit: Unitless,
            history: FieldSnapshot(
              min: 0,
              max: 0,
              unique: 1,
            ),
          ),
          FieldSnapshot(
            name: "axisI[2]",
            unit: Unitless,
            history: FieldSnapshot(
              min: 0,
              max: 0,
              unique: 1,
            ),
          ),
          FieldSnapshot(
            name: "axisD[0]",
            unit: Unitless,
            history: FieldSnapshot(
              min: -15,
              max: 15,
              unique: 30,
              histogram: (10599, 7212, 3755, 1723, 736, 401, 207, 120, 62, 35, 23, 7, 4, 3, 1, 5),
            ),
          ),
          FieldSnapshot(
            name: "axisD[1]",
            unit: Unitless,
            history: FieldSnapshot(
              min: -18,
              max: 11,
              unique: 29,
              histogram: (9945, 7163, 4060, 1915, 877, 441, 235, 139, 54, 34, 10, 7, 3, 5, 2, 3),
            ),
          ),
          FieldSnapshot(
            name: "axisF[0]",
            unit: Unitless,
            history: FieldSnapshot(
              min: 0,
              max: 0,
              unique: 1,
            ),
          ),
          FieldSnapshot(
            name: "axisF[1]",
            unit: Unitless,
            history: FieldSnapshot(
              min: 0,
              max: 0,
              unique: 1,
            ),
          ),
          FieldSnapshot(
            name: "axisF[2]",
            unit: Unitless,
            history: FieldSnapshot(
              min: -1,
              max: 1,
              unique: 3,
              histogram: (24810, 83, 0, 0, 0, 0, 0, 0, 0, 0, 0, 0, 0, 0, 0, 0),
            ),
          ),
          FieldSnapshot(
            name: "rcCommand[0]",
            unit: Unitless,
            history: FieldSnapshot(
              min: 0,
              max: 1,
              unique: 2,
              histogram: (24320, 573, 0, 0, 0, 0, 0, 0, 0, 0, 0, 0, 0, 0, 0, 0),
            ),
          ),
          FieldSnapshot(
            name: "rcCommand[1]",
            unit: Unitless,
            history: FieldSnapshot(
              min: 0,
              max: 0,
              unique: 1,
            ),
          ),
          FieldSnapshot(
            name: "rcCommand[2]",
            unit: Unitless,
            history: FieldSnapshot(
              min: 0,
              max: 3,
              unique: 4,
              histogram: (9036, 15691, 102, 64, 0, 0, 0, 0, 0, 0, 0, 0, 0, 0, 0, 0),
            ),
          ),
          FieldSnapshot(
            name: "rcCommand[3]",
            unit: Unitless,
            history: FieldSnapshot(
              min: 0,
              max: 1000,
              unique: 1,
            ),
          ),
          FieldSnapshot(
            name: "setpoint[0]",
            unit: Unitless,
            history: FieldSnapshot(
              min: 0,
              max: 0,
              unique: 1,
            ),
          ),
          FieldSnapshot(
            name: "setpoint[1]",
            unit: Unitless,
            history: FieldSnapshot(
              min: 0,
              max: 0,
              unique: 1,
            ),
          ),
          FieldSnapshot(
            name: "setpoint[2]",
            unit: Unitless,
            history: FieldSnapshot(
              min: 0,
              max: 1,
              unique: 2,
              histogram: (24757, 136, 0, 0, 0, 0, 0, 0, 0, 0, 0, 0, 0, 0, 0, 0),
            ),
          ),
          FieldSnapshot(
            name: "setpoint[3]",
            unit: Unitless,
            history: FieldSnapshot(
              min: 0,
              max: 0,
              unique: 1,
            ),
          ),
          FieldSnapshot(
            name: "vbatLatest",
            unit: Voltage,
            history: FieldSnapshot(
              min: 0,
              max: 25070,
              unique: 42,
              histogram: (3111, 0, 2925, 0, 4405, 0, 3155, 0, 3755, 0, 2647, 0, 2787, 0, 2108, 0),
            ),
          ),
          FieldSnapshot(
            name: "amperageLatest",
            unit: Amperage,
            history: FieldSnapshot(
              min: 0,
              max: 9480,
              unique: 158,
              histogram: (14994, 0, 0, 0, 0, 0, 0, 0, 9899, 0, 0, 0, 0, 0, 0, 0),
            ),
          ),
          FieldSnapshot(
            name: "BaroAlt",
            unit: Unitless,
            history: FieldSnapshot(
              min: 0,
              max: 441,
              unique: 309,
              histogram: (1478, 1499, 1673, 1409, 2256, 2252, 1167, 1709, 2326, 1172, 946, 910, 951, 1662, 1727, 1756),
            ),
          ),
          FieldSnapshot(
            name: "rssi",
            unit: Unitless,
            history: FieldSnapshot(
              min: 0,
              max: 914,
              unique: 107,
              histogram: (1794, 1193, 1315, 1294, 1392, 1293, 1494, 1987, 1991, 1590, 1694, 1490, 1292, 2391, 1096, 1587),
            ),
          ),
          FieldSnapshot(
            name: "gyroADC[0]",
            unit: Rotation,
            history: FieldSnapshot(
              min: -22,
              max: 26,
              unique: 49,
              histogram: (2272, 3865, 3285, 2815, 2327, 1933, 1450, 1296, 1230, 1054, 850, 767, 549, 422, 383, 395),
            ),
          ),
          FieldSnapshot(
            name: "gyroADC[1]",
            unit: Rotation,
            history: FieldSnapshot(
              min: -23,
              max: 21,
              unique: 45,
              histogram: (2602, 4321, 3455, 3425, 3115, 2350, 1546, 1095, 829, 592, 516, 497, 238, 159, 81, 72),
            ),
          ),
          FieldSnapshot(
            name: "gyroADC[2]",
            unit: Rotation,
            history: FieldSnapshot(
              min: -46,
              max: 59,
              unique: 106,
              histogram: (1524, 2561, 2415, 2023, 2029, 1700, 1687, 1600, 1553, 1771, 1501, 865, 867, 1038, 956, 803),
            ),
          ),
          FieldSnapshot(
            name: "accSmooth[0]",
            unit: Acceleration,
            history: FieldSnapshot(
              min: -507,
              max: 0,
              unique: 425,
              histogram: (1531, 1532, 1677, 1587, 1582, 1531, 1523, 1515, 1458, 1584, 1589, 1603, 1575, 1547, 1577, 1482),
            ),
          ),
          FieldSnapshot(
            name: "accSmooth[1]",
            unit: Acceleration,
            history: FieldSnapshot(
              min: -235,
              max: 154,
              unique: 390,
              histogram: (1570, 1749, 1904, 1847, 1822, 1564, 1521, 1514, 1412, 1538, 1412, 1619, 1319, 1424, 1294, 1384),
            ),
          ),
          FieldSnapshot(
            name: "accSmooth[2]",
            unit: Acceleration,
            history: FieldSnapshot(
              min: 0,
              max: 1037,
              unique: 254,
              histogram: (1648, 1449, 1607, 1569, 1548, 1745, 1693, 1508, 1442, 1515, 1454, 1546, 1378, 1629, 1595, 1567),
            ),
          ),
          FieldSnapshot(
            name: "motor[0]",
            unit: Unitless,
            history: FieldSnapshot(
              min: 0,
              max: 604,
              unique: 432,
              histogram: (1362, 1401, 1431, 1362, 1374, 1438, 1370, 1316, 1397, 1329, 1309, 1436, 1622, 2241, 2934, 1571),
            ),
          ),
          FieldSnapshot(
            name: "motor[1]",
            unit: Unitless,
            history: FieldSnapshot(
              min: 0,
              max: 531,
              unique: 331,
              histogram: (973, 901, 869, 856, 846, 841, 813, 872, 868, 922, 940, 1092, 3982, 8061, 1074, 983),
            ),
          ),
          FieldSnapshot(
            name: "motor[2]",
            unit: Unitless,
            history: FieldSnapshot(
              min: 0,
              max: 515,
              unique: 335,
              histogram: (1379, 1384, 1368, 1318, 1231, 1228, 1307, 1257, 1285, 1322, 1245, 1381, 2476, 3718, 1482, 1512),
            ),
          ),
          FieldSnapshot(
            name: "motor[3]",
            unit: Unitless,
            history: FieldSnapshot(
              min: 0,
              max: 681,
              unique: 505,
              histogram: (1321, 1267, 1289, 1251, 1208, 1178, 1207, 1134, 1137, 1230, 1178, 1217, 1964, 5422, 1508, 1382),
            ),
          ),
        ]),
      ),
      slow: SlowSnapshot(
        count: 8,
        fields: Fields([
          FieldSnapshot(
            name: "flightModeFlags",
            unit: FlightMode,
            history: {
              "Arm": 7,
            },
          ),
          FieldSnapshot(
            name: "stateFlags",
            unit: State,
            history: {},
          ),
          FieldSnapshot(
            name: "failsafePhase",
            unit: FailsafePhase,
            history: {
              "Idle": 8,
            },
          ),
          FieldSnapshot(
            name: "rxSignalReceived",
            unit: Boolean,
            history: History(
              yes: 8,
              no: 0,
            ),
          ),
          FieldSnapshot(
            name: "rxFlightChannelsValid",
            unit: Boolean,
            history: History(
              yes: 8,
              no: 0,
            ),
          ),
        ]),
      ),
    )),
  ],
)
