---
source: blackbox-log/tests/snapshots.rs
expression: logs
input_file: blackbox-log/tests/logs/.fc-blackbox/src/test-data/crashing-LOG00002.BFL
---
[
  Ok(LogSnapshot(
    headers: Headers(
      version: V2,
      firmware_revision: "EmuFlight 3.7.0 (9366544) OMNIBUSF4SD",
      firmware_kind: Betaflight,
      board_info: None,
      craft_name: Some("25x25_blaxkbox_s"),
      vbat: None,
      current_meter: None,
      acceleration_1g: Some(2048),
      gyro_scale: Some(0.017453292),
      min_throttle: Some(1070),
      motor_output_range: Some(MotorOutputRange(1070, 2000)),
    ),
    stats: Stats(
      counts: FrameCounts(
        main: 171694,
        slow: 12,
        gps: 0,
        gps_home: 0,
      ),
    ),
    events: [
      End,
    ],
    fields: Fields([
      FieldSnapshot(
        name: "loopIteration",
        unit: Unitless,
        history: FieldSnapshot(
          min: 0,
          max: 692225,
          unique: 171694,
          histogram: (10734, 10734, 10733, 10732, 10732, 10732, 10732, 10731, 10730, 10730, 10729, 10729, 10729, 10729, 10729, 10729),
        ),
      ),
      FieldSnapshot(
        name: "time",
        unit: FrameTime,
        history: FieldSnapshot(
          min: 0,
          max: 106002824,
          unique: 171694,
          histogram: (10763, 10696, 10805, 10625, 10647, 10735, 10797, 10815, 10752, 10687, 10713, 10751, 10617, 10617, 10842, 10832),
        ),
      ),
      FieldSnapshot(
        name: "axisP[0]",
        unit: Unitless,
        history: FieldSnapshot(
          min: -1581,
          max: 364,
          unique: 1038,
          histogram: (15763, 15551, 46687, 16520, 11019, 9666, 8729, 7563, 6591, 5869, 5326, 5040, 4607, 4407, 4235, 4121),
        ),
      ),
      FieldSnapshot(
        name: "axisP[1]",
        unit: Unitless,
        history: FieldSnapshot(
          min: -1308,
          max: 1969,
          unique: 1400,
          histogram: (66190, 31165, 20318, 13740, 9805, 6840, 5037, 3876, 2988, 2459, 1965, 1746, 1456, 1431, 1430, 1248),
        ),
      ),
      FieldSnapshot(
        name: "axisP[2]",
        unit: Unitless,
        history: FieldSnapshot(
          min: -513,
          max: 580,
          unique: 1092,
          histogram: (16392, 14854, 14456, 40676, 28865, 11341, 8669, 6968, 5892, 4991, 4099, 3687, 3349, 2814, 2539, 2102),
        ),
      ),
      FieldSnapshot(
        name: "axisI[0]",
        unit: Unitless,
        history: FieldSnapshot(
          min: -336,
          max: 347,
          unique: 684,
          histogram: (53067, 8362, 6681, 8154, 6385, 7647, 8043, 8550, 7739, 7949, 8007, 9767, 10035, 8435, 6942, 5931),
        ),
      ),
      FieldSnapshot(
        name: "axisI[1]",
        unit: Unitless,
        history: FieldSnapshot(
          min: -46,
          max: 263,
          unique: 310,
          histogram: (62554, 16454, 10490, 6597, 4656, 6064, 5103, 6217, 6007, 6191, 6414, 5031, 6331, 8856, 6425, 8304),
        ),
      ),
      FieldSnapshot(
        name: "axisI[2]",
        unit: Unitless,
        history: FieldSnapshot(
          min: -243,
          max: 174,
          unique: 418,
          histogram: (53835, 9985, 10587, 8771, 8526, 7545, 6811, 5301, 8225, 8037, 6574, 10268, 6143, 7419, 8040, 5627),
        ),
      ),
      FieldSnapshot(
        name: "axisD[0]",
        unit: Unitless,
        history: FieldSnapshot(
          min: -1808,
          max: 1924,
          unique: 711,
          histogram: (60640, 20516, 17815, 15537, 12452, 10101, 8092, 6387, 5060, 3793, 3068, 2336, 1913, 1614, 1304, 1066),
        ),
      ),
      FieldSnapshot(
        name: "axisD[1]",
        unit: Unitless,
        history: FieldSnapshot(
          min: -3205,
          max: 2667,
          unique: 916,
          histogram: (68135, 26832, 20602, 15544, 11154, 8066, 5537, 3937, 2937, 2181, 1767, 1345, 1175, 956, 830, 696),
        ),
      ),
      FieldSnapshot(
        name: "axisD[2]",
        unit: Unitless,
        history: FieldSnapshot(
          min: -98,
          max: 104,
          unique: 131,
          histogram: (149627, 15042, 3532, 1155, 727, 435, 372, 219, 96, 105, 106, 67, 65, 55, 52, 39),
        ),
      ),
      FieldSnapshot(
        name: "axisF[0]",
        unit: Unitless,
        history: FieldSnapshot(
          min: 0,
          max: 0,
          unique: 1,
        ),
      ),
      FieldSnapshot(
        name: "axisF[1]",
        unit: Unitless,
        history: FieldSnapshot(
          min: 0,
          max: 0,
          unique: 1,
        ),
      ),
      FieldSnapshot(
        name: "axisF[2]",
        unit: Unitless,
        history: FieldSnapshot(
          min: 0,
          max: 0,
          unique: 1,
        ),
      ),
      FieldSnapshot(
        name: "rcCommand[0]",
        unit: Unitless,
        history: FieldSnapshot(
          min: -176,
          max: 87,
          unique: 264,
          histogram: (8577, 4835, 6800, 23467, 71505, 9955, 8449, 7636, 3935, 5431, 3975, 3710, 4840, 3302, 2635, 2642),
        ),
      ),
      FieldSnapshot(
        name: "rcCommand[1]",
        unit: Unitless,
        history: FieldSnapshot(
          min: -137,
          max: 94,
          unique: 232,
          histogram: (42309, 56799, 15042, 7744, 4394, 4666, 4647, 4110, 2634, 4123, 3700, 2871, 6132, 5430, 3046, 4047),
        ),
      ),
      FieldSnapshot(
        name: "rcCommand[2]",
        unit: Unitless,
        history: FieldSnapshot(
          min: -122,
          max: 267,
          unique: 389,
          histogram: (11338, 7444, 5393, 8378, 64058, 19235, 7160, 6369, 5923, 4491, 4582, 5148, 6443, 5381, 5554, 4797),
        ),
      ),
      FieldSnapshot(
        name: "rcCommand[3]",
        unit: Unitless,
        history: FieldSnapshot(
          min: 0,
          max: 1522,
          unique: 508,
          histogram: (4605, 8631, 4890, 4557, 5136, 3318, 4654, 60042, 7286, 5508, 2885, 4644, 15282, 23080, 9243, 7933),
        ),
      ),
      FieldSnapshot(
        name: "setpoint[0]",
        unit: Unitless,
        history: FieldSnapshot(
          min: -94,
          max: 40,
          unique: 135,
          histogram: (10894, 19176, 87333, 6001, 3076, 4453, 5048, 3651, 4277, 6259, 6339, 3160, 4039, 3677, 2102, 2209),
        ),
      ),
      FieldSnapshot(
        name: "setpoint[1]",
        unit: Unitless,
        history: FieldSnapshot(
          min: -68,
          max: 44,
          unique: 113,
          histogram: (89435, 19146, 7268, 6160, 2902, 6616, 5272, 6319, 3321, 3295, 3337, 4060, 3926, 3969, 2647, 4021),
        ),
      ),
      FieldSnapshot(
        name: "setpoint[2]",
        unit: Unitless,
        history: FieldSnapshot(
          min: -59,
          max: 171,
          unique: 231,
          histogram: (8192, 6969, 81091, 10348, 5272, 6942, 8964, 9083, 5873, 5297, 4517, 3571, 3682, 5120, 4008, 2765),
        ),
      ),
      FieldSnapshot(
        name: "setpoint[3]",
        unit: Unitless,
        history: FieldSnapshot(
          min: 0,
          max: 523,
          unique: 505,
          histogram: (63241, 4078, 4478, 3038, 14067, 8048, 23561, 8975, 6048, 5996, 7987, 3487, 5118, 4364, 3669, 5539),
        ),
      ),
      FieldSnapshot(
        name: "gyroADC[0]",
        unit: Rotation,
        history: FieldSnapshot(
          min: -229,
          max: 974,
          unique: 728,
          histogram: (51902, 24393, 18498, 14378, 11382, 8737, 7236, 6148, 5284, 4806, 4117, 3587, 2975, 2786, 2756, 2709),
        ),
      ),
      FieldSnapshot(
        name: "gyroADC[1]",
        unit: Rotation,
        history: FieldSnapshot(
          min: -1060,
          max: 703,
          unique: 892,
          histogram: (57725, 24857, 13695, 9552, 7783, 7245, 6602, 5542, 5079, 4637, 4795, 5504, 5672, 5313, 4354, 3339),
        ),
      ),
      FieldSnapshot(
        name: "gyroADC[2]",
        unit: Rotation,
        history: FieldSnapshot(
          min: -303,
          max: 263,
          unique: 567,
          histogram: (55719, 15588, 12189, 10992, 10355, 9267, 7543, 6117, 6386, 6551, 6864, 6498, 5005, 4437, 4144, 4039),
        ),
      ),
      FieldSnapshot(
        name: "accSmooth[0]",
        unit: Acceleration,
        history: FieldSnapshot(
          min: -10898,
          max: 6599,
          unique: 2060,
          histogram: (10627, 9419, 9628, 9637, 10325, 10227, 9918, 9222, 9028, 8824, 9651, 13033, 13290, 13663, 13583, 11619),
        ),
      ),
      FieldSnapshot(
        name: "accSmooth[1]",
        unit: Acceleration,
        history: FieldSnapshot(
          min: -8977,
          max: 5637,
          unique: 1802,
          histogram: (8473, 9314, 10109, 10104, 10498, 9921, 10551, 12692, 14579, 19364, 12692, 10166, 8654, 8440, 8067, 8070),
        ),
      ),
      FieldSnapshot(
        name: "accSmooth[2]",
        unit: Acceleration,
        history: FieldSnapshot(
          min: -10158,
          max: 10461,
          unique: 3113,
          histogram: (8586, 8262, 8860, 11342, 15400, 18144, 15652, 11748, 9775, 9497, 9650, 9631, 9266, 8759, 8586, 8536),
        ),
      ),
      FieldSnapshot(
        name: "motor[0]",
        unit: Unitless,
        history: FieldSnapshot(
          min: 0,
          max: 1980,
          unique: 879,
          histogram: (8514, 8364, 8278, 8067, 8009, 8138, 7838, 7544, 7384, 7481, 7356, 7483, 7792, 11534, 48974, 8938),
        ),
      ),
      FieldSnapshot(
        name: "motor[1]",
        unit: Unitless,
        history: FieldSnapshot(
          min: 0,
          max: 4294967295,
          unique: 717,
          histogram: (59941, 5599, 5606, 5668, 6664, 14012, 19520, 11122, 6227, 5423, 5445, 5515, 5384, 5145, 5161, 5262),
        ),
      ),
      FieldSnapshot(
        name: "motor[2]",
        unit: Unitless,
        history: FieldSnapshot(
          min: 0,
          max: 4294967295,
          unique: 774,
          histogram: (45070, 18364, 7909, 7679, 7795, 7909, 8216, 7796, 7869, 7712, 7614, 7723, 8838, 7428, 6952, 6820),
        ),
      ),
      FieldSnapshot(
        name: "motor[3]",
        unit: Unitless,
        history: FieldSnapshot(
          min: 0,
          max: 4294967295,
          unique: 583,
          histogram: (91388, 6039, 5676, 5375, 5368, 5402, 5489, 5246, 5384, 5233, 5043, 5058, 5132, 5099, 5408, 5354),
        ),
      ),
      FieldSnapshot(
        name: "flightModeFlags",
        unit: FlightMode,
        history: {
          "Arm": 171693,
          "ThreeD": 171693,
        },
      ),
      FieldSnapshot(
        name: "stateFlags",
        unit: State,
        history: {},
      ),
      FieldSnapshot(
        name: "failsafePhase",
        unit: FailsafePhase,
        history: {},
      ),
      FieldSnapshot(
        name: "rxSignalReceived",
        unit: Boolean,
        history: History(
          yes: 171693,
          no: 0,
        ),
      ),
      FieldSnapshot(
        name: "rxFlightChannelsValid",
        unit: Boolean,
        history: History(
          yes: 171693,
          no: 0,
        ),
      ),
    ]),
  )),
]
