---
source: blackbox-log/tests/snapshots.rs
expression: logs
input_file: blackbox-log/tests/logs/error-recovery.bbl
---
[
  Ok(LogSnapshot(
    headers: Headers(
      version: V2,
      firmware_revision: "Betaflight 4.2.11 (948ba6339) STM32F7X2",
      firmware_kind: Betaflight,
      board_info: Some("ZEEZ ZEEZF7V2"),
      craft_name: None,
      vbat: Some(VbatConfig(
        reference: 2466,
        scale: 110,
      )),
      current_meter: Some(CurrentMeterConfig(
        offset: 0,
        scale: 250,
      )),
      acceleration_1g: Some(2048),
      gyro_scale: Some(0.017453292),
      min_throttle: Some(1070),
      motor_output_range: Some(MotorOutputRange(158, 2047)),
    ),
    stats: Stats(
      counts: FrameCounts(
        main: 2,
        slow: 1,
        gps: 0,
        gps_home: 0,
      ),
    ),
    events: [
      SyncBeep(32887122),
      Disarm(4),
      End,
    ],
    main: Fields([
      FieldSnapshot(
        name: "loopIteration",
        unit: Unitless,
        history: FieldSnapshot(
          min: 0,
          max: 256,
          unique: 2,
          histogram: (2, 0, 0, 0, 0, 0, 0, 0, 0, 0, 0, 0, 0, 0, 0, 0),
        ),
      ),
      FieldSnapshot(
        name: "time",
        unit: FrameTime,
        history: FieldSnapshot(
          min: 0,
          max: 33043646,
          unique: 2,
          histogram: (0, 0, 0, 0, 0, 0, 0, 0, 0, 0, 0, 0, 0, 0, 1, 1),
        ),
      ),
      FieldSnapshot(
        name: "axisP[0]",
        unit: Unitless,
        history: FieldSnapshot(
          min: 0,
          max: 0,
          unique: 1,
        ),
      ),
      FieldSnapshot(
        name: "axisP[1]",
        unit: Unitless,
        history: FieldSnapshot(
          min: -2,
          max: 0,
          unique: 2,
          histogram: (1, 0, 1, 0, 0, 0, 0, 0, 0, 0, 0, 0, 0, 0, 0, 0),
        ),
      ),
      FieldSnapshot(
        name: "axisP[2]",
        unit: Unitless,
        history: FieldSnapshot(
          min: 0,
          max: 0,
          unique: 1,
        ),
      ),
      FieldSnapshot(
        name: "axisI[0]",
        unit: Unitless,
        history: FieldSnapshot(
          min: 0,
          max: 0,
          unique: 1,
        ),
      ),
      FieldSnapshot(
        name: "axisI[1]",
        unit: Unitless,
        history: FieldSnapshot(
          min: 0,
          max: 0,
          unique: 1,
        ),
      ),
      FieldSnapshot(
        name: "axisI[2]",
        unit: Unitless,
        history: FieldSnapshot(
          min: 0,
          max: 0,
          unique: 1,
        ),
      ),
      FieldSnapshot(
        name: "axisD[0]",
        unit: Unitless,
        history: FieldSnapshot(
          min: -1,
          max: 0,
          unique: 2,
          histogram: (1, 1, 0, 0, 0, 0, 0, 0, 0, 0, 0, 0, 0, 0, 0, 0),
        ),
      ),
      FieldSnapshot(
        name: "axisD[1]",
        unit: Unitless,
        history: FieldSnapshot(
          min: -3,
          max: 0,
          unique: 2,
          histogram: (1, 0, 0, 1, 0, 0, 0, 0, 0, 0, 0, 0, 0, 0, 0, 0),
        ),
      ),
      FieldSnapshot(
        name: "axisF[0]",
        unit: Unitless,
        history: FieldSnapshot(
          min: 0,
          max: 0,
          unique: 1,
        ),
      ),
      FieldSnapshot(
        name: "axisF[1]",
        unit: Unitless,
        history: FieldSnapshot(
          min: 0,
          max: 0,
          unique: 1,
        ),
      ),
      FieldSnapshot(
        name: "axisF[2]",
        unit: Unitless,
        history: FieldSnapshot(
          min: 0,
          max: 0,
          unique: 1,
        ),
      ),
      FieldSnapshot(
        name: "rcCommand[0]",
        unit: Unitless,
        history: FieldSnapshot(
          min: 0,
          max: 0,
          unique: 1,
        ),
      ),
      FieldSnapshot(
        name: "rcCommand[1]",
        unit: Unitless,
        history: FieldSnapshot(
          min: 0,
          max: 0,
          unique: 1,
        ),
      ),
      FieldSnapshot(
        name: "rcCommand[2]",
        unit: Unitless,
        history: FieldSnapshot(
          min: 0,
          max: 1,
          unique: 1,
        ),
      ),
      FieldSnapshot(
        name: "rcCommand[3]",
        unit: Unitless,
        history: FieldSnapshot(
          min: 0,
          max: 1000,
          unique: 1,
        ),
      ),
      FieldSnapshot(
        name: "setpoint[0]",
        unit: Unitless,
        history: FieldSnapshot(
          min: 0,
          max: 0,
          unique: 1,
        ),
      ),
      FieldSnapshot(
        name: "setpoint[1]",
        unit: Unitless,
        history: FieldSnapshot(
          min: 0,
          max: 0,
          unique: 1,
        ),
      ),
      FieldSnapshot(
        name: "setpoint[2]",
        unit: Unitless,
        history: FieldSnapshot(
          min: 0,
          max: 0,
          unique: 1,
        ),
      ),
      FieldSnapshot(
        name: "setpoint[3]",
        unit: Unitless,
        history: FieldSnapshot(
          min: 0,
          max: 0,
          unique: 1,
        ),
      ),
      FieldSnapshot(
        name: "vbatLatest",
        unit: Voltage,
        history: FieldSnapshot(
          min: 0,
          max: 21833,
          unique: 2,
          histogram: (0, 0, 0, 0, 0, 0, 1, 0, 0, 1, 0, 0, 0, 0, 0, 0),
        ),
      ),
      FieldSnapshot(
        name: "amperageLatest",
        unit: Amperage,
        history: FieldSnapshot(
          min: 0,
          max: 2450,
          unique: 2,
          histogram: (1, 0, 1, 0, 0, 0, 0, 0, 0, 0, 0, 0, 0, 0, 0, 0),
        ),
      ),
      FieldSnapshot(
        name: "BaroAlt",
        unit: Unitless,
        history: FieldSnapshot(
          min: 0,
          max: 279,
          unique: 2,
          histogram: (0, 1, 0, 0, 0, 0, 0, 1, 0, 0, 0, 0, 0, 0, 0, 0),
        ),
      ),
      FieldSnapshot(
        name: "rssi",
        unit: Unitless,
        history: FieldSnapshot(
          min: 0,
          max: 774,
          unique: 1,
        ),
      ),
      FieldSnapshot(
        name: "gyroADC[0]",
        unit: Rotation,
        history: FieldSnapshot(
          min: 0,
          max: 0,
          unique: 1,
        ),
      ),
      FieldSnapshot(
        name: "gyroADC[1]",
        unit: Rotation,
        history: FieldSnapshot(
          min: 0,
          max: 1,
          unique: 2,
          histogram: (1, 1, 0, 0, 0, 0, 0, 0, 0, 0, 0, 0, 0, 0, 0, 0),
        ),
      ),
      FieldSnapshot(
        name: "gyroADC[2]",
        unit: Rotation,
        history: FieldSnapshot(
          min: 0,
          max: 0,
          unique: 1,
        ),
      ),
      FieldSnapshot(
        name: "accSmooth[0]",
        unit: Acceleration,
        history: FieldSnapshot(
          min: -21,
          max: 0,
          unique: 2,
          histogram: (0, 0, 0, 1, 0, 1, 0, 0, 0, 0, 0, 0, 0, 0, 0, 0),
        ),
      ),
      FieldSnapshot(
        name: "accSmooth[1]",
        unit: Acceleration,
        history: FieldSnapshot(
          min: -19,
          max: 0,
          unique: 2,
          histogram: (0, 0, 0, 1, 0, 0, 0, 0, 0, 1, 0, 0, 0, 0, 0, 0),
        ),
      ),
      FieldSnapshot(
        name: "accSmooth[2]",
        unit: Acceleration,
        history: FieldSnapshot(
          min: 0,
          max: 984,
          unique: 2,
          histogram: (0, 0, 0, 0, 0, 0, 1, 0, 1, 0, 0, 0, 0, 0, 0, 0),
        ),
      ),
      FieldSnapshot(
        name: "motor[0]",
        unit: Unitless,
        history: FieldSnapshot(
          min: 0,
          max: 169,
          unique: 2,
          histogram: (0, 0, 0, 0, 0, 0, 0, 0, 0, 1, 0, 0, 0, 0, 1, 0),
        ),
      ),
      FieldSnapshot(
        name: "motor[1]",
        unit: Unitless,
        history: FieldSnapshot(
          min: 0,
          max: 183,
          unique: 2,
          histogram: (0, 0, 0, 0, 0, 1, 0, 1, 0, 0, 0, 0, 0, 0, 0, 0),
        ),
      ),
      FieldSnapshot(
        name: "motor[2]",
        unit: Unitless,
        history: FieldSnapshot(
          min: 0,
          max: 161,
          unique: 2,
          histogram: (0, 1, 0, 0, 0, 0, 0, 0, 0, 0, 0, 0, 0, 0, 0, 1),
        ),
      ),
      FieldSnapshot(
        name: "motor[3]",
        unit: Unitless,
        history: FieldSnapshot(
          min: 0,
          max: 183,
          unique: 2,
          histogram: (0, 0, 0, 0, 0, 0, 0, 1, 0, 0, 0, 0, 0, 1, 0, 0),
        ),
      ),
      FieldSnapshot(
        name: "flightModeFlags",
        unit: FlightMode,
        history: {},
      ),
      FieldSnapshot(
        name: "stateFlags",
        unit: State,
        history: {},
      ),
      FieldSnapshot(
        name: "failsafePhase",
        unit: FailsafePhase,
        history: {},
      ),
      FieldSnapshot(
        name: "rxSignalReceived",
        unit: Boolean,
        history: History(
          yes: 0,
          no: 0,
        ),
      ),
      FieldSnapshot(
        name: "rxFlightChannelsValid",
        unit: Boolean,
        history: History(
          yes: 0,
          no: 0,
        ),
      ),
    ]),
    gps: Fields([]),
  )),
]
