---
source: tests/snapshots.rs
expression: snapshot
input_file: ".modules/fc-blackbox/src/test-data/LOG00037.BFL"
---
FileSnapshot(
  count: 1,
  logs: [
    Ok(LogSnapshot(
      headers: Headers(
        firmware_revision: "Betaflight 4.2.0 (8f2d21460) STM32F745",
        firmware: Betaflight("4.2.0"),
        board_info: Some("HBRO KAKUTEF7"),
        craft_name: Some("AR8"),
        debug_mode: GyroScaled,
        disabled_fields: [],
        features: [
          RxSerial,
          MotorStop,
          Gps,
          Osd,
          AirMode,
          AntiGravity,
        ],
        vbat_reference: Some(2277),
        acceleration_1g: Some(2048),
        gyro_scale: Some(0.017453292),
        min_throttle: Some(1070),
        motor_output_range: Some(MotorOutputRange(
          min: 158,
          max: 2047,
        )),
        unknown: {
          "dyn_notch_width_percent": "0",
          "rc_smoothing_active_cutoffs": "60, 80",
          "acc_hardware": "0",
          "deadband": "0",
          "tpa_rate": "65",
          "rc_smoothing_cutoffs": "0, 0",
          "gyro_lowpass2_type": "0",
          "rate_limits": "1998,1998,1998",
          "dterm_notch_cutoff": "0",
          "pid_process_denom": "1",
          "gyro_cal_on_first_arm": "0",
          "yaw_lowpass_hz": "70",
          "acc_limit_yaw": "0",
          "dyn_notch_max_hz": "350",
          "yaw_deadband": "0",
          "mag_hardware": "0",
          "maxthrottle": "2000",
          "vbat_pid_gain": "0",
          "I interval": "256",
          "dterm_lowpass_dyn_hz": "84,204",
          "use_integrated_yaw": "0",
          "dshot_bidir": "1",
          "ff_boost": "0",
          "gyro_sync_denom": "1",
          "rpm_notch_lpf": "150",
          "rc_smoothing_filter_type": "1, 1",
          "serialrx_provider": "9",
          "dshot_idle_value": "550",
          "feedforward_weight": "139,147,139",
          "d_min_advance": "20",
          "rc_smoothing_debug_axis": "0",
          "gyro_rpm_notch_q": "800",
          "rc_interpolation_channels": "2",
          "dterm_filter2_type": "0",
          "ff_interpolate_sp": "3",
          "gyro_lowpass_type": "0",
          "Log start datetime": "2022-02-02T15:04:53.139+00:00",
          "dterm_filter_type": "0",
          "vbatcellvoltage": "330,350,430",
          "anti_gravity_mode": "0",
          "rc_interpolation_interval": "19",
          "rc_smoothing_type": "1",
          "iterm_relax": "1",
          "gyro_rpm_notch_harmonics": "3",
          "rc_interpolation": "2",
          "tpa_breakpoint": "1350",
          "d_min_gain": "37",
          "dterm_lowpass_hz": "150",
          "rates": "62,62,65",
          "iterm_relax_cutoff": "10",
          "d_min": "55,59,0",
          "acc_limit": "0",
          "ff_spike_limit": "55",
          "ff_max_rate_limit": "100",
          "gyro_lowpass_hz": "200",
          "gyro_notch_hz": "0,0",
          "anti_gravity_threshold": "250",
          "acc_lpf_hz": "1000",
          "baro_hardware": "0",
          "motor_pwm_protocol": "7",
          "rc_rates": "100,100,100",
          "pidAtMinThrottle": "1",
          "pitchPID": "84,126,90",
          "magPID": "40",
          "P interval": "8",
          "pidsum_limit_yaw": "1000",
          "pidsum_limit": "1000",
          "rates_type": "0",
          "Firmware date": "Jun 14 2020 03:05:04",
          "dyn_notch_min_hz": "125",
          "iterm_relax_type": "1",
          "dterm_rpm_notch_min": "100",
          "gyro_lowpass_dyn_hz": "240,600",
          "motor_pwm_rate": "480",
          "thr_mid": "50",
          "dyn_notch_q": "250",
          "dterm_notch_hz": "0",
          "feedforward_transition": "40",
          "gyro_rpm_notch_min": "100",
          "rollPID": "77,119,83",
          "thr_expo": "0",
          "looptime": "125",
          "yawPID": "83,126,0",
          "levelPID": "50,50,75",
          "rc_expo": "30,30,20",
          "dterm_rpm_notch_harmonics": "0",
          "airmode_activate_throttle": "25",
          "P ratio": "32",
          "anti_gravity_gain": "10000",
          "gyro_hardware_lpf": "0",
          "dterm_lowpass2_hz": "180",
          "use_unsynced_pwm": "0",
          "rc_smoothing_rx_average": "6722",
          "dterm_rpm_notch_q": "500",
          "iterm_windup": "70",
          "abs_control_gain": "0",
          "gyro_notch_cutoff": "0,0",
          "rc_smoothing_auto_factor": "20",
          "gyro_lowpass2_hz": "300",
        },
      ),
      stats: Stats(
        counts: FrameCounts(
          event: 3,
          main: 16774,
          slow: 3,
          gps: 86,
          gps_home: 1,
        ),
      ),
      capped: false,
      events: [
        SyncBeep(451840837),
        Disarm(4),
        End(
          disarm_reason: None,
        ),
      ],
      main: MainSnapshot(
        count: 16774,
        last_iteration: 134149,
        time: FieldSnapshot(
          min: 0,
          max: 469230773,
          unique: 16774,
          histogram: (1070, 1082, 1113, 945, 1091, 677, 1378, 1050, 1048, 1050, 1119, 951, 1102, 684, 1362, 1052),
        ),
        fields: Fields([
          FieldSnapshot(
            name: "axisP[0]",
            unit: Unitless,
            history: FieldSnapshot(
              min: -49,
              max: 80,
              unique: 89,
              histogram: (3977, 3227, 2530, 1824, 1341, 960, 672, 541, 367, 292, 243, 241, 192, 184, 117, 66),
            ),
          ),
          FieldSnapshot(
            name: "axisP[1]",
            unit: Unitless,
            history: FieldSnapshot(
              min: -583,
              max: 284,
              unique: 198,
              histogram: (3662, 2960, 2170, 1506, 1171, 918, 826, 697, 614, 532, 421, 398, 316, 223, 181, 179),
            ),
          ),
          FieldSnapshot(
            name: "axisP[2]",
            unit: Unitless,
            history: FieldSnapshot(
              min: -73,
              max: 23,
              unique: 72,
              histogram: (6030, 4391, 2658, 1541, 916, 496, 243, 160, 95, 69, 49, 42, 32, 14, 22, 16),
            ),
          ),
          FieldSnapshot(
            name: "axisI[0]",
            unit: Unitless,
            history: FieldSnapshot(
              min: -50,
              max: 11,
              unique: 62,
              histogram: (1888, 864, 1203, 1858, 1494, 1409, 1772, 1633, 1183, 799, 506, 377, 347, 416, 483, 542),
            ),
          ),
          FieldSnapshot(
            name: "axisI[1]",
            unit: Unitless,
            history: FieldSnapshot(
              min: -251,
              max: 92,
              unique: 195,
              histogram: (1567, 839, 1346, 1352, 1610, 2571, 1943, 1133, 1053, 942, 765, 460, 403, 306, 258, 226),
            ),
          ),
          FieldSnapshot(
            name: "axisI[2]",
            unit: Unitless,
            history: FieldSnapshot(
              min: -61,
              max: 44,
              unique: 101,
              histogram: (2713, 1770, 2205, 1936, 1969, 1962, 1453, 906, 614, 476, 231, 146, 131, 104, 64, 94),
            ),
          ),
          FieldSnapshot(
            name: "axisD[0]",
            unit: Unitless,
            history: FieldSnapshot(
              min: -122,
              max: 192,
              unique: 106,
              histogram: (3422, 3001, 2709, 2042, 1647, 1219, 864, 605, 405, 274, 181, 124, 95, 72, 60, 54),
            ),
          ),
          FieldSnapshot(
            name: "axisD[1]",
            unit: Unitless,
            history: FieldSnapshot(
              min: -893,
              max: 526,
              unique: 140,
              histogram: (3571, 3196, 2698, 2045, 1537, 1019, 742, 592, 384, 265, 225, 163, 137, 85, 69, 46),
            ),
          ),
          FieldSnapshot(
            name: "axisF[0]",
            unit: Unitless,
            history: FieldSnapshot(
              min: -1,
              max: 3,
              unique: 5,
              histogram: (16419, 312, 23, 20, 0, 0, 0, 0, 0, 0, 0, 0, 0, 0, 0, 0),
            ),
          ),
          FieldSnapshot(
            name: "axisF[1]",
            unit: Unitless,
            history: FieldSnapshot(
              min: -2,
              max: 2,
              unique: 5,
              histogram: (16269, 436, 69, 0, 0, 0, 0, 0, 0, 0, 0, 0, 0, 0, 0, 0),
            ),
          ),
          FieldSnapshot(
            name: "axisF[2]",
            unit: Unitless,
            history: FieldSnapshot(
              min: -7,
              max: 1,
              unique: 9,
              histogram: (16539, 190, 9, 5, 4, 7, 6, 14, 0, 0, 0, 0, 0, 0, 0, 0),
            ),
          ),
          FieldSnapshot(
            name: "rcCommand[0]",
            unit: Unitless,
            history: FieldSnapshot(
              min: -85,
              max: 98,
              unique: 184,
              histogram: (7414, 1242, 544, 800, 613, 687, 543, 740, 459, 576, 617, 375, 495, 652, 456, 561),
            ),
          ),
          FieldSnapshot(
            name: "rcCommand[1]",
            unit: Unitless,
            history: FieldSnapshot(
              min: -76,
              max: 111,
              unique: 188,
              histogram: (985, 1079, 802, 6789, 1319, 736, 625, 703, 404, 426, 512, 361, 500, 675, 405, 453),
            ),
          ),
          FieldSnapshot(
            name: "rcCommand[2]",
            unit: Unitless,
            history: FieldSnapshot(
              min: -96,
              max: 78,
              unique: 175,
              histogram: (1443, 4241, 1232, 1963, 1109, 883, 532, 1212, 382, 529, 531, 402, 627, 880, 407, 401),
            ),
          ),
          FieldSnapshot(
            name: "rcCommand[3]",
            unit: Unitless,
            history: FieldSnapshot(
              min: 0,
              max: 1948,
              unique: 754,
              histogram: (950, 850, 794, 582, 880, 1324, 1449, 765, 2428, 798, 642, 1286, 1288, 986, 1004, 748),
            ),
          ),
          FieldSnapshot(
            name: "setpoint[0]",
            unit: Unitless,
            history: FieldSnapshot(
              min: -27,
              max: 31,
              unique: 59,
              histogram: (7432, 1193, 766, 794, 914, 1184, 696, 694, 702, 494, 374, 452, 345, 197, 292, 245),
            ),
          ),
          FieldSnapshot(
            name: "setpoint[1]",
            unit: Unitless,
            history: FieldSnapshot(
              min: -23,
              max: 36,
              unique: 60,
              histogram: (1359, 8165, 935, 851, 907, 857, 890, 535, 486, 322, 264, 225, 225, 218, 313, 222),
            ),
          ),
          FieldSnapshot(
            name: "setpoint[2]",
            unit: Unitless,
            history: FieldSnapshot(
              min: -35,
              max: 28,
              unique: 64,
              histogram: (4666, 3142, 1700, 827, 1018, 856, 562, 972, 673, 351, 248, 497, 393, 253, 283, 333),
            ),
          ),
          FieldSnapshot(
            name: "setpoint[3]",
            unit: Unitless,
            history: FieldSnapshot(
              min: 0,
              max: 965,
              unique: 729,
              histogram: (2417, 759, 774, 1271, 1280, 956, 958, 686, 926, 823, 796, 690, 911, 1293, 1345, 889),
            ),
          ),
          FieldSnapshot(
            name: "vbatLatest",
            unit: Voltage,
            history: FieldSnapshot(
              min: 0,
              max: 22810,
              unique: 140,
              histogram: (1776, 0, 2268, 0, 2050, 0, 2151, 0, 2643, 0, 1976, 0, 1776, 0, 2134, 0),
            ),
          ),
          FieldSnapshot(
            name: "amperageLatest",
            unit: Amperage,
            history: FieldSnapshot(
              min: 0,
              max: 119780,
              unique: 591,
              histogram: (3455, 0, 2868, 0, 3594, 0, 1300, 0, 1245, 0, 1358, 0, 1199, 0, 1755, 0),
            ),
          ),
          FieldSnapshot(
            name: "magADC[0]",
            unit: Unitless,
            history: FieldSnapshot(
              min: -740,
              max: 292,
              unique: 117,
              histogram: (1282, 791, 1282, 1677, 984, 786, 1185, 493, 1084, 591, 592, 1480, 1427, 984, 852, 1284),
            ),
          ),
          FieldSnapshot(
            name: "magADC[1]",
            unit: Unitless,
            history: FieldSnapshot(
              min: -66,
              max: 947,
              unique: 126,
              histogram: (1480, 395, 985, 888, 1382, 1775, 393, 982, 1679, 951, 1476, 987, 689, 1184, 639, 889),
            ),
          ),
          FieldSnapshot(
            name: "magADC[2]",
            unit: Unitless,
            history: FieldSnapshot(
              min: 0,
              max: 2576,
              unique: 123,
              histogram: (1187, 1281, 1084, 788, 493, 690, 1084, 1133, 885, 1085, 1149, 1579, 1084, 1182, 788, 1282),
            ),
          ),
          FieldSnapshot(
            name: "BaroAlt",
            unit: Unitless,
            history: FieldSnapshot(
              min: -656,
              max: 289,
              unique: 255,
              histogram: (914, 419, 1376, 979, 1014, 716, 1506, 2241, 690, 1057, 689, 839, 1078, 568, 1652, 1036),
            ),
          ),
          FieldSnapshot(
            name: "rssi",
            unit: Unitless,
            history: FieldSnapshot(
              min: 0,
              max: 1023,
              unique: 1,
            ),
          ),
          FieldSnapshot(
            name: "gyroADC[0]",
            unit: Rotation,
            history: FieldSnapshot(
              min: -30,
              max: 37,
              unique: 68,
              histogram: (3820, 3984, 1450, 956, 904, 827, 664, 694, 672, 574, 486, 512, 415, 386, 236, 194),
            ),
          ),
          FieldSnapshot(
            name: "gyroADC[1]",
            unit: Rotation,
            history: FieldSnapshot(
              min: -120,
              max: 197,
              unique: 136,
              histogram: (3222, 4965, 1926, 1212, 953, 853, 674, 705, 501, 361, 324, 194, 254, 317, 134, 179),
            ),
          ),
          FieldSnapshot(
            name: "gyroADC[2]",
            unit: Rotation,
            history: FieldSnapshot(
              min: -43,
              max: 28,
              unique: 72,
              histogram: (3436, 3829, 1941, 1067, 995, 946, 739, 901, 532, 342, 394, 391, 383, 347, 280, 251),
            ),
          ),
          FieldSnapshot(
            name: "accSmooth[0]",
            unit: Acceleration,
            history: FieldSnapshot(
              min: -716,
              max: 566,
              unique: 387,
              histogram: (1225, 1347, 1365, 1242, 1167, 1179, 1050, 1114, 911, 921, 848, 1041, 817, 874, 876, 797),
            ),
          ),
          FieldSnapshot(
            name: "accSmooth[1]",
            unit: Acceleration,
            history: FieldSnapshot(
              min: -414,
              max: 34,
              unique: 222,
              histogram: (923, 914, 881, 921, 1025, 937, 1047, 990, 1171, 1135, 1131, 1371, 1123, 1119, 1023, 1063),
            ),
          ),
          FieldSnapshot(
            name: "accSmooth[2]",
            unit: Acceleration,
            history: FieldSnapshot(
              min: 0,
              max: 3614,
              unique: 1680,
              histogram: (1014, 1025, 993, 1109, 1029, 1032, 1136, 1042, 1267, 1083, 1062, 976, 995, 1004, 1007, 1000),
            ),
          ),
          FieldSnapshot(
            name: "debug[0]",
            unit: Unitless,
            history: FieldSnapshot(
              min: -33,
              max: 45,
              unique: 75,
              histogram: (1936, 3360, 2413, 1737, 1282, 1004, 844, 693, 642, 568, 541, 477, 373, 356, 294, 254),
            ),
          ),
          FieldSnapshot(
            name: "debug[1]",
            unit: Unitless,
            history: FieldSnapshot(
              min: -125,
              max: 214,
              unique: 141,
              histogram: (2061, 3251, 2580, 1998, 1631, 1159, 906, 702, 534, 392, 362, 301, 294, 224, 222, 157),
            ),
          ),
          FieldSnapshot(
            name: "debug[2]",
            unit: Unitless,
            history: FieldSnapshot(
              min: -54,
              max: 33,
              unique: 83,
              histogram: (1684, 2803, 2474, 1983, 1642, 1230, 902, 707, 604, 544, 466, 435, 380, 329, 307, 284),
            ),
          ),
          FieldSnapshot(
            name: "debug[3]",
            unit: Unitless,
            history: FieldSnapshot(
              min: 0,
              max: 0,
              unique: 1,
            ),
          ),
          FieldSnapshot(
            name: "motor[0]",
            unit: Unitless,
            history: FieldSnapshot(
              min: 0,
              max: 2047,
              unique: 1172,
              histogram: (1017, 999, 1034, 981, 1050, 1026, 1033, 1022, 1030, 1069, 1075, 1066, 1133, 1045, 1112, 1082),
            ),
          ),
          FieldSnapshot(
            name: "motor[1]",
            unit: Unitless,
            history: FieldSnapshot(
              min: 0,
              max: 2044,
              unique: 1193,
              histogram: (1078, 1056, 985, 1017, 983, 1077, 1030, 1067, 1009, 989, 1020, 1103, 1023, 1192, 1083, 1062),
            ),
          ),
          FieldSnapshot(
            name: "motor[2]",
            unit: Unitless,
            history: FieldSnapshot(
              min: 0,
              max: 1901,
              unique: 1153,
              histogram: (1057, 1042, 1023, 1079, 1035, 1038, 979, 1029, 1048, 1058, 1051, 1037, 1096, 1126, 1069, 1007),
            ),
          ),
          FieldSnapshot(
            name: "motor[3]",
            unit: Unitless,
            history: FieldSnapshot(
              min: 0,
              max: 2052,
              unique: 1190,
              histogram: (1032, 1067, 1018, 1055, 1030, 1063, 997, 1030, 1048, 1040, 1044, 1088, 1201, 1049, 1013, 999),
            ),
          ),
        ]),
      ),
      slow: SlowSnapshot(
        count: 3,
        fields: Fields([
          FieldSnapshot(
            name: "flightModeFlags",
            unit: FlightMode,
            history: {
              "ARM": 3,
              "BLACKBOX": 3,
            },
          ),
          FieldSnapshot(
            name: "stateFlags",
            unit: State,
            history: {
              "GPS_FIX": 3,
              "GPS_FIX_HOME": 3,
            },
          ),
          FieldSnapshot(
            name: "failsafePhase",
            unit: FailsafePhase,
            history: {
              "IDLE": 3,
            },
          ),
          FieldSnapshot(
            name: "rxSignalReceived",
            unit: Boolean,
            history: History(
              yes: 3,
              no: 0,
            ),
          ),
          FieldSnapshot(
            name: "rxFlightChannelsValid",
            unit: Boolean,
            history: History(
              yes: 3,
              no: 0,
            ),
          ),
        ]),
      ),
      gps: GpsSnapshot(
        count: 86,
        time: (),
        fields: Fields([
          FieldSnapshot(
            name: "GPS_numSat",
            unit: Unitless,
            history: FieldSnapshot(
              min: 0,
              max: 8,
              unique: 1,
            ),
          ),
          FieldSnapshot(
            name: "GPS_coord[0]",
            unit: GpsCoordinate,
            history: FieldSnapshot(
              min: 0,
              max: 503976202,
              unique: 84,
              histogram: (9, 4, 7, 5, 2, 5, 6, 3, 5, 3, 7, 6, 8, 6, 5, 5),
            ),
          ),
          FieldSnapshot(
            name: "GPS_coord[1]",
            unit: GpsCoordinate,
            history: FieldSnapshot(
              min: 0,
              max: 74973158,
              unique: 82,
              histogram: (4, 9, 4, 13, 7, 3, 4, 6, 4, 5, 7, 1, 4, 7, 5, 3),
            ),
          ),
          FieldSnapshot(
            name: "GPS_altitude",
            unit: Altitude,
            history: FieldSnapshot(
              min: 0,
              max: 665,
              unique: 42,
              histogram: (7, 5, 4, 6, 2, 4, 8, 11, 8, 6, 3, 3, 5, 4, 5, 5),
            ),
          ),
          FieldSnapshot(
            name: "GPS_speed",
            unit: Velocity,
            history: FieldSnapshot(
              min: 0,
              max: 266,
              unique: 60,
              histogram: (2, 5, 2, 7, 8, 4, 7, 9, 4, 7, 4, 4, 8, 3, 7, 5),
            ),
          ),
          FieldSnapshot(
            name: "GPS_ground_course",
            unit: GpsHeading,
            history: FieldSnapshot(
              min: 0,
              max: 879,
              unique: 58,
              histogram: (5, 8, 4, 3, 4, 4, 3, 5, 5, 3, 3, 6, 6, 10, 1, 16),
            ),
          ),
        ]),
      ),
    )),
  ],
)
