---
source: tests/snapshots.rs
expression: snapshot
input_file: ".modules/fc-blackbox/src/test-data/LOG00004.TXT"
---
FileSnapshot(
  count: 1,
  logs: [
    Ok(LogSnapshot(
      headers: Headers(
        firmware_revision: "INAV 3.0.1 (753c4479) MATEKF405SE",
        firmware: Inav("3.0.1"),
        board_info: None,
        craft_name: Some(":WDTE"),
        debug_mode: None,
        disabled_fields: [],
        features: [
          ThrottleVbatCompensation,
          Vbat,
          BatProfileAutoswitch,
          MotorStop,
          Gps,
          Telemetry,
          CurrentMeter,
          Blackbox,
          AirMode,
          PwmOutputEnable,
          Osd,
          FwAutotrim,
        ],
        vbat_reference: Some(1646),
        acceleration_1g: Some(2048),
        gyro_scale: Some(0.017453292),
        min_throttle: Some(1042),
        motor_output_range: Some(MotorOutputRange(
          min: 1042,
          max: 1850,
        )),
        unknown: {
          "yaw_lpf_hz": "30",
          "deadband": "5",
          "tpa_rate": "0",
          "acc_hardware": "7",
          "pidSumLimitYaw": "350",
          "posPID": "50,5,8",
          "axisAccelerationLimitYaw": "10000",
          "rpm_gyro_filter_enabled": "0",
          "mag_hardware": "0",
          "altPID": "30,10,10",
          "yaw_deadband": "5",
          "gyro_lpf_hz": "25",
          "dynamicGyroNotchQ": "250",
          "maxthrottle": "1850",
          "I interval": "32",
          "serialrx_provider": "9",
          "acc_notch_cutoff": "1",
          "dterm_lpf_type": "1",
          "waypoints": "0,0",
          "Log start datetime": "2021-08-28T12:07:01.109+00:00",
          "dterm_lpf2_type": "1",
          "vbatcellvoltage": "28,30,42",
          "acc_notch_hz": "0",
          "tpa_breakpoint": "1500",
          "pidSumLimit": "500",
          "rates": "36,16,10",
          "velPID": "0,0,0",
          "gyro_notch_hz": "0,0",
          "baro_hardware": "4",
          "motor_pwm_protocol": "0",
          "gyro_lpf": "4",
          "acc_lpf_hz": "15",
          "rpm_gyro_q": "500",
          "axisAccelerationLimitRollPitch": "0",
          "pitchPID": "13,28,0",
          "magPID": "60",
          "P interval": "1/2",
          "posrPID": "0,0,0",
          "rc_rate": "100",
          "Firmware date": "Jul  4 2021 14:17:22",
          "motor_pwm_rate": "400",
          "dterm_lpf_hz": "40",
          "rpm_gyro_min_hz": "100",
          "gyro_lpf_type": "1",
          "thr_mid": "50",
          "dynamicGyroNotchRange": "1",
          "rollPID": "5,8,0",
          "looptime": "1000",
          "thr_expo": "0",
          "yawPID": "20,5,0",
          "levelPID": "20,5,75",
          "rc_expo": "70",
          "dterm_lpf2_hz": "0",
          "rc_yaw_expo": "70",
          "dynamicGyroNotchMinHz": "30",
          "gyro_notch_cutoff": "1,1",
          "rpm_gyro_harmonics": "1",
        },
      ),
      stats: Stats(
        counts: FrameCounts(
          event: 9,
          main: 195300,
          slow: 650,
          gps: 4041,
          gps_home: 97,
        ),
      ),
      capped: true,
      events: [
        SyncBeep(110912419),
        FlightMode(
          flags: 1,
          last_flags: 16387,
        ),
        FlightMode(
          flags: 1025,
          last_flags: 1,
        ),
        FlightMode(
          flags: 1,
          last_flags: 1025,
        ),
        FlightMode(
          flags: 2305,
          last_flags: 1,
        ),
        FlightMode(
          flags: 1,
          last_flags: 2305,
        ),
        FlightMode(
          flags: 16387,
          last_flags: 1,
        ),
        FlightMode(
          flags: 1,
          last_flags: 16387,
        ),
        FlightMode(
          flags: 268435457,
          last_flags: 1,
        ),
      ],
      main: MainSnapshot(
        count: 195300,
        last_iteration: 390595,
        time: FieldSnapshot(
          min: 0,
          max: 504339886,
          unique: 195300,
          histogram: (12223, 12241, 12348, 12128, 12195, 12193, 12441, 12054, 12123, 12141, 12082, 12191, 12155, 12307, 12420, 12058),
        ),
        fields: Fields([
          FieldSnapshot(
            name: "axisRate[0]",
            unit: Unitless,
            history: FieldSnapshot(
              min: -331,
              max: 360,
              unique: 345,
              histogram: (64085, 10140, 13943, 8668, 10836, 11356, 7123, 11923, 6592, 6968, 9793, 6022, 9370, 6367, 5280, 6834),
            ),
          ),
          FieldSnapshot(
            name: "axisRate[1]",
            unit: Unitless,
            history: FieldSnapshot(
              min: -153,
              max: 138,
              unique: 292,
              histogram: (100292, 17351, 13220, 10854, 9209, 7457, 6858, 6280, 5193, 3220, 2737, 4795, 2290, 1853, 1948, 1743),
            ),
          ),
          FieldSnapshot(
            name: "axisRate[2]",
            unit: Unitless,
            history: FieldSnapshot(
              min: -1,
              max: 4,
              unique: 6,
              histogram: (182792, 4055, 6105, 1285, 1063, 0, 0, 0, 0, 0, 0, 0, 0, 0, 0, 0),
            ),
          ),
          FieldSnapshot(
            name: "axisP[0]",
            unit: Unitless,
            history: FieldSnapshot(
              min: -37,
              max: 44,
              unique: 82,
              histogram: (57434, 47242, 34050, 22561, 13460, 8326, 5281, 2585, 1523, 989, 626, 355, 239, 212, 245, 172),
            ),
          ),
          FieldSnapshot(
            name: "axisP[1]",
            unit: Unitless,
            history: FieldSnapshot(
              min: -97,
              max: 106,
              unique: 198,
              histogram: (45281, 40280, 30907, 22344, 15502, 10986, 8105, 5365, 3990, 3042, 2289, 1728, 1433, 2670, 720, 658),
            ),
          ),
          FieldSnapshot(
            name: "axisP[2]",
            unit: Unitless,
            history: FieldSnapshot(
              min: -63,
              max: 21,
              unique: 85,
              histogram: (29359, 25923, 24179, 20407, 17956, 15579, 13747, 12140, 8906, 7618, 5884, 4133, 3203, 2842, 2024, 1400),
            ),
          ),
          FieldSnapshot(
            name: "axisI[0]",
            unit: Unitless,
            history: FieldSnapshot(
              min: -107,
              max: 165,
              unique: 273,
              histogram: (24008, 13272, 12686, 13574, 12469, 13697, 11772, 11221, 11470, 11006, 10784, 10878, 10130, 9779, 9505, 9049),
            ),
          ),
          FieldSnapshot(
            name: "axisI[1]",
            unit: Unitless,
            history: FieldSnapshot(
              min: -47,
              max: 165,
              unique: 213,
              histogram: (25493, 15517, 13429, 12958, 12095, 12479, 12127, 11770, 11472, 11650, 10941, 10609, 9671, 8930, 8091, 8068),
            ),
          ),
          FieldSnapshot(
            name: "axisI[2]",
            unit: Unitless,
            history: FieldSnapshot(
              min: -165,
              max: 8,
              unique: 174,
              histogram: (20219, 10467, 14854, 16893, 23795, 34970, 5573, 5144, 5550, 5760, 6846, 8148, 10582, 8807, 8425, 9267),
            ),
          ),
          FieldSnapshot(
            name: "axisD[0]",
            unit: Unitless,
            history: FieldSnapshot(
              min: 0,
              max: 0,
              unique: 1,
            ),
          ),
          FieldSnapshot(
            name: "axisD[1]",
            unit: Unitless,
            history: FieldSnapshot(
              min: 0,
              max: 0,
              unique: 1,
            ),
          ),
          FieldSnapshot(
            name: "axisD[2]",
            unit: Unitless,
            history: FieldSnapshot(
              min: 0,
              max: 0,
              unique: 1,
            ),
          ),
          FieldSnapshot(
            name: "fwAltP",
            unit: Unitless,
            history: FieldSnapshot(
              min: -9,
              max: 0,
              unique: 10,
              histogram: (195033, 10, 10, 10, 27, 30, 30, 40, 40, 70, 0, 0, 0, 0, 0, 0),
            ),
          ),
          FieldSnapshot(
            name: "fwAltI",
            unit: Unitless,
            history: FieldSnapshot(
              min: -1,
              max: 0,
              unique: 2,
              histogram: (195173, 127, 0, 0, 0, 0, 0, 0, 0, 0, 0, 0, 0, 0, 0, 0),
            ),
          ),
          FieldSnapshot(
            name: "fwAltD",
            unit: Unitless,
            history: FieldSnapshot(
              min: -13,
              max: 13,
              unique: 21,
              histogram: (195053, 0, 20, 0, 20, 20, 0, 20, 30, 20, 30, 20, 40, 27, 0, 0),
            ),
          ),
          FieldSnapshot(
            name: "fwAltOut",
            unit: Unitless,
            history: FieldSnapshot(
              min: -18,
              max: 8,
              unique: 19,
              histogram: (195053, 80, 40, 10, 20, 0, 20, 0, 17, 10, 10, 0, 10, 10, 0, 20),
            ),
          ),
          FieldSnapshot(
            name: "fwPosP",
            unit: Unitless,
            history: FieldSnapshot(
              min: -25,
              max: 0,
              unique: 7,
              histogram: (195033, 0, 0, 0, 40, 50, 30, 37, 40, 70, 0, 0, 0, 0, 0, 0),
            ),
          ),
          FieldSnapshot(
            name: "fwPosI",
            unit: Unitless,
            history: FieldSnapshot(
              min: -1,
              max: 0,
              unique: 2,
              histogram: (195163, 137, 0, 0, 0, 0, 0, 0, 0, 0, 0, 0, 0, 0, 0, 0),
            ),
          ),
          FieldSnapshot(
            name: "fwPosD",
            unit: Unitless,
            history: FieldSnapshot(
              min: -4,
              max: 4,
              unique: 8,
              histogram: (195103, 20, 20, 40, 117, 0, 0, 0, 0, 0, 0, 0, 0, 0, 0, 0),
            ),
          ),
          FieldSnapshot(
            name: "fwPosOut",
            unit: Unitless,
            history: FieldSnapshot(
              min: -29,
              max: 0,
              unique: 13,
              histogram: (195053, 20, 0, 0, 17, 20, 30, 20, 10, 10, 60, 20, 20, 20, 0, 0),
            ),
          ),
          FieldSnapshot(
            name: "rcData[0]",
            unit: Unitless,
            history: FieldSnapshot(
              min: 0,
              max: 2011,
              unique: 426,
              histogram: (6926, 5958, 9570, 8941, 5985, 9026, 8473, 4936, 9757, 9793, 5222, 21736, 55531, 17276, 5597, 10573),
            ),
          ),
          FieldSnapshot(
            name: "rcData[1]",
            unit: Unitless,
            history: FieldSnapshot(
              min: 0,
              max: 1646,
              unique: 342,
              histogram: (6490, 5294, 7476, 6989, 4972, 7860, 7077, 3725, 10654, 32678, 4710, 52030, 23886, 7442, 4166, 9851),
            ),
          ),
          FieldSnapshot(
            name: "rcData[2]",
            unit: Unitless,
            history: FieldSnapshot(
              min: 0,
              max: 1542,
              unique: 85,
              histogram: (1712, 1148, 3133, 933, 2358, 3318, 1559, 1262, 2939, 4550, 763, 5528, 114031, 48111, 625, 3330),
            ),
          ),
          FieldSnapshot(
            name: "rcData[3]",
            unit: Unitless,
            history: FieldSnapshot(
              min: 0,
              max: 2001,
              unique: 464,
              histogram: (18391, 11802, 6239, 5341, 9055, 12805, 7412, 7347, 16419, 21747, 14385, 9752, 16150, 18244, 8045, 12166),
            ),
          ),
          FieldSnapshot(
            name: "rcCommand[0]",
            unit: Unitless,
            history: FieldSnapshot(
              min: -460,
              max: 501,
              unique: 464,
              histogram: (84202, 8985, 8476, 9193, 9889, 8056, 6621, 7419, 7110, 6108, 7517, 7306, 6532, 5409, 6566, 5911),
            ),
          ),
          FieldSnapshot(
            name: "rcCommand[1]",
            unit: Unitless,
            history: FieldSnapshot(
              min: -282,
              max: 51,
              unique: 312,
              histogram: (91189, 8401, 8960, 7293, 8425, 7304, 5954, 6091, 5964, 4600, 18489, 5056, 5205, 4479, 4271, 3619),
            ),
          ),
          FieldSnapshot(
            name: "rcCommand[2]",
            unit: Unitless,
            history: FieldSnapshot(
              min: -10,
              max: 24,
              unique: 35,
              histogram: (173135, 3082, 3422, 1548, 2700, 1661, 745, 696, 1092, 685, 1352, 2592, 1180, 513, 526, 371),
            ),
          ),
          FieldSnapshot(
            name: "rcCommand[3]",
            unit: Unitless,
            history: FieldSnapshot(
              min: 0,
              max: 1850,
              unique: 634,
              histogram: (12300, 15674, 21296, 28284, 6274, 8479, 9897, 16104, 14148, 6876, 8432, 14055, 6784, 8791, 6258, 11648),
            ),
          ),
          FieldSnapshot(
            name: "vbat",
            unit: Voltage,
            history: FieldSnapshot(
              min: 0,
              max: 16460,
              unique: 286,
              histogram: (24000, 0, 21678, 0, 24441, 0, 26782, 0, 24408, 0, 25919, 0, 23998, 0, 24074, 0),
            ),
          ),
          FieldSnapshot(
            name: "amperage",
            unit: Unitless,
            history: FieldSnapshot(
              min: 0,
              max: 4738,
              unique: 3034,
              histogram: (11963, 11554, 11017, 10995, 11742, 17464, 12361, 11406, 11396, 12343, 12959, 11853, 12471, 11906, 12003, 11867),
            ),
          ),
          FieldSnapshot(
            name: "BaroAlt",
            unit: Unitless,
            history: FieldSnapshot(
              min: -12,
              max: 26493,
              unique: 2422,
              histogram: (11948, 11443, 11717, 12643, 14659, 11116, 10435, 12254, 12180, 12818, 11980, 11311, 13844, 12806, 11933, 12213),
            ),
          ),
          FieldSnapshot(
            name: "rssi",
            unit: Unitless,
            history: FieldSnapshot(
              min: 0,
              max: 1023,
              unique: 172,
              histogram: (9338, 6393, 4602, 4302, 16385, 4198, 9874, 5212, 6365, 4227, 11074, 8925, 5500, 6389, 3815, 88701),
            ),
          ),
          FieldSnapshot(
            name: "gyroADC[0]",
            unit: Rotation,
            history: FieldSnapshot(
              min: -199,
              max: 291,
              unique: 375,
              histogram: (13821, 17613, 15771, 15119, 14018, 13877, 13354, 12848, 12474, 11513, 10675, 10044, 9151, 8796, 8190, 8036),
            ),
          ),
          FieldSnapshot(
            name: "gyroADC[1]",
            unit: Rotation,
            history: FieldSnapshot(
              min: -188,
              max: 134,
              unique: 295,
              histogram: (16196, 21743, 20308, 19249, 17263, 15784, 14370, 12273, 11044, 9796, 8428, 7315, 6283, 5703, 5027, 4518),
            ),
          ),
          FieldSnapshot(
            name: "gyroADC[2]",
            unit: Rotation,
            history: FieldSnapshot(
              min: -33,
              max: 99,
              unique: 132,
              histogram: (15378, 21666, 19745, 18221, 17158, 14918, 13120, 12472, 10354, 9895, 9237, 9304, 7547, 6236, 5519, 4530),
            ),
          ),
          FieldSnapshot(
            name: "accSmooth[0]",
            unit: Acceleration,
            history: FieldSnapshot(
              min: -2374,
              max: 4364,
              unique: 2106,
              histogram: (12021, 12054, 12587, 12476, 12804, 12194, 12594, 12523, 12310, 12054, 11895, 12162, 11708, 11967, 11994, 11957),
            ),
          ),
          FieldSnapshot(
            name: "accSmooth[1]",
            unit: Acceleration,
            history: FieldSnapshot(
              min: -367,
              max: 481,
              unique: 652,
              histogram: (11686, 12276, 13402, 12225, 12803, 12078, 11950, 12636, 11913, 12941, 11590, 12280, 11391, 12714, 11462, 11953),
            ),
          ),
          FieldSnapshot(
            name: "accSmooth[2]",
            unit: Acceleration,
            history: FieldSnapshot(
              min: -1382,
              max: 5846,
              unique: 3742,
              histogram: (11919, 12115, 12086, 12365, 12500, 12621, 12604, 12291, 12251, 12022, 12099, 12017, 12018, 12105, 12054, 12233),
            ),
          ),
          FieldSnapshot(
            name: "attitude[0]",
            unit: Unitless,
            history: FieldSnapshot(
              min: -1798,
              max: 1797,
              unique: 1471,
              histogram: (13181, 12873, 12865, 12015, 12316, 12318, 12351, 12143, 11488, 11985, 11914, 11678, 11710, 11615, 12512, 12336),
            ),
          ),
          FieldSnapshot(
            name: "attitude[1]",
            unit: Unitless,
            history: FieldSnapshot(
              min: -757,
              max: 321,
              unique: 1078,
              histogram: (12929, 13349, 13126, 12987, 15133, 11861, 11874, 11878, 11972, 12107, 11741, 11274, 11224, 11072, 11353, 11420),
            ),
          ),
          FieldSnapshot(
            name: "attitude[2]",
            unit: Unitless,
            history: FieldSnapshot(
              min: 0,
              max: 3599,
              unique: 3599,
              histogram: (12437, 12651, 12765, 12230, 11890, 12221, 12782, 11943, 11912, 12283, 12237, 12127, 11917, 11847, 11985, 12073),
            ),
          ),
          FieldSnapshot(
            name: "motor[0]",
            unit: Unitless,
            history: FieldSnapshot(
              min: 0,
              max: 1850,
              unique: 628,
              histogram: (6559, 6515, 6723, 9488, 14412, 18851, 13406, 16341, 20809, 16445, 9542, 9946, 12394, 11872, 12888, 9109),
            ),
          ),
          FieldSnapshot(
            name: "servo[0]",
            unit: Unitless,
            history: FieldSnapshot(
              min: 0,
              max: 1500,
              unique: 1,
            ),
          ),
          FieldSnapshot(
            name: "servo[1]",
            unit: Unitless,
            history: FieldSnapshot(
              min: 0,
              max: 1500,
              unique: 1,
            ),
          ),
          FieldSnapshot(
            name: "servo[2]",
            unit: Unitless,
            history: FieldSnapshot(
              min: 0,
              max: 1500,
              unique: 1,
            ),
          ),
          FieldSnapshot(
            name: "servo[3]",
            unit: Unitless,
            history: FieldSnapshot(
              min: 0,
              max: 1654,
              unique: 469,
              histogram: (11475, 12638, 12287, 12453, 12411, 13318, 13280, 12615, 12611, 12546, 11877, 11714, 11792, 11536, 11188, 11559),
            ),
          ),
          FieldSnapshot(
            name: "servo[4]",
            unit: Unitless,
            history: FieldSnapshot(
              min: 0,
              max: 1765,
              unique: 480,
              histogram: (12038, 11870, 11532, 12568, 12873, 12712, 13393, 14097, 11963, 11293, 11709, 12346, 12001, 11229, 11841, 11835),
            ),
          ),
          FieldSnapshot(
            name: "servo[5]",
            unit: Unitless,
            history: FieldSnapshot(
              min: 0,
              max: 1500,
              unique: 1,
            ),
          ),
          FieldSnapshot(
            name: "servo[6]",
            unit: Unitless,
            history: FieldSnapshot(
              min: 0,
              max: 1500,
              unique: 1,
            ),
          ),
          FieldSnapshot(
            name: "servo[7]",
            unit: Unitless,
            history: FieldSnapshot(
              min: 0,
              max: 1500,
              unique: 1,
            ),
          ),
          FieldSnapshot(
            name: "servo[8]",
            unit: Unitless,
            history: FieldSnapshot(
              min: 0,
              max: 1500,
              unique: 1,
            ),
          ),
          FieldSnapshot(
            name: "servo[9]",
            unit: Unitless,
            history: FieldSnapshot(
              min: 0,
              max: 1500,
              unique: 1,
            ),
          ),
          FieldSnapshot(
            name: "servo[10]",
            unit: Unitless,
            history: FieldSnapshot(
              min: 0,
              max: 1500,
              unique: 1,
            ),
          ),
          FieldSnapshot(
            name: "servo[11]",
            unit: Unitless,
            history: FieldSnapshot(
              min: 0,
              max: 1500,
              unique: 1,
            ),
          ),
          FieldSnapshot(
            name: "servo[12]",
            unit: Unitless,
            history: FieldSnapshot(
              min: 0,
              max: 1500,
              unique: 1,
            ),
          ),
          FieldSnapshot(
            name: "servo[13]",
            unit: Unitless,
            history: FieldSnapshot(
              min: 0,
              max: 1500,
              unique: 1,
            ),
          ),
          FieldSnapshot(
            name: "servo[14]",
            unit: Unitless,
            history: FieldSnapshot(
              min: 0,
              max: 1500,
              unique: 1,
            ),
          ),
          FieldSnapshot(
            name: "servo[15]",
            unit: Unitless,
            history: FieldSnapshot(
              min: 0,
              max: 1500,
              unique: 1,
            ),
          ),
          FieldSnapshot(
            name: "navState",
            unit: Unitless,
            history: FieldSnapshot(
              min: 0,
              max: 28,
              unique: 4,
              histogram: (0, 179787, 0, 0, 0, 0, 0, 0, 0, 0, 8043, 0, 7470, 0, 0, 0),
            ),
          ),
          FieldSnapshot(
            name: "navFlags",
            unit: Unitless,
            history: FieldSnapshot(
              min: 0,
              max: 53,
              unique: 3,
              histogram: (0, 0, 0, 0, 0, 195300, 0, 0, 0, 0, 0, 0, 0, 0, 0, 0),
            ),
          ),
          FieldSnapshot(
            name: "navEPH",
            unit: Unitless,
            history: FieldSnapshot(
              min: 0,
              max: 207,
              unique: 102,
              histogram: (14720, 10810, 8309, 12710, 11910, 11740, 9990, 13920, 11950, 12681, 12890, 11070, 9900, 12990, 13550, 16160),
            ),
          ),
          FieldSnapshot(
            name: "navEPV",
            unit: Unitless,
            history: FieldSnapshot(
              min: 0,
              max: 100,
              unique: 1,
            ),
          ),
          FieldSnapshot(
            name: "navPos[0]",
            unit: Unitless,
            history: FieldSnapshot(
              min: -90469,
              max: 32605,
              unique: 17446,
              histogram: (12180, 12290, 12289, 11980, 12450, 12180, 12580, 12110, 12121, 12460, 12090, 11380, 11980, 12410, 12330, 12470),
            ),
          ),
          FieldSnapshot(
            name: "navPos[1]",
            unit: Unitless,
            history: FieldSnapshot(
              min: -49461,
              max: 104237,
              unique: 17685,
              histogram: (11880, 12150, 12740, 12410, 11750, 12570, 12230, 12599, 12130, 12680, 11680, 11920, 12451, 11830, 12010, 12270),
            ),
          ),
          FieldSnapshot(
            name: "navPos[2]",
            unit: Unitless,
            history: FieldSnapshot(
              min: -21,
              max: 26627,
              unique: 11731,
              histogram: (11910, 12450, 12070, 12181, 12170, 12770, 13129, 12780, 12340, 12260, 11220, 12320, 12440, 11890, 11710, 11660),
            ),
          ),
          FieldSnapshot(
            name: "navVel[0]",
            unit: Unitless,
            history: FieldSnapshot(
              min: -3364,
              max: 3854,
              unique: 6027,
              histogram: (12780, 12030, 12590, 12320, 12420, 12519, 12280, 12370, 12591, 12390, 11550, 11910, 11840, 12360, 11870, 11480),
            ),
          ),
          FieldSnapshot(
            name: "navVel[1]",
            unit: Unitless,
            history: FieldSnapshot(
              min: -4258,
              max: 3973,
              unique: 6106,
              histogram: (12400, 12340, 12609, 13210, 13050, 11540, 11830, 11830, 12150, 11880, 12150, 12260, 11871, 12040, 12350, 11790),
            ),
          ),
          FieldSnapshot(
            name: "navVel[2]",
            unit: Unitless,
            history: FieldSnapshot(
              min: -2060,
              max: 2795,
              unique: 2762,
              histogram: (12431, 14649, 12180, 12340, 12270, 12100, 11850, 11670, 12050, 11970, 12130, 11800, 12380, 11910, 11860, 11710),
            ),
          ),
          FieldSnapshot(
            name: "navAcc[0]",
            unit: Unitless,
            history: FieldSnapshot(
              min: -2075,
              max: 3190,
              unique: 2512,
              histogram: (12845, 12866, 12669, 12787, 12434, 12150, 12133, 12109, 12214, 12235, 12068, 12055, 11848, 11432, 11589, 11866),
            ),
          ),
          FieldSnapshot(
            name: "navAcc[1]",
            unit: Unitless,
            history: FieldSnapshot(
              min: -1882,
              max: 4094,
              unique: 3053,
              histogram: (12940, 12901, 12894, 12522, 12403, 12251, 12093, 12061, 12213, 12219, 11947, 11797, 11940, 11914, 11696, 11509),
            ),
          ),
          FieldSnapshot(
            name: "navAcc[2]",
            unit: Unitless,
            history: FieldSnapshot(
              min: -2580,
              max: 3604,
              unique: 3825,
              histogram: (12932, 13055, 12827, 12360, 12425, 11949, 11935, 12097, 11999, 12059, 12177, 11954, 11969, 12039, 11855, 11668),
            ),
          ),
          FieldSnapshot(
            name: "navTgtVel[0]",
            unit: Unitless,
            history: FieldSnapshot(
              min: 0,
              max: 0,
              unique: 1,
            ),
          ),
          FieldSnapshot(
            name: "navTgtVel[1]",
            unit: Unitless,
            history: FieldSnapshot(
              min: 0,
              max: 0,
              unique: 1,
            ),
          ),
          FieldSnapshot(
            name: "navTgtVel[2]",
            unit: Unitless,
            history: FieldSnapshot(
              min: 0,
              max: 0,
              unique: 1,
            ),
          ),
          FieldSnapshot(
            name: "navTgtPos[0]",
            unit: Unitless,
            history: FieldSnapshot(
              min: -53,
              max: 0,
              unique: 2,
              histogram: (64474, 0, 0, 0, 0, 130826, 0, 0, 0, 0, 0, 0, 0, 0, 0, 0),
            ),
          ),
          FieldSnapshot(
            name: "navTgtPos[1]",
            unit: Unitless,
            history: FieldSnapshot(
              min: -119,
              max: 0,
              unique: 2,
              histogram: (64474, 0, 0, 0, 0, 0, 0, 130826, 0, 0, 0, 0, 0, 0, 0, 0),
            ),
          ),
          FieldSnapshot(
            name: "navTgtPos[2]",
            unit: Unitless,
            history: FieldSnapshot(
              min: 0,
              max: 26596,
              unique: 2,
              histogram: (64474, 0, 0, 0, 130826, 0, 0, 0, 0, 0, 0, 0, 0, 0, 0, 0),
            ),
          ),
          FieldSnapshot(
            name: "navSurf[0]",
            unit: Unitless,
            history: FieldSnapshot(
              min: 0,
              max: 0,
              unique: 1,
            ),
          ),
        ]),
      ),
      slow: SlowSnapshot(
        count: 650,
        fields: Fields([
          FieldSnapshot(
            name: "flightModeFlags",
            unit: FlightMode,
            history: {
              "ANGLE": 132,
              "ARM": 650,
              "AUTOTUNE": 5,
              "BEEPERON": 1,
              "MANUAL": 12,
              "NAV LAUNCH": 132,
              "NAV RTH": 1,
            },
          ),
          FieldSnapshot(
            name: "stateFlags",
            unit: State,
            history: {
              "ACCELEROMETER_CALIBRATED": 650,
              "AIRMODE_ACTIVE": 650,
              "AIRPLANE": 650,
              "ALTITUDE_CONTROL": 650,
              "ANTI_WINDUP": 1,
              "ANTI_WINDUP_DEACTIVATED": 566,
              "GPS_FIX": 650,
              "GPS_FIX_HOME": 650,
              "MOVE_FORWARD_ONLY": 650,
              "NAV_MOTOR_STOP_OR_IDLE": 23,
              "SET_REVERSIBLE_MOTORS_FORWARD": 650,
              "SMALL_ANGLE": 650,
            },
          ),
          FieldSnapshot(
            name: "failsafePhase",
            unit: FailsafePhase,
            history: {
              "IDLE": 650,
            },
          ),
          FieldSnapshot(
            name: "rxSignalReceived",
            unit: Boolean,
            history: History(
              yes: 650,
              no: 0,
            ),
          ),
          FieldSnapshot(
            name: "rxFlightChannelsValid",
            unit: Boolean,
            history: History(
              yes: 650,
              no: 0,
            ),
          ),
          FieldSnapshot(
            name: "hwHealthStatus",
            unit: Unitless,
            history: FieldSnapshot(
              min: 0,
              max: 325,
              unique: 1,
            ),
          ),
          FieldSnapshot(
            name: "powerSupplyImpedance",
            unit: Unitless,
            history: FieldSnapshot(
              min: 0,
              max: 50,
              unique: 16,
              histogram: (119, 1, 1, 0, 3, 23, 4, 81, 73, 99, 44, 6, 102, 44, 48, 2),
            ),
          ),
          FieldSnapshot(
            name: "sagCompensatedVBat",
            unit: Unitless,
            history: FieldSnapshot(
              min: 0,
              max: 1646,
              unique: 146,
              histogram: (29, 32, 31, 31, 40, 25, 35, 36, 47, 66, 47, 31, 42, 59, 53, 46),
            ),
          ),
          FieldSnapshot(
            name: "wind[0]",
            unit: Unitless,
            history: FieldSnapshot(
              min: -75,
              max: 0,
              unique: 3,
              histogram: (30, 0, 321, 0, 0, 0, 0, 0, 0, 0, 0, 299, 0, 0, 0, 0),
            ),
          ),
          FieldSnapshot(
            name: "wind[1]",
            unit: Unitless,
            history: FieldSnapshot(
              min: -59,
              max: 0,
              unique: 3,
              histogram: (30, 0, 321, 0, 0, 0, 0, 0, 0, 0, 0, 299, 0, 0, 0, 0),
            ),
          ),
          FieldSnapshot(
            name: "wind[2]",
            unit: Unitless,
            history: FieldSnapshot(
              min: -50,
              max: 0,
              unique: 3,
              histogram: (30, 0, 299, 0, 0, 0, 0, 0, 321, 0, 0, 0, 0, 0, 0, 0),
            ),
          ),
          FieldSnapshot(
            name: "IMUTemperature",
            unit: Unitless,
            history: FieldSnapshot(
              min: 0,
              max: 421,
              unique: 136,
              histogram: (61, 88, 46, 39, 31, 32, 30, 33, 46, 41, 33, 31, 22, 26, 32, 59),
            ),
          ),
          FieldSnapshot(
            name: "baroTemperature",
            unit: Unitless,
            history: FieldSnapshot(
              min: 0,
              max: 412,
              unique: 139,
              histogram: (18, 21, 36, 123, 50, 53, 32, 25, 24, 41, 33, 77, 33, 34, 25, 25),
            ),
          ),
          FieldSnapshot(
            name: "sens0Temp",
            unit: Unitless,
            history: FieldSnapshot(
              min: -1250,
              max: 0,
              unique: 1,
            ),
          ),
          FieldSnapshot(
            name: "sens1Temp",
            unit: Unitless,
            history: FieldSnapshot(
              min: -1250,
              max: 0,
              unique: 1,
            ),
          ),
          FieldSnapshot(
            name: "sens2Temp",
            unit: Unitless,
            history: FieldSnapshot(
              min: -1250,
              max: 0,
              unique: 1,
            ),
          ),
          FieldSnapshot(
            name: "sens3Temp",
            unit: Unitless,
            history: FieldSnapshot(
              min: -1250,
              max: 0,
              unique: 1,
            ),
          ),
          FieldSnapshot(
            name: "sens4Temp",
            unit: Unitless,
            history: FieldSnapshot(
              min: -1250,
              max: 0,
              unique: 1,
            ),
          ),
          FieldSnapshot(
            name: "sens5Temp",
            unit: Unitless,
            history: FieldSnapshot(
              min: -1250,
              max: 0,
              unique: 1,
            ),
          ),
          FieldSnapshot(
            name: "sens6Temp",
            unit: Unitless,
            history: FieldSnapshot(
              min: -1250,
              max: 0,
              unique: 1,
            ),
          ),
          FieldSnapshot(
            name: "sens7Temp",
            unit: Unitless,
            history: FieldSnapshot(
              min: -1250,
              max: 0,
              unique: 1,
            ),
          ),
          FieldSnapshot(
            name: "escRPM",
            unit: Unitless,
            history: FieldSnapshot(
              min: 0,
              max: 134599721,
              unique: 1,
            ),
          ),
          FieldSnapshot(
            name: "escTemperature",
            unit: Unitless,
            history: FieldSnapshot(
              min: 0,
              max: 0,
              unique: 1,
            ),
          ),
        ]),
      ),
      gps: GpsSnapshot(
        count: 4041,
        time: (),
        fields: Fields([
          FieldSnapshot(
            name: "GPS_fixType",
            unit: Unitless,
            history: FieldSnapshot(
              min: 0,
              max: 2,
              unique: 1,
            ),
          ),
          FieldSnapshot(
            name: "GPS_numSat",
            unit: Unitless,
            history: FieldSnapshot(
              min: 0,
              max: 17,
              unique: 12,
              histogram: (418, 1345, 0, 0, 0, 0, 1, 35, 295, 58, 63, 320, 552, 143, 434, 377),
            ),
          ),
          FieldSnapshot(
            name: "GPS_coord[0]",
            unit: GpsCoordinate,
            history: FieldSnapshot(
              min: 0,
              max: 524872737,
              unique: 3759,
              histogram: (261, 248, 277, 247, 233, 266, 251, 246, 255, 240, 251, 236, 239, 260, 261, 270),
            ),
          ),
          FieldSnapshot(
            name: "GPS_coord[1]",
            unit: GpsCoordinate,
            history: FieldSnapshot(
              min: 0,
              max: 136676356,
              unique: 3844,
              histogram: (247, 239, 255, 259, 230, 284, 254, 230, 288, 264, 246, 244, 247, 240, 252, 262),
            ),
          ),
          FieldSnapshot(
            name: "GPS_altitude",
            unit: Altitude,
            history: FieldSnapshot(
              min: 0,
              max: 305,
              unique: 262,
              histogram: (243, 327, 306, 238, 205, 258, 308, 275, 283, 262, 203, 188, 200, 195, 295, 255),
            ),
          ),
          FieldSnapshot(
            name: "GPS_speed",
            unit: Velocity,
            history: FieldSnapshot(
              min: 0,
              max: 4327,
              unique: 1627,
              histogram: (252, 243, 277, 232, 248, 244, 238, 264, 254, 243, 262, 243, 250, 279, 258, 254),
            ),
          ),
          FieldSnapshot(
            name: "GPS_ground_course",
            unit: GpsHeading,
            history: FieldSnapshot(
              min: 0,
              max: 3594,
              unique: 1989,
              histogram: (226, 286, 270, 244, 258, 243, 249, 260, 267, 266, 268, 249, 238, 202, 259, 256),
            ),
          ),
          FieldSnapshot(
            name: "GPS_hdop",
            unit: Unitless,
            history: FieldSnapshot(
              min: 0,
              max: 206,
              unique: 23,
              histogram: (0, 95, 826, 799, 72, 352, 207, 651, 40, 544, 59, 41, 0, 0, 148, 207),
            ),
          ),
          FieldSnapshot(
            name: "GPS_eph",
            unit: Unitless,
            history: FieldSnapshot(
              min: 0,
              max: 147,
              unique: 55,
              histogram: (406, 248, 278, 163, 212, 326, 708, 242, 90, 89, 212, 249, 213, 207, 239, 159),
            ),
          ),
          FieldSnapshot(
            name: "GPS_epv",
            unit: Unitless,
            history: FieldSnapshot(
              min: 0,
              max: 194,
              unique: 71,
              histogram: (266, 256, 174, 170, 150, 350, 236, 234, 368, 278, 155, 237, 245, 289, 258, 375),
            ),
          ),
          FieldSnapshot(
            name: "GPS_velned[0]",
            unit: Unitless,
            history: FieldSnapshot(
              min: -3360,
              max: 3872,
              unique: 2759,
              histogram: (247, 208, 247, 260, 256, 271, 252, 267, 237, 271, 252, 277, 221, 243, 252, 280),
            ),
          ),
          FieldSnapshot(
            name: "GPS_velned[1]",
            unit: Unitless,
            history: FieldSnapshot(
              min: -4312,
              max: 4008,
              unique: 2725,
              histogram: (284, 247, 263, 251, 227, 249, 271, 243, 261, 247, 249, 249, 275, 237, 266, 222),
            ),
          ),
          FieldSnapshot(
            name: "GPS_velned[2]",
            unit: Unitless,
            history: FieldSnapshot(
              min: -2126,
              max: 2078,
              unique: 1653,
              histogram: (245, 263, 278, 272, 251, 235, 257, 239, 242, 289, 235, 252, 234, 282, 240, 227),
            ),
          ),
        ]),
      ),
    )),
  ],
)
