---
source: tests/snapshots.rs
expression: snapshot
input_file: ".modules/gimbal-ghost/test/emuf_001.bbl"
---
FileSnapshot(
  count: 2,
  logs: [
    Ok(LogSnapshot(
      headers: Headers(
        version: V2,
        firmware_revision: "EmuFlight 0.4.1 (7bac6ddd0) HELIOSPRING",
        firmware_kind: EmuFlight,
        board_info: None,
        craft_name: Some("XL7_HELIO"),
        vbat_reference: Some(248),
        acceleration_1g: Some(2048),
        gyro_scale: Some(0.017453292),
        min_throttle: Some(1070),
        motor_output_range: Some(MotorOutputRange(
          min: 158,
          max: 1587,
        )),
        unknown: {
          "acc_hardware": "0",
          "emu_boost_yaw": "100",
          "gyro_lowpass2_type": "0",
          "IMUF_acc_lpf_cutoff": " 40",
          "pid_process_denom": "1",
          "gyro_lowpass2_hz_pitch": "0",
          "gyro_cal_on_first_arm": "0",
          "acc_limit_yaw": "0",
          "mag_hardware": "1",
          "spa_pitch_i": "80",
          "yaw_deadband": "0",
          "smith_predict_str": "50",
          "dterm_ABG_boost": "225",
          "dterm_lowpass_hz_roll": "110",
          "mixer_laziness": "1",
          "rate_correction": "30,30",
          "gyro_sync_denom": "3",
          "iterm_relax_threshold": "35",
          "dterm_boost_limit": "5",
          "serialrx_provider": "9",
          "gyro_lowpass2_hz_roll": "0",
          "dshot_idle_value": "550",
          "emu_boost_limit": "40",
          "levelPIDLOW": "100,10,40",
          "rc_smoothing_debug_axis": "0",
          "spa_pitch_d": "100",
          "dterm_lowpass2_hz_yaw": "185",
          "emu_boost": "100",
          "gyro_lowpass_type": "0",
          "gyro_lowpass_hz_roll": "0",
          "dynamic_gyro_notch_min_hz": "130",
          "dterm_filter_type": "0",
          "IMUF_ptn_order": " 2",
          "vbatcellvoltage": "33,36,43",
          "rc_interpolation_interval": "21",
          "dterm_lowpass2_hz_roll": "185",
          "tpa_breakpoint": "1500",
          "rates": "75,75,75",
          "acc_limit": "0",
          "rate_sensitivity": "100,100",
          "acc_lpf_hz": "4000",
          "mixer_yaw_throttle_comp": "1",
          "rc_smoothing_cutoff": "50",
          "rc_rates": "100,100,90",
          "IMUF_pitch_q": " 7000",
          "gyro_ABG_alpha": "0",
          "P interval": "6",
          "pidsum_limit_yaw": "400",
          "spa_yaw_i": "60",
          "spa_yaw_d": "90",
          "tpa_rate_i": "110",
          "pidsum_limit": "1000",
          "rc_smoothing_filter": "2",
          "motor_pwm_rate": "480",
          "Target": "HELIOSPRING",
          "i_decay": "5",
          "rollPID": "57,60,40",
          "IMUF_lowpass_yaw": " 90",
          "yawPID": "75,90,2",
          "spa_pitch_p": "100",
          "dterm_lowpass2_hz_pitch": "185",
          "dynamic_gyro_notch_count": "2",
          "airmode_activate_throttle": "32",
          "gyro_hardware_lpf": "0",
          "tpa_rate_d": "65",
          "emu_boost_limit_yaw": "30",
          "rc_smoothing_rx_average": "0",
          "IMUF_revision": " 256",
          "iterm_windup": "49",
          "gyro_notch_cutoff": "0,0",
          "linear_thrust_low_output": "60",
          "df_yaw": "15",
          "deadband": "0",
          "mixer_impl": "2",
          "i_decay_cutoff": "150",
          "IMUF_yaw_q": " 6000",
          "gyro_lowpass2_hz_yaw": "0",
          "dterm_boost": "100",
          "maxthrottle": "2000",
          "I interval": "333",
          "gyro_ABG_boost": "250",
          "linear_throttle": "0",
          "rate_weight": "0,0",
          "features": "138675208",
          "df_angle_high": "0",
          "gyro_lowpass_hz_yaw": "0",
          "gyro_ABG_half_life": "25",
          "dterm_ABG_alpha": "600",
          "smith_predict_filt_hz": "5",
          "df_angle_low": "70",
          "spa_roll_i": "80",
          "dterm_filter2_type": "0",
          "Log start datetime": "0000-01-01T00:00:00.000+00:00",
          "dynamic_gyro_notch_q": "400",
          "gyro_lowpass_hz_pitch": "0",
          "rc_smoothing_type": "0",
          "rc_interpolation": "3",
          "iterm_relax_threshold_yaw": "35",
          "dterm_lowpass_hz_pitch": "110",
          "gyro_notch_hz": "0,0",
          "iterm_relax_cutoff": "8",
          "emu_gravity": "70",
          "iterm_relax_cutoff_yaw": "16",
          "linear_thrust_high_output": "25",
          "motor_pwm_protocol": "7",
          "rc_smoothing_active_cutoff": "0",
          "dterm_ABG_half_life": "25",
          "pidAtMinThrottle": "1",
          "pitchPID": "68,65,42",
          "spa_yaw_p": "100",
          "magPID": "40",
          "IMUF_lowpass_roll": " 90",
          "IMUF_lowpass_pitch": " 90",
          "Firmware date": "Jul 29 2022 13:19:39",
          "dterm_dyn_notch_enable": "0",
          "dynamic_gyro_notch_max_hz": "400",
          "iterm_rotation": "1",
          "levelPIDHIGH": "35,1",
          "thr_mid": "10",
          "IMUF_w": " 48",
          "throttle_boost": "5",
          "spa_roll_p": "100",
          "thr_expo": "30",
          "looptime": "96",
          "feathered_pids": "0",
          "smith_predict_delay": "40",
          "rc_expo": "30,30,30",
          "dterm_lowpass_hz_yaw": "110",
          "debug_mode": "6",
          "P ratio": "48",
          "IMUF_roll_q": " 7000",
          "use_unsynced_pwm": "0",
          "dterm_dyn_notch_q": "400",
          "tpa_rate_p": "75",
          "spa_roll_d": "100",
          "smith_predict_enabled": "1",
        },
      ),
      stats: Stats(
        counts: FrameCounts(
          event: 2,
          main: 199983,
          slow: 15,
          gps: 0,
          gps_home: 0,
        ),
      ),
      capped: true,
      events: [
        SyncBeep(27349603),
        FlightMode(
          flags: 4194305,
          last_flags: 2151677953,
        ),
      ],
      main: MainSnapshot(
        count: 199983,
        last_iteration: 1189149,
        time: FieldSnapshot(
          min: 0,
          max: 149431240,
          unique: 199983,
          histogram: (12464, 12464, 12350, 12666, 12588, 12511, 12542, 12421, 12677, 12569, 12330, 12544, 12351, 12467, 12642, 12397),
        ),
        fields: Fields([
          FieldSnapshot(
            name: "axisP[0]",
            unit: Unitless,
            history: FieldSnapshot(
              min: -186,
              max: 437,
              unique: 533,
              histogram: (25887, 24600, 22551, 20524, 18092, 16001, 13972, 11931, 10028, 8289, 6970, 5816, 4806, 4052, 3467, 2997),
            ),
          ),
          FieldSnapshot(
            name: "axisP[1]",
            unit: Unitless,
            history: FieldSnapshot(
              min: -655,
              max: 622,
              unique: 818,
              histogram: (22329, 21624, 20335, 18293, 17131, 15416, 14030, 12716, 11116, 9786, 8402, 7211, 6507, 5627, 5090, 4370),
            ),
          ),
          FieldSnapshot(
            name: "axisP[2]",
            unit: Unitless,
            history: FieldSnapshot(
              min: -135,
              max: 119,
              unique: 207,
              histogram: (22100, 20567, 19323, 17944, 16946, 15365, 14159, 12670, 11342, 9936, 8856, 7769, 6737, 6034, 5367, 4868),
            ),
          ),
          FieldSnapshot(
            name: "axisI[0]",
            unit: Unitless,
            history: FieldSnapshot(
              min: -84,
              max: 131,
              unique: 216,
              histogram: (17250, 12424, 14021, 14779, 13907, 13658, 12838, 12357, 14507, 13331, 12447, 11537, 9907, 8936, 9383, 8701),
            ),
          ),
          FieldSnapshot(
            name: "axisI[1]",
            unit: Unitless,
            history: FieldSnapshot(
              min: -56,
              max: 132,
              unique: 189,
              histogram: (18788, 14167, 12298, 13492, 14110, 13484, 12248, 12293, 10517, 9466, 10315, 10721, 11659, 12450, 12169, 11806),
            ),
          ),
          FieldSnapshot(
            name: "axisI[2]",
            unit: Unitless,
            history: FieldSnapshot(
              min: -102,
              max: 103,
              unique: 206,
              histogram: (21210, 16260, 15542, 15759, 14920, 15480, 12975, 10472, 10171, 10056, 10360, 9855, 9135, 8922, 8486, 10380),
            ),
          ),
          FieldSnapshot(
            name: "axisD[0]",
            unit: Unitless,
            history: FieldSnapshot(
              min: -247,
              max: 412,
              unique: 325,
              histogram: (18407, 17869, 16803, 15860, 15156, 14023, 13295, 12407, 11658, 10817, 10431, 9825, 9051, 8577, 8197, 7607),
            ),
          ),
          FieldSnapshot(
            name: "axisD[1]",
            unit: Unitless,
            history: FieldSnapshot(
              min: -1052,
              max: 450,
              unique: 486,
              histogram: (19162, 18167, 17363, 16352, 15407, 14627, 13376, 12424, 11561, 10750, 10030, 9483, 8728, 8049, 7553, 6951),
            ),
          ),
          FieldSnapshot(
            name: "axisD[2]",
            unit: Unitless,
            history: FieldSnapshot(
              min: -11,
              max: 4,
              unique: 12,
              histogram: (172020, 27056, 879, 19, 6, 0, 1, 0, 0, 0, 1, 1, 0, 0, 0, 0),
            ),
          ),
          FieldSnapshot(
            name: "axisF[0]",
            unit: Unitless,
            history: FieldSnapshot(
              min: 0,
              max: 0,
              unique: 1,
            ),
          ),
          FieldSnapshot(
            name: "axisF[1]",
            unit: Unitless,
            history: FieldSnapshot(
              min: 0,
              max: 0,
              unique: 1,
            ),
          ),
          FieldSnapshot(
            name: "axisF[2]",
            unit: Unitless,
            history: FieldSnapshot(
              min: 0,
              max: 0,
              unique: 1,
            ),
          ),
          FieldSnapshot(
            name: "rcCommand[0]",
            unit: Unitless,
            history: FieldSnapshot(
              min: -419,
              max: 495,
              unique: 915,
              histogram: (33294, 16210, 15074, 11922, 10445, 11102, 9643, 9327, 9600, 9898, 10976, 10948, 9661, 9682, 11535, 10666),
            ),
          ),
          FieldSnapshot(
            name: "rcCommand[1]",
            unit: Unitless,
            history: FieldSnapshot(
              min: -317,
              max: 499,
              unique: 817,
              histogram: (32186, 20990, 19547, 15055, 10324, 10953, 10835, 11035, 8982, 7908, 9513, 8988, 8402, 7870, 8291, 9104),
            ),
          ),
          FieldSnapshot(
            name: "rcCommand[2]",
            unit: Unitless,
            history: FieldSnapshot(
              min: -303,
              max: 390,
              unique: 694,
              histogram: (48036, 22952, 16712, 11302, 10239, 9151, 9030, 8395, 8530, 7890, 9165, 8299, 7568, 7704, 7671, 7339),
            ),
          ),
          FieldSnapshot(
            name: "rcCommand[3]",
            unit: Unitless,
            history: FieldSnapshot(
              min: 0,
              max: 1999,
              unique: 1001,
              histogram: (11572, 12538, 10075, 11947, 13221, 12247, 10772, 10929, 23674, 10635, 12087, 10239, 12111, 10645, 12128, 15163),
            ),
          ),
          FieldSnapshot(
            name: "setpoint[0]",
            unit: Unitless,
            history: FieldSnapshot(
              min: -396,
              max: 769,
              unique: 1154,
              histogram: (36758, 19855, 12870, 11320, 12473, 11892, 11641, 9984, 10771, 9801, 10321, 8294, 8570, 8268, 9453, 7712),
            ),
          ),
          FieldSnapshot(
            name: "setpoint[1]",
            unit: Unitless,
            history: FieldSnapshot(
              min: -188,
              max: 800,
              unique: 939,
              histogram: (36546, 33888, 15964, 14014, 11732, 12565, 11570, 9455, 10051, 8604, 7344, 6992, 5595, 4892, 5323, 5448),
            ),
          ),
          FieldSnapshot(
            name: "setpoint[2]",
            unit: Unitless,
            history: FieldSnapshot(
              min: -154,
              max: 286,
              unique: 441,
              histogram: (58736, 25758, 12178, 10308, 10944, 8739, 8080, 7964, 8851, 7952, 7361, 6926, 6209, 6350, 6855, 6772),
            ),
          ),
          FieldSnapshot(
            name: "setpoint[3]",
            unit: Unitless,
            history: FieldSnapshot(
              min: 0,
              max: 1000,
              unique: 1001,
              histogram: (25498, 10282, 12156, 10017, 12185, 11510, 10653, 12842, 14605, 11724, 11765, 9945, 13375, 13885, 10065, 9476),
            ),
          ),
          FieldSnapshot(
            name: "vbatLatest",
            unit: Voltage,
            history: FieldSnapshot(
              min: 0,
              max: 2480,
              unique: 54,
              histogram: (25870, 0, 28715, 0, 19142, 0, 29244, 0, 23257, 0, 23333, 0, 30656, 0, 19766, 0),
            ),
          ),
          FieldSnapshot(
            name: "amperageLatest",
            unit: Amperage,
            history: FieldSnapshot(
              min: 0,
              max: 131600,
              unique: 1117,
              histogram: (97903, 0, 0, 0, 0, 0, 0, 0, 102080, 0, 0, 0, 0, 0, 0, 0),
            ),
          ),
          FieldSnapshot(
            name: "rssi",
            unit: Unitless,
            history: FieldSnapshot(
              min: 0,
              max: 1023,
              unique: 63,
              histogram: (19581, 14273, 4064, 13099, 2075, 16087, 1320, 20033, 7476, 17782, 17495, 8085, 25838, 502, 28000, 4273),
            ),
          ),
          FieldSnapshot(
            name: "gyroADC[0]",
            unit: Rotation,
            history: FieldSnapshot(
              min: -392,
              max: 780,
              unique: 1140,
              histogram: (15647, 20184, 17648, 16145, 14564, 13187, 12678, 11643, 11045, 10700, 10042, 9638, 9430, 9431, 9177, 8824),
            ),
          ),
          FieldSnapshot(
            name: "gyroADC[1]",
            unit: Rotation,
            history: FieldSnapshot(
              min: -203,
              max: 830,
              unique: 983,
              histogram: (16513, 23730, 21318, 19105, 16497, 14494, 12808, 11728, 10442, 9336, 8651, 7823, 7443, 7186, 6558, 6351),
            ),
          ),
          FieldSnapshot(
            name: "gyroADC[2]",
            unit: Rotation,
            history: FieldSnapshot(
              min: -161,
              max: 281,
              unique: 443,
              histogram: (17928, 25998, 22876, 19434, 16370, 14220, 12032, 10363, 9282, 8607, 8364, 7602, 7140, 6765, 6593, 6409),
            ),
          ),
          FieldSnapshot(
            name: "accSmooth[0]",
            unit: Acceleration,
            history: FieldSnapshot(
              min: -3518,
              max: 2174,
              unique: 3113,
              histogram: (12624, 12464, 12781, 12550, 12398, 12549, 12492, 12719, 12330, 12516, 12429, 12413, 12473, 12580, 12403, 12262),
            ),
          ),
          FieldSnapshot(
            name: "accSmooth[1]",
            unit: Acceleration,
            history: FieldSnapshot(
              min: -1978,
              max: 1725,
              unique: 2538,
              histogram: (12568, 12710, 12988, 12571, 12808, 12290, 12585, 12488, 12346, 12481, 12402, 12566, 12280, 12364, 12382, 12154),
            ),
          ),
          FieldSnapshot(
            name: "accSmooth[2]",
            unit: Acceleration,
            history: FieldSnapshot(
              min: -11995,
              max: 13366,
              unique: 8635,
              histogram: (12597, 12562, 12527, 12389, 12562, 12241, 12672, 12561, 12497, 12402, 12189, 12676, 12579, 12402, 12687, 12440),
            ),
          ),
          FieldSnapshot(
            name: "debug[0]",
            unit: Unitless,
            history: FieldSnapshot(
              min: -392,
              max: 780,
              unique: 1138,
              histogram: (15674, 20187, 17647, 16128, 14568, 13179, 12659, 11637, 11039, 10674, 10014, 9638, 9492, 9459, 9192, 8796),
            ),
          ),
          FieldSnapshot(
            name: "debug[1]",
            unit: Unitless,
            history: FieldSnapshot(
              min: -203,
              max: 830,
              unique: 984,
              histogram: (16427, 23733, 21319, 19101, 16530, 14500, 12797, 11731, 10389, 9353, 8634, 7856, 7468, 7209, 6552, 6384),
            ),
          ),
          FieldSnapshot(
            name: "debug[2]",
            unit: Unitless,
            history: FieldSnapshot(
              min: -161,
              max: 281,
              unique: 443,
              histogram: (17912, 26046, 22862, 19454, 16377, 14224, 12021, 10354, 9268, 8599, 8359, 7587, 7148, 6763, 6596, 6413),
            ),
          ),
          FieldSnapshot(
            name: "debug[3]",
            unit: Unitless,
            history: FieldSnapshot(
              min: 0,
              max: 0,
              unique: 1,
            ),
          ),
          FieldSnapshot(
            name: "motor[0]",
            unit: Unitless,
            history: FieldSnapshot(
              min: 0,
              max: 1593,
              unique: 1445,
              histogram: (12354, 12916, 15716, 13141, 12159, 12334, 12199, 12095, 12173, 12200, 12150, 12126, 12134, 12026, 12122, 12138),
            ),
          ),
          FieldSnapshot(
            name: "motor[1]",
            unit: Unitless,
            history: FieldSnapshot(
              min: 0,
              max: 1599,
              unique: 1432,
              histogram: (12652, 13895, 13864, 12286, 12486, 12371, 12133, 12071, 12430, 12362, 12139, 12169, 12241, 12287, 12257, 12340),
            ),
          ),
          FieldSnapshot(
            name: "motor[2]",
            unit: Unitless,
            history: FieldSnapshot(
              min: 0,
              max: 1593,
              unique: 1448,
              histogram: (12117, 13260, 13998, 12574, 12349, 12468, 12272, 12522, 12498, 12305, 12202, 12221, 12082, 12425, 12298, 12392),
            ),
          ),
          FieldSnapshot(
            name: "motor[3]",
            unit: Unitless,
            history: FieldSnapshot(
              min: 0,
              max: 1598,
              unique: 1451,
              histogram: (12445, 13374, 14192, 12613, 12292, 12509, 12374, 12404, 11980, 12358, 12236, 12171, 12236, 12248, 12173, 12378),
            ),
          ),
        ]),
      ),
      slow: SlowSnapshot(
        count: 15,
        fields: Fields([
          FieldSnapshot(
            name: "flightModeFlags",
            unit: FlightMode,
            history: {
              "ARM": 15,
              "FPV_ANGLE_MIX": 15,
              "PARALYZE": 1,
            },
          ),
          FieldSnapshot(
            name: "stateFlags",
            unit: State,
            history: {},
          ),
          FieldSnapshot(
            name: "failsafePhase",
            unit: FailsafePhase,
            history: {
              "IDLE": 15,
            },
          ),
          FieldSnapshot(
            name: "rxSignalReceived",
            unit: Boolean,
            history: History(
              yes: 15,
              no: 0,
            ),
          ),
          FieldSnapshot(
            name: "rxFlightChannelsValid",
            unit: Boolean,
            history: History(
              yes: 15,
              no: 0,
            ),
          ),
        ]),
      ),
    )),
    Ok(LogSnapshot(
      headers: Headers(
        version: V2,
        firmware_revision: "EmuFlight 0.4.1 (7bac6ddd0) HELIOSPRING",
        firmware_kind: EmuFlight,
        board_info: None,
        craft_name: Some("XL7_HELIO"),
        vbat_reference: Some(248),
        acceleration_1g: Some(2048),
        gyro_scale: Some(0.017453292),
        min_throttle: Some(1070),
        motor_output_range: Some(MotorOutputRange(
          min: 158,
          max: 1587,
        )),
        unknown: {
          "acc_hardware": "0",
          "emu_boost_yaw": "100",
          "gyro_lowpass2_type": "0",
          "IMUF_acc_lpf_cutoff": " 40",
          "pid_process_denom": "1",
          "gyro_lowpass2_hz_pitch": "0",
          "gyro_cal_on_first_arm": "0",
          "acc_limit_yaw": "0",
          "mag_hardware": "1",
          "spa_pitch_i": "80",
          "yaw_deadband": "0",
          "smith_predict_str": "50",
          "dterm_ABG_boost": "225",
          "dterm_lowpass_hz_roll": "110",
          "mixer_laziness": "1",
          "rate_correction": "30,30",
          "gyro_sync_denom": "3",
          "iterm_relax_threshold": "35",
          "dterm_boost_limit": "5",
          "serialrx_provider": "9",
          "gyro_lowpass2_hz_roll": "0",
          "dshot_idle_value": "550",
          "emu_boost_limit": "40",
          "levelPIDLOW": "100,10,40",
          "rc_smoothing_debug_axis": "0",
          "spa_pitch_d": "100",
          "dterm_lowpass2_hz_yaw": "185",
          "emu_boost": "100",
          "gyro_lowpass_type": "0",
          "gyro_lowpass_hz_roll": "0",
          "dynamic_gyro_notch_min_hz": "130",
          "dterm_filter_type": "0",
          "IMUF_ptn_order": " 2",
          "vbatcellvoltage": "33,36,43",
          "rc_interpolation_interval": "21",
          "dterm_lowpass2_hz_roll": "185",
          "tpa_breakpoint": "1500",
          "rates": "75,75,75",
          "acc_limit": "0",
          "rate_sensitivity": "100,100",
          "acc_lpf_hz": "4000",
          "mixer_yaw_throttle_comp": "1",
          "rc_smoothing_cutoff": "50",
          "rc_rates": "100,100,90",
          "IMUF_pitch_q": " 7000",
          "gyro_ABG_alpha": "0",
          "P interval": "6",
          "pidsum_limit_yaw": "400",
          "spa_yaw_i": "60",
          "spa_yaw_d": "90",
          "tpa_rate_i": "110",
          "pidsum_limit": "1000",
          "rc_smoothing_filter": "2",
          "motor_pwm_rate": "480",
          "Target": "HELIOSPRING",
          "i_decay": "5",
          "rollPID": "57,60,40",
          "IMUF_lowpass_yaw": " 90",
          "yawPID": "75,90,2",
          "spa_pitch_p": "100",
          "dterm_lowpass2_hz_pitch": "185",
          "dynamic_gyro_notch_count": "2",
          "airmode_activate_throttle": "32",
          "gyro_hardware_lpf": "0",
          "tpa_rate_d": "65",
          "emu_boost_limit_yaw": "30",
          "rc_smoothing_rx_average": "0",
          "IMUF_revision": " 256",
          "iterm_windup": "49",
          "gyro_notch_cutoff": "0,0",
          "linear_thrust_low_output": "60",
          "df_yaw": "15",
          "deadband": "0",
          "mixer_impl": "2",
          "i_decay_cutoff": "150",
          "IMUF_yaw_q": " 6000",
          "gyro_lowpass2_hz_yaw": "0",
          "dterm_boost": "100",
          "maxthrottle": "2000",
          "I interval": "333",
          "gyro_ABG_boost": "250",
          "linear_throttle": "0",
          "rate_weight": "0,0",
          "features": "138675208",
          "df_angle_high": "0",
          "gyro_lowpass_hz_yaw": "0",
          "gyro_ABG_half_life": "25",
          "dterm_ABG_alpha": "600",
          "smith_predict_filt_hz": "5",
          "df_angle_low": "70",
          "spa_roll_i": "80",
          "dterm_filter2_type": "0",
          "Log start datetime": "0000-01-01T00:00:00.000+00:00",
          "dynamic_gyro_notch_q": "400",
          "gyro_lowpass_hz_pitch": "0",
          "rc_smoothing_type": "0",
          "rc_interpolation": "3",
          "iterm_relax_threshold_yaw": "35",
          "dterm_lowpass_hz_pitch": "110",
          "gyro_notch_hz": "0,0",
          "iterm_relax_cutoff": "8",
          "emu_gravity": "70",
          "iterm_relax_cutoff_yaw": "16",
          "linear_thrust_high_output": "25",
          "motor_pwm_protocol": "7",
          "rc_smoothing_active_cutoff": "0",
          "dterm_ABG_half_life": "25",
          "pidAtMinThrottle": "1",
          "pitchPID": "68,65,42",
          "spa_yaw_p": "100",
          "magPID": "40",
          "IMUF_lowpass_roll": " 90",
          "IMUF_lowpass_pitch": " 90",
          "Firmware date": "Jul 29 2022 13:19:39",
          "dterm_dyn_notch_enable": "0",
          "dynamic_gyro_notch_max_hz": "400",
          "iterm_rotation": "1",
          "levelPIDHIGH": "35,1",
          "thr_mid": "10",
          "IMUF_w": " 48",
          "throttle_boost": "5",
          "spa_roll_p": "100",
          "thr_expo": "30",
          "looptime": "96",
          "feathered_pids": "0",
          "smith_predict_delay": "40",
          "rc_expo": "30,30,30",
          "dterm_lowpass_hz_yaw": "110",
          "debug_mode": "6",
          "P ratio": "48",
          "IMUF_roll_q": " 7000",
          "use_unsynced_pwm": "0",
          "dterm_dyn_notch_q": "400",
          "tpa_rate_p": "75",
          "spa_roll_d": "100",
          "smith_predict_enabled": "1",
        },
      ),
      stats: Stats(
        counts: FrameCounts(
          event: 2,
          main: 199981,
          slow: 17,
          gps: 0,
          gps_home: 0,
        ),
      ),
      capped: true,
      events: [
        SyncBeep(33246310),
        FlightMode(
          flags: 4194305,
          last_flags: 2151677953,
        ),
      ],
      main: MainSnapshot(
        count: 199981,
        last_iteration: 1189147,
        time: FieldSnapshot(
          min: 0,
          max: 155324842,
          unique: 199981,
          histogram: (12484, 12383, 12575, 12584, 12584, 12502, 12534, 12618, 12493, 12517, 12537, 12460, 12319, 12611, 12321, 12459),
        ),
        fields: Fields([
          FieldSnapshot(
            name: "axisP[0]",
            unit: Unitless,
            history: FieldSnapshot(
              min: -340,
              max: 484,
              unique: 621,
              histogram: (27653, 25076, 23150, 20967, 18436, 15691, 13513, 11588, 9578, 8128, 6760, 5359, 4589, 3728, 3141, 2624),
            ),
          ),
          FieldSnapshot(
            name: "axisP[1]",
            unit: Unitless,
            history: FieldSnapshot(
              min: -595,
              max: 693,
              unique: 847,
              histogram: (22743, 22201, 20806, 18260, 16527, 14861, 13751, 12205, 11019, 9664, 8389, 7502, 6655, 5681, 5140, 4577),
            ),
          ),
          FieldSnapshot(
            name: "axisP[2]",
            unit: Unitless,
            history: FieldSnapshot(
              min: -108,
              max: 72,
              unique: 179,
              histogram: (24357, 23028, 20890, 19205, 17195, 15472, 13625, 11619, 10280, 8925, 7798, 6936, 5955, 5424, 4970, 4302),
            ),
          ),
          FieldSnapshot(
            name: "axisI[0]",
            unit: Unitless,
            history: FieldSnapshot(
              min: -131,
              max: 92,
              unique: 224,
              histogram: (18286, 12862, 12928, 12569, 12139, 12129, 10659, 12139, 15822, 16874, 14467, 11685, 10082, 10748, 9374, 7218),
            ),
          ),
          FieldSnapshot(
            name: "axisI[1]",
            unit: Unitless,
            history: FieldSnapshot(
              min: -72,
              max: 144,
              unique: 217,
              histogram: (20037, 13881, 13593, 11187, 12945, 11958, 13741, 14104, 13456, 12329, 10978, 10564, 10322, 10003, 9981, 10902),
            ),
          ),
          FieldSnapshot(
            name: "axisI[2]",
            unit: Unitless,
            history: FieldSnapshot(
              min: -91,
              max: 94,
              unique: 186,
              histogram: (18973, 15274, 14983, 16248, 14879, 12408, 10902, 12073, 11233, 11565, 11002, 12454, 11331, 9467, 8502, 8687),
            ),
          ),
          FieldSnapshot(
            name: "axisD[0]",
            unit: Unitless,
            history: FieldSnapshot(
              min: -209,
              max: 214,
              unique: 331,
              histogram: (18911, 17951, 17088, 15882, 14945, 14143, 13167, 12342, 11705, 11069, 10452, 9670, 8951, 8415, 7913, 7377),
            ),
          ),
          FieldSnapshot(
            name: "axisD[1]",
            unit: Unitless,
            history: FieldSnapshot(
              min: -319,
              max: 364,
              unique: 418,
              histogram: (18539, 17818, 17130, 16101, 15223, 14300, 13372, 12494, 11844, 11081, 10335, 9600, 8964, 8393, 7711, 7076),
            ),
          ),
          FieldSnapshot(
            name: "axisD[2]",
            unit: Unitless,
            history: FieldSnapshot(
              min: -5,
              max: 5,
              unique: 10,
              histogram: (183718, 16113, 133, 12, 1, 4, 0, 0, 0, 0, 0, 0, 0, 0, 0, 0),
            ),
          ),
          FieldSnapshot(
            name: "axisF[0]",
            unit: Unitless,
            history: FieldSnapshot(
              min: 0,
              max: 0,
              unique: 1,
            ),
          ),
          FieldSnapshot(
            name: "axisF[1]",
            unit: Unitless,
            history: FieldSnapshot(
              min: 0,
              max: 0,
              unique: 1,
            ),
          ),
          FieldSnapshot(
            name: "axisF[2]",
            unit: Unitless,
            history: FieldSnapshot(
              min: 0,
              max: 0,
              unique: 1,
            ),
          ),
          FieldSnapshot(
            name: "rcCommand[0]",
            unit: Unitless,
            history: FieldSnapshot(
              min: -490,
              max: 493,
              unique: 935,
              histogram: (29126, 18295, 15403, 13042, 11574, 11685, 11253, 9930, 9381, 9322, 9016, 10467, 10561, 9825, 9784, 11317),
            ),
          ),
          FieldSnapshot(
            name: "rcCommand[1]",
            unit: Unitless,
            history: FieldSnapshot(
              min: -261,
              max: 499,
              unique: 761,
              histogram: (29737, 22165, 25241, 15159, 10489, 9879, 8880, 9500, 8594, 8640, 8603, 7904, 9231, 8550, 9024, 8385),
            ),
          ),
          FieldSnapshot(
            name: "rcCommand[2]",
            unit: Unitless,
            history: FieldSnapshot(
              min: -319,
              max: 369,
              unique: 689,
              histogram: (34508, 26926, 15719, 10958, 10843, 9592, 9270, 9670, 9521, 8934, 8708, 9344, 9112, 8504, 8972, 9400),
            ),
          ),
          FieldSnapshot(
            name: "rcCommand[3]",
            unit: Unitless,
            history: FieldSnapshot(
              min: 0,
              max: 1999,
              unique: 1001,
              histogram: (11944, 13233, 12057, 11190, 12625, 9035, 11050, 16067, 17632, 9844, 11108, 14415, 11373, 12295, 10572, 15541),
            ),
          ),
          FieldSnapshot(
            name: "setpoint[0]",
            unit: Unitless,
            history: FieldSnapshot(
              min: -730,
              max: 749,
              unique: 1140,
              histogram: (33287, 18804, 10885, 10877, 9894, 12188, 12023, 12443, 12861, 9860, 9712, 9865, 9895, 8933, 9852, 8602),
            ),
          ),
          FieldSnapshot(
            name: "setpoint[1]",
            unit: Unitless,
            history: FieldSnapshot(
              min: -128,
              max: 800,
              unique: 906,
              histogram: (31577, 41839, 13964, 16425, 14749, 9620, 10594, 10050, 8811, 8068, 7438, 6980, 5137, 4143, 5849, 4737),
            ),
          ),
          FieldSnapshot(
            name: "setpoint[2]",
            unit: Unitless,
            history: FieldSnapshot(
              min: -172,
              max: 245,
              unique: 418,
              histogram: (46455, 26559, 12910, 11863, 12512, 12526, 11238, 8750, 9139, 7188, 7659, 7310, 7155, 6139, 6377, 6201),
            ),
          ),
          FieldSnapshot(
            name: "setpoint[3]",
            unit: Unitless,
            history: FieldSnapshot(
              min: 0,
              max: 1000,
              unique: 1001,
              histogram: (22967, 9481, 10634, 14240, 11167, 12451, 10564, 11700, 15954, 13251, 11683, 11444, 12736, 10331, 9579, 11799),
            ),
          ),
          FieldSnapshot(
            name: "vbatLatest",
            unit: Voltage,
            history: FieldSnapshot(
              min: 0,
              max: 2490,
              unique: 52,
              histogram: (21725, 0, 30689, 0, 19786, 0, 25343, 0, 30920, 0, 19271, 0, 28896, 0, 23351, 0),
            ),
          ),
          FieldSnapshot(
            name: "amperageLatest",
            unit: Amperage,
            history: FieldSnapshot(
              min: 0,
              max: 131600,
              unique: 1084,
              histogram: (102184, 0, 0, 0, 0, 0, 0, 0, 97797, 0, 0, 0, 0, 0, 0, 0),
            ),
          ),
          FieldSnapshot(
            name: "rssi",
            unit: Unitless,
            history: FieldSnapshot(
              min: 0,
              max: 1023,
              unique: 63,
              histogram: (20467, 10882, 10121, 22454, 1869, 24103, 2592, 20632, 7407, 12392, 16740, 5114, 19117, 3133, 20352, 2606),
            ),
          ),
          FieldSnapshot(
            name: "gyroADC[0]",
            unit: Rotation,
            history: FieldSnapshot(
              min: -733,
              max: 770,
              unique: 1160,
              histogram: (16606, 19256, 17829, 16000, 14214, 13254, 12460, 11924, 11087, 10649, 10036, 9854, 9696, 9410, 8989, 8717),
            ),
          ),
          FieldSnapshot(
            name: "gyroADC[1]",
            unit: Rotation,
            history: FieldSnapshot(
              min: -149,
              max: 819,
              unique: 933,
              histogram: (17595, 24336, 22288, 19814, 17455, 14741, 12952, 11473, 10300, 9042, 7809, 7227, 6801, 6387, 5889, 5872),
            ),
          ),
          FieldSnapshot(
            name: "gyroADC[2]",
            unit: Rotation,
            history: FieldSnapshot(
              min: -164,
              max: 233,
              unique: 398,
              histogram: (19067, 25497, 21469, 18136, 15552, 13693, 12285, 10695, 9622, 8618, 7866, 7351, 7283, 7569, 7663, 7615),
            ),
          ),
          FieldSnapshot(
            name: "accSmooth[0]",
            unit: Acceleration,
            history: FieldSnapshot(
              min: -3480,
              max: 2942,
              unique: 3123,
              histogram: (12682, 12651, 12753, 12494, 12726, 12511, 12361, 12645, 12504, 12378, 12370, 12629, 12516, 12067, 12537, 12157),
            ),
          ),
          FieldSnapshot(
            name: "accSmooth[1]",
            unit: Acceleration,
            history: FieldSnapshot(
              min: -2493,
              max: 1808,
              unique: 2669,
              histogram: (12431, 12751, 13274, 12401, 12437, 12391, 12545, 12758, 12477, 12766, 12185, 12652, 12359, 12258, 12303, 11993),
            ),
          ),
          FieldSnapshot(
            name: "accSmooth[2]",
            unit: Acceleration,
            history: FieldSnapshot(
              min: -6980,
              max: 13692,
              unique: 7946,
              histogram: (12409, 12612, 12664, 12444, 12631, 12578, 12732, 12321, 12740, 12167, 12409, 12455, 12634, 12136, 12546, 12503),
            ),
          ),
          FieldSnapshot(
            name: "debug[0]",
            unit: Unitless,
            history: FieldSnapshot(
              min: -733,
              max: 770,
              unique: 1161,
              histogram: (16602, 19290, 17743, 15964, 14257, 13256, 12526, 11917, 11051, 10631, 10066, 9880, 9665, 9415, 9027, 8691),
            ),
          ),
          FieldSnapshot(
            name: "debug[1]",
            unit: Unitless,
            history: FieldSnapshot(
              min: -149,
              max: 819,
              unique: 938,
              histogram: (17593, 24312, 22304, 19817, 17470, 14713, 12963, 11443, 10317, 9019, 7803, 7240, 6816, 6394, 5886, 5891),
            ),
          ),
          FieldSnapshot(
            name: "debug[2]",
            unit: Unitless,
            history: FieldSnapshot(
              min: -164,
              max: 233,
              unique: 398,
              histogram: (19065, 25512, 21470, 18097, 15549, 13696, 12274, 10696, 9623, 8627, 7868, 7322, 7299, 7581, 7677, 7625),
            ),
          ),
          FieldSnapshot(
            name: "debug[3]",
            unit: Unitless,
            history: FieldSnapshot(
              min: 0,
              max: 0,
              unique: 1,
            ),
          ),
          FieldSnapshot(
            name: "motor[0]",
            unit: Unitless,
            history: FieldSnapshot(
              min: 0,
              max: 1598,
              unique: 1445,
              histogram: (12214, 12290, 14467, 13810, 12624, 12139, 12257, 12118, 12211, 12223, 12446, 12224, 12334, 12158, 12340, 12126),
            ),
          ),
          FieldSnapshot(
            name: "motor[1]",
            unit: Unitless,
            history: FieldSnapshot(
              min: 0,
              max: 1594,
              unique: 1439,
              histogram: (12256, 13158, 14271, 12733, 12706, 12227, 12494, 12233, 12290, 12276, 12325, 12295, 12236, 12127, 12103, 12251),
            ),
          ),
          FieldSnapshot(
            name: "motor[2]",
            unit: Unitless,
            history: FieldSnapshot(
              min: 0,
              max: 1596,
              unique: 1448,
              histogram: (12253, 12407, 13061, 12583, 12745, 12406, 12498, 12511, 12432, 12451, 12435, 12349, 12323, 12460, 12508, 12559),
            ),
          ),
          FieldSnapshot(
            name: "motor[3]",
            unit: Unitless,
            history: FieldSnapshot(
              min: 0,
              max: 1595,
              unique: 1446,
              histogram: (12190, 13596, 13967, 12525, 12616, 12362, 12423, 12422, 12330, 12010, 12396, 12243, 12180, 12192, 12210, 12319),
            ),
          ),
        ]),
      ),
      slow: SlowSnapshot(
        count: 17,
        fields: Fields([
          FieldSnapshot(
            name: "flightModeFlags",
            unit: FlightMode,
            history: {
              "ARM": 17,
              "FPV_ANGLE_MIX": 17,
              "PARALYZE": 1,
            },
          ),
          FieldSnapshot(
            name: "stateFlags",
            unit: State,
            history: {},
          ),
          FieldSnapshot(
            name: "failsafePhase",
            unit: FailsafePhase,
            history: {
              "IDLE": 17,
            },
          ),
          FieldSnapshot(
            name: "rxSignalReceived",
            unit: Boolean,
            history: History(
              yes: 16,
              no: 1,
            ),
          ),
          FieldSnapshot(
            name: "rxFlightChannelsValid",
            unit: Boolean,
            history: History(
              yes: 17,
              no: 0,
            ),
          ),
        ]),
      ),
    )),
  ],
)
