---
source: tests/snapshots.rs
expression: snapshot
input_file: ".modules/gimbal-ghost/test/LOG00001.BFL"
---
FileSnapshot(
  count: 1,
  logs: [
    Ok(LogSnapshot(
      headers: Headers(
        firmware_revision: "Betaflight 4.3.0 (fc8318f54) STM32F405",
        firmware: Betaflight("4.3.0"),
        board_info: Some("MTKS MATEKF405CTR"),
        craft_name: None,
        debug_mode: GyroScaled,
        disabled_fields: [],
        features: [
          RxSerial,
          SoftSerial,
          Gps,
          Telemetry,
          Osd,
          AirMode,
          AntiGravity,
        ],
        vbat_reference: Some(1629),
        acceleration_1g: Some(2048),
        gyro_scale: Some(0.017453292),
        min_throttle: Some(1070),
        motor_output_range: Some(MotorOutputRange(
          min: 158,
          max: 2047,
        )),
        unknown: {
          "acc_hardware": "0",
          "dterm_notch_cutoff": "0",
          "pid_process_denom": "1",
          "gyro_cal_on_first_arm": "0",
          "yaw_lowpass_hz": "100",
          "acc_limit_yaw": "0",
          "dyn_notch_max_hz": "600",
          "yaw_deadband": "0",
          "mag_hardware": "1",
          "simplified_dterm_filter_multiplier": "100",
          "dshot_bidir": "1",
          "dterm_lpf1_dyn_hz": "75,150",
          "simplified_feedforward_gain": "100",
          "gyro_sync_denom": "1",
          "simplified_dterm_filter": "1",
          "serialrx_provider": "12",
          "throttle_limit_type": "0",
          "dshot_idle_value": "550",
          "dyn_idle_p_gain": "50",
          "rc_smoothing_debug_axis": "0",
          "motor_output_limit": "100",
          "gyro_to_use": "0",
          "dterm_lpf2_type": "0",
          "vbatcellvoltage": "330,350,430",
          "tpa_breakpoint": "1350",
          "rpm_filter_harmonics": "3",
          "throttle_limit_percent": "100",
          "rates": "67,67,67",
          "acc_limit": "0",
          "d_min": "30,34,0",
          "feedforward_averaging": "0",
          "gyro_lpf1_static_hz": "250",
          "d_max_gain": "37",
          "dyn_idle_min_rpm": "0",
          "gyro_lpf1_dyn_hz": "250,500",
          "motor_poles": "14",
          "acc_lpf_hz": "1000",
          "vbat_sag_compensation": "0",
          "baro_hardware": "0",
          "rc_rates": "7,7,7",
          "pid_at_min_throttle": "1",
          "d_max_advance": "20",
          "P interval": "8",
          "rates_type": "3",
          "dyn_idle_i_gain": "50",
          "pidsum_limit_yaw": "400",
          "pidsum_limit": "500",
          "dyn_notch_min_hz": "150",
          "motor_pwm_rate": "480",
          "rc_smoothing_auto_factor_throttle": "30",
          "dyn_notch_q": "500",
          "dterm_notch_hz": "0",
          "rollPID": "45,80,40",
          "rc_smoothing_setpoint_cutoff": "0",
          "yawPID": "45,80,0",
          "levelPID": "50,50,75",
          "airmode_activate_throttle": "25",
          "rc_smoothing_feedforward_cutoff": "0",
          "gyro_hardware_lpf": "0",
          "anti_gravity_gain": "3500",
          "rc_smoothing_rx_average": "9059",
          "dyn_idle_max_increase": "150",
          "feedforward_max_rate_limit": "90",
          "rc_smoothing_auto_factor": "30",
          "iterm_windup": "85",
          "gyro_notch_cutoff": "0,0",
          "throttle_boost_cutoff": "15",
          "simplified_pitch_d_gain": "100",
          "rc_smoothing_active_cutoffs_ff_sp_thr": "41,41,41",
          "deadband": "0",
          "tpa_rate": "65",
          "rate_limits": "1998,1998,1998",
          "simplified_d_gain": "100",
          "rpm_filter_fade_range_hz": "50",
          "maxthrottle": "2000",
          "feedforward_smooth_factor": "25",
          "I interval": "256",
          "use_integrated_yaw": "0",
          "simplified_dmax_gain": "100",
          "simplified_gyro_filter": "1",
          "gyro_lpf1_type": "0",
          "rpm_filter_min_hz": "100",
          "dyn_idle_d_gain": "50",
          "simplified_pids_mode": "2",
          "Log start datetime": "2022-02-01T16:16:32.235+00:00",
          "gyro_lpf2_type": "0",
          "anti_gravity_mode": "0",
          "simplified_master_multiplier": "100",
          "iterm_relax": "1",
          "dyn_notch_count": "1",
          "gyro_notch_hz": "0,0",
          "iterm_relax_cutoff": "15",
          "simplified_pitch_pi_gain": "100",
          "rc_smoothing_throttle_cutoff": "0",
          "feedforward_boost": "15",
          "dterm_lpf1_type": "0",
          "motor_pwm_protocol": "7",
          "gyro_lpf2_static_hz": "500",
          "anti_gravity_threshold": "250",
          "rpm_filter_q": "500",
          "rc_smoothing": "1",
          "dterm_lpf1_static_hz": "75",
          "pitchPID": "47,84,46",
          "simplified_pi_gain": "100",
          "magPID": "40",
          "simplified_gyro_filter_multiplier": "100",
          "feedforward_jitter_factor": "7",
          "ff_weight": "120,125,120",
          "Firmware date": "Jan 30 2022 01:43:14",
          "iterm_relax_type": "1",
          "simplified_i_gain": "100",
          "rpm_filter_lpf_hz": "150",
          "thr_mid": "50",
          "throttle_boost": "5",
          "feedforward_transition": "0",
          "thr_expo": "0",
          "looptime": "125",
          "rc_expo": "0,0,0",
          "P ratio": "32",
          "dterm_lpf2_static_hz": "150",
          "use_unsynced_pwm": "0",
          "abs_control_gain": "0",
        },
      ),
      stats: Stats(
        counts: FrameCounts(
          event: 1,
          main: 198955,
          slow: 29,
          gps: 1015,
          gps_home: 0,
        ),
      ),
      capped: true,
      events: [
        SyncBeep(385573225),
      ],
      main: MainSnapshot(
        count: 198955,
        last_iteration: 1591562,
        time: FieldSnapshot(
          min: 0,
          max: 589915901,
          unique: 198955,
          histogram: (12296, 12414, 12374, 12409, 12440, 12433, 12334, 12471, 12361, 12483, 12257, 12552, 12638, 12457, 12434, 12602),
        ),
        fields: Fields([
          FieldSnapshot(
            name: "axisP[0]",
            unit: Unitless,
            history: FieldSnapshot(
              min: -55,
              max: 56,
              unique: 100,
              histogram: (40753, 36244, 28945, 22454, 16886, 13003, 10014, 7785, 5965, 4527, 3594, 2773, 2157, 1643, 1213, 999),
            ),
          ),
          FieldSnapshot(
            name: "axisP[1]",
            unit: Unitless,
            history: FieldSnapshot(
              min: -44,
              max: 44,
              unique: 86,
              histogram: (42995, 36846, 29096, 22303, 16983, 12591, 9612, 7428, 5544, 4221, 3200, 2472, 1940, 1583, 1198, 943),
            ),
          ),
          FieldSnapshot(
            name: "axisP[2]",
            unit: Unitless,
            history: FieldSnapshot(
              min: -32,
              max: 21,
              unique: 51,
              histogram: (94508, 53546, 25185, 11568, 5779, 3281, 1706, 1001, 659, 546, 400, 287, 172, 135, 115, 67),
            ),
          ),
          FieldSnapshot(
            name: "axisI[0]",
            unit: Unitless,
            history: FieldSnapshot(
              min: -58,
              max: 69,
              unique: 128,
              histogram: (23362, 19218, 18211, 18421, 18048, 16489, 16227, 13122, 10876, 8458, 7336, 7137, 6300, 6075, 4960, 4715),
            ),
          ),
          FieldSnapshot(
            name: "axisI[1]",
            unit: Unitless,
            history: FieldSnapshot(
              min: -67,
              max: 111,
              unique: 179,
              histogram: (16471, 13337, 13370, 12536, 11535, 10679, 12210, 13604, 13822, 13080, 13627, 13423, 12292, 10445, 9981, 8543),
            ),
          ),
          FieldSnapshot(
            name: "axisI[2]",
            unit: Unitless,
            history: FieldSnapshot(
              min: -84,
              max: 112,
              unique: 197,
              histogram: (20496, 15795, 14909, 14629, 15545, 15516, 13684, 13137, 11683, 11833, 9361, 9597, 9456, 8763, 7239, 7312),
            ),
          ),
          FieldSnapshot(
            name: "axisD[0]",
            unit: Unitless,
            history: FieldSnapshot(
              min: -115,
              max: 140,
              unique: 158,
              histogram: (27258, 25725, 23569, 20857, 17919, 15209, 12754, 10977, 9425, 7729, 6529, 5718, 4918, 4006, 3438, 2924),
            ),
          ),
          FieldSnapshot(
            name: "axisD[1]",
            unit: Unitless,
            history: FieldSnapshot(
              min: -76,
              max: 74,
              unique: 120,
              histogram: (34014, 31438, 26937, 22439, 17993, 14381, 11449, 9202, 7408, 5883, 4796, 3846, 3031, 2493, 2021, 1624),
            ),
          ),
          FieldSnapshot(
            name: "axisF[0]",
            unit: Unitless,
            history: FieldSnapshot(
              min: -30,
              max: 38,
              unique: 69,
              histogram: (166686, 12460, 7843, 4555, 2595, 1592, 1061, 618, 467, 325, 230, 176, 153, 74, 64, 56),
            ),
          ),
          FieldSnapshot(
            name: "axisF[1]",
            unit: Unitless,
            history: FieldSnapshot(
              min: -17,
              max: 20,
              unique: 38,
              histogram: (177320, 9317, 6106, 2581, 1504, 928, 455, 270, 120, 115, 55, 38, 34, 46, 33, 33),
            ),
          ),
          FieldSnapshot(
            name: "axisF[2]",
            unit: Unitless,
            history: FieldSnapshot(
              min: -49,
              max: 33,
              unique: 71,
              histogram: (180325, 7169, 4621, 2666, 1313, 968, 606, 319, 227, 186, 142, 138, 139, 72, 41, 23),
            ),
          ),
          FieldSnapshot(
            name: "rcCommand[0]",
            unit: Unitless,
            history: FieldSnapshot(
              min: -300,
              max: 171,
              unique: 331,
              histogram: (26441, 12954, 22032, 8792, 14456, 7931, 13396, 6352, 16741, 6411, 16099, 8299, 13489, 6089, 13413, 6060),
            ),
          ),
          FieldSnapshot(
            name: "rcCommand[1]",
            unit: Unitless,
            history: FieldSnapshot(
              min: -159,
              max: 120,
              unique: 233,
              histogram: (40294, 15349, 22340, 8453, 17511, 7223, 13837, 8340, 13034, 3821, 11874, 4095, 11868, 4458, 12643, 3815),
            ),
          ),
          FieldSnapshot(
            name: "rcCommand[2]",
            unit: Unitless,
            history: FieldSnapshot(
              min: -119,
              max: 249,
              unique: 288,
              histogram: (22075, 19452, 24631, 7241, 20665, 7189, 13467, 6567, 14878, 7358, 13861, 5084, 14118, 5626, 10435, 6308),
            ),
          ),
          FieldSnapshot(
            name: "rcCommand[3]",
            unit: Unitless,
            history: FieldSnapshot(
              min: 0,
              max: 1844,
              unique: 837,
              histogram: (10168, 13156, 19285, 10592, 13292, 12571, 8569, 13780, 15102, 11635, 18045, 9823, 9132, 14599, 12172, 7034),
            ),
          ),
          FieldSnapshot(
            name: "setpoint[0]",
            unit: Unitless,
            history: FieldSnapshot(
              min: -258,
              max: 94,
              unique: 332,
              histogram: (30317, 14313, 14436, 16834, 13349, 10551, 11321, 9293, 8612, 10593, 13728, 10416, 9620, 6924, 8635, 10013),
            ),
          ),
          FieldSnapshot(
            name: "setpoint[1]",
            unit: Unitless,
            history: FieldSnapshot(
              min: -83,
              max: 51,
              unique: 135,
              histogram: (47937, 21427, 13960, 17926, 13474, 10114, 8684, 8375, 7123, 8313, 6338, 8352, 8526, 6222, 6099, 6085),
            ),
          ),
          FieldSnapshot(
            name: "setpoint[2]",
            unit: Unitless,
            history: FieldSnapshot(
              min: -50,
              max: 183,
              unique: 230,
              histogram: (38301, 21277, 16133, 11297, 11265, 9210, 9458, 12475, 11265, 7502, 8797, 8498, 10582, 8300, 7585, 7010),
            ),
          ),
          FieldSnapshot(
            name: "setpoint[3]",
            unit: Unitless,
            history: FieldSnapshot(
              min: 0,
              max: 848,
              unique: 837,
              histogram: (14920, 11458, 18303, 10256, 9168, 14327, 11911, 7252, 10150, 13450, 18858, 10485, 13132, 12632, 8620, 14033),
            ),
          ),
          FieldSnapshot(
            name: "vbatLatest",
            unit: Voltage,
            history: FieldSnapshot(
              min: 0,
              max: 17520,
              unique: 433,
              histogram: (23578, 0, 24171, 0, 25741, 0, 24735, 0, 25478, 0, 24049, 0, 26603, 0, 24600, 0),
            ),
          ),
          FieldSnapshot(
            name: "amperageLatest",
            unit: Amperage,
            history: FieldSnapshot(
              min: 0,
              max: 75580,
              unique: 764,
              histogram: (25315, 0, 25499, 0, 27354, 0, 23536, 0, 24970, 0, 24490, 0, 23634, 0, 24157, 0),
            ),
          ),
          FieldSnapshot(
            name: "BaroAlt",
            unit: Unitless,
            history: FieldSnapshot(
              min: -381,
              max: 9556,
              unique: 4899,
              histogram: (12810, 13315, 12101, 12379, 12230, 12491, 12079, 12372, 11802, 13608, 12982, 11913, 11990, 13414, 11480, 11989),
            ),
          ),
          FieldSnapshot(
            name: "rssi",
            unit: Unitless,
            history: FieldSnapshot(
              min: 0,
              max: 918,
              unique: 521,
              histogram: (14382, 10845, 14721, 12161, 11935, 13967, 10274, 15580, 9818, 14644, 11007, 12004, 12706, 10358, 14225, 10328),
            ),
          ),
          FieldSnapshot(
            name: "gyroADC[0]",
            unit: Rotation,
            history: FieldSnapshot(
              min: -270,
              max: 97,
              unique: 354,
              histogram: (15863, 22164, 18307, 16215, 14481, 13065, 11509, 10799, 10292, 10441, 10428, 10425, 9554, 8824, 8426, 8162),
            ),
          ),
          FieldSnapshot(
            name: "gyroADC[1]",
            unit: Rotation,
            history: FieldSnapshot(
              min: -103,
              max: 64,
              unique: 166,
              histogram: (21012, 31294, 24136, 18720, 15044, 12581, 10688, 9848, 9023, 8507, 8092, 7162, 6633, 5914, 5389, 4912),
            ),
          ),
          FieldSnapshot(
            name: "gyroADC[2]",
            unit: Rotation,
            history: FieldSnapshot(
              min: -55,
              max: 190,
              unique: 244,
              histogram: (23321, 32069, 20958, 14225, 10744, 9707, 9312, 9942, 9632, 9176, 9360, 9614, 9551, 8410, 6527, 6407),
            ),
          ),
          FieldSnapshot(
            name: "accSmooth[0]",
            unit: Acceleration,
            history: FieldSnapshot(
              min: -1554,
              max: 445,
              unique: 1833,
              histogram: (12614, 12860, 13144, 12625, 12774, 12293, 12341, 12943, 12222, 11985, 11980, 12389, 12121, 12286, 12194, 12184),
            ),
          ),
          FieldSnapshot(
            name: "accSmooth[1]",
            unit: Acceleration,
            history: FieldSnapshot(
              min: -1045,
              max: 1362,
              unique: 2158,
              histogram: (12393, 12480, 12913, 12434, 12641, 12458, 12669, 13019, 12619, 12613, 12083, 12659, 12193, 12086, 11981, 11714),
            ),
          ),
          FieldSnapshot(
            name: "accSmooth[2]",
            unit: Acceleration,
            history: FieldSnapshot(
              min: -298,
              max: 4576,
              unique: 4298,
              histogram: (12369, 12412, 12537, 12432, 12395, 12438, 12393, 12244, 12347, 12591, 12660, 12456, 12303, 12501, 12427, 12450),
            ),
          ),
          FieldSnapshot(
            name: "debug[0]",
            unit: Unitless,
            history: FieldSnapshot(
              min: -471,
              max: 332,
              unique: 637,
              histogram: (13236, 15541, 14731, 13644, 13471, 13301, 12775, 12330, 12154, 12026, 11798, 11314, 10976, 10914, 10470, 10274),
            ),
          ),
          FieldSnapshot(
            name: "debug[1]",
            unit: Unitless,
            history: FieldSnapshot(
              min: -155,
              max: 103,
              unique: 235,
              histogram: (13386, 18023, 16482, 15285, 14920, 14304, 13275, 12737, 12139, 11639, 10880, 10431, 9759, 8994, 8634, 8067),
            ),
          ),
          FieldSnapshot(
            name: "debug[2]",
            unit: Unitless,
            history: FieldSnapshot(
              min: -93,
              max: 225,
              unique: 301,
              histogram: (13352, 17670, 15845, 14868, 14565, 13841, 13244, 12552, 11910, 11519, 11041, 10387, 10130, 9765, 9332, 8934),
            ),
          ),
          FieldSnapshot(
            name: "debug[3]",
            unit: Unitless,
            history: FieldSnapshot(
              min: 0,
              max: 0,
              unique: 1,
            ),
          ),
          FieldSnapshot(
            name: "motor[0]",
            unit: Unitless,
            history: FieldSnapshot(
              min: 0,
              max: 2057,
              unique: 1873,
              histogram: (12269, 12536, 12411, 12449, 12433, 12082, 12443, 12484, 12378, 12322, 12296, 12378, 12508, 12599, 12876, 12491),
            ),
          ),
          FieldSnapshot(
            name: "motor[1]",
            unit: Unitless,
            history: FieldSnapshot(
              min: 0,
              max: 1848,
              unique: 1579,
              histogram: (12501, 12322, 12274, 12250, 12618, 12454, 12660, 12110, 12327, 12356, 12357, 12619, 12609, 12493, 12588, 12417),
            ),
          ),
          FieldSnapshot(
            name: "motor[2]",
            unit: Unitless,
            history: FieldSnapshot(
              min: 0,
              max: 1986,
              unique: 1769,
              histogram: (12309, 12157, 12368, 12370, 12381, 12536, 12319, 12317, 12372, 12417, 12459, 12289, 12627, 12806, 12603, 12625),
            ),
          ),
          FieldSnapshot(
            name: "motor[3]",
            unit: Unitless,
            history: FieldSnapshot(
              min: 0,
              max: 1851,
              unique: 1656,
              histogram: (12510, 12408, 12425, 12464, 12374, 12371, 12244, 12355, 12514, 12361, 12534, 12638, 12369, 12427, 12536, 12425),
            ),
          ),
        ]),
      ),
      slow: SlowSnapshot(
        count: 29,
        fields: Fields([
          FieldSnapshot(
            name: "flightModeFlags",
            unit: FlightMode,
            history: {
              "ARM": 29,
            },
          ),
          FieldSnapshot(
            name: "stateFlags",
            unit: State,
            history: {
              "GPS_FIX": 26,
              "GPS_FIX_EVER": 29,
            },
          ),
          FieldSnapshot(
            name: "failsafePhase",
            unit: FailsafePhase,
            history: {
              "IDLE": 29,
            },
          ),
          FieldSnapshot(
            name: "rxSignalReceived",
            unit: Boolean,
            history: History(
              yes: 29,
              no: 0,
            ),
          ),
          FieldSnapshot(
            name: "rxFlightChannelsValid",
            unit: Boolean,
            history: History(
              yes: 29,
              no: 0,
            ),
          ),
        ]),
      ),
      gps: GpsSnapshot(
        count: 1015,
        time: (),
        fields: Fields([
          FieldSnapshot(
            name: "GPS_numSat",
            unit: Unitless,
            history: FieldSnapshot(
              min: 0,
              max: 6,
              unique: 4,
              histogram: (37, 0, 0, 0, 481, 250, 247, 0, 0, 0, 0, 0, 0, 0, 0, 0),
            ),
          ),
          FieldSnapshot(
            name: "GPS_coord[0]",
            unit: GpsCoordinate,
            history: FieldSnapshot(
              min: -337981507,
              max: 0,
              unique: 953,
              histogram: (63, 60, 58, 72, 66, 83, 62, 68, 60, 68, 64, 47, 63, 57, 64, 60),
            ),
          ),
          FieldSnapshot(
            name: "GPS_coord[1]",
            unit: GpsCoordinate,
            history: FieldSnapshot(
              min: 0,
              max: 201019858,
              unique: 966,
              histogram: (68, 56, 74, 61, 61, 56, 62, 78, 64, 73, 60, 52, 51, 68, 64, 67),
            ),
          ),
          FieldSnapshot(
            name: "GPS_altitude",
            unit: Altitude,
            history: FieldSnapshot(
              min: 0,
              max: 3747,
              unique: 669,
              histogram: (64, 58, 62, 68, 47, 57, 61, 64, 75, 55, 54, 72, 62, 53, 87, 76),
            ),
          ),
          FieldSnapshot(
            name: "GPS_speed",
            unit: Velocity,
            history: FieldSnapshot(
              min: 0,
              max: 2806,
              unique: 802,
              histogram: (77, 82, 67, 51, 59, 60, 74, 67, 68, 62, 64, 68, 57, 54, 58, 47),
            ),
          ),
          FieldSnapshot(
            name: "GPS_ground_course",
            unit: GpsHeading,
            history: FieldSnapshot(
              min: 0,
              max: 3598,
              unique: 740,
              histogram: (64, 57, 99, 76, 88, 43, 79, 52, 62, 58, 75, 38, 57, 51, 52, 64),
            ),
          ),
        ]),
      ),
    )),
  ],
)
