---
source: tests/snapshots.rs
expression: snapshot
input_file: ".modules/fc-blackbox/src/test-data/crashing-LOG00002.BFL"
---
FileSnapshot(
  count: 1,
  logs: [
    Ok(LogSnapshot(
      headers: Headers(
        version: V2,
        firmware_revision: "EmuFlight 3.7.0 (9366544) OMNIBUSF4SD",
        firmware_kind: EmuFlight,
        board_info: None,
        craft_name: Some("25x25_blaxkbox_s"),
        vbat_reference: None,
        acceleration_1g: Some(2048),
        gyro_scale: Some(0.017453292),
        min_throttle: Some(1070),
        motor_output_range: Some(MotorOutputRange(
          min: 1070,
          max: 2000,
        )),
        unknown: {
          "acc_hardware": "0",
          "emu_boost_yaw": "0",
          "deadband": "0",
          "gyro_lowpass2_type": "0",
          "gyro_lowpass2_hz_yaw": "0",
          "pid_process_denom": "1",
          "gyro_lowpass2_hz_pitch": "0",
          "gyro_cal_on_first_arm": "0",
          "acc_limit_yaw": "0",
          "mag_hardware": "1",
          "spa_pitch_i": "85",
          "yaw_deadband": "0",
          "maxthrottle": "2000",
          "witchcraft_roll": "2",
          "I interval": "256",
          "dterm_lowpass_hz_roll": "90",
          "smart_smoothing_roll": "0",
          "rate_correction": "10,10",
          "gyro_sync_denom": "1",
          "rate_weight": "0,0",
          "gyro_32khz_hardware_lpf": "0",
          "gyro_lowpass2_hz_roll": "0",
          "serialrx_provider": "9",
          "levelPIDLOW": "100,10,40",
          "gyro_lowpass_hz_yaw": "0",
          "spa_pitch_d": "110",
          "spa_roll_i": "85",
          "dterm_lowpass2_hz_yaw": "200",
          "emu_boost": "0",
          "gyro_lowpass_type": "0",
          "witchcraft_yaw": "0",
          "gyro_lowpass_hz_roll": "0",
          "Log start datetime": "0000-01-01T00:00:00.000+00:00",
          "smart_smoothing_pitch": "0",
          "dterm_filter_type": "1",
          "smart_smoothing_yaw": "0",
          "gyro_lowpass_hz_pitch": "0",
          "rc_interpolation_interval": "19",
          "dterm_lowpass2_hz_roll": "200",
          "rc_interpolation": "2",
          "tpa_breakpoint": "1600",
          "dterm_lowpass_hz_pitch": "90",
          "rates": "70,70,70",
          "acc_limit": "0",
          "gyro_notch_hz": "260,0",
          "baro_hardware": "1",
          "boost_limit_yaw": "0",
          "rate_sensitivity": "100,100",
          "acc_lpf_hz": "4000",
          "nfe_racermode": "0",
          "rc_rates": "100,100,100",
          "pidAtMinThrottle": "1",
          "pitchPID": "58,70,30",
          "spa_yaw_p": "130",
          "magPID": "40",
          "P interval": "4",
          "pidsum_limit_yaw": "400",
          "spa_yaw_i": "70",
          "spa_yaw_d": "130",
          "tpa_rate_i": "125",
          "boost_limit": "0",
          "Firmware date": "May 19 2020 04:18:37",
          "pidsum_limit": "1000",
          "i_decay": "1",
          "levelPIDHIGH": "35,1",
          "iterm_rotation": "0",
          "thr_mid": "50",
          "witchcraft_pitch": "2",
          "spa_roll_p": "110",
          "throttle_boost": "0",
          "rollPID": "50,70,28",
          "thr_expo": "0",
          "feathered_pids": "100",
          "looptime": "125",
          "yawPID": "60,70,5",
          "spa_pitch_p": "110",
          "rc_expo": "0,0,0",
          "dterm_lowpass_hz_yaw": "90",
          "dterm_lowpass2_hz_pitch": "200",
          "P ratio": "64",
          "tpa_rate_d": "65",
          "gyro_hardware_lpf": "0",
          "airmode_activate_throttle": "32",
          "use_unsynced_pwm": "0",
          "tpa_rate_p": "75",
          "iterm_windup": "50",
          "spa_roll_d": "110",
          "gyro_notch_cutoff": "90,0",
        },
      ),
      stats: Stats(
        counts: FrameCounts(
          event: 1,
          main: 171694,
          slow: 11,
          gps: 0,
          gps_home: 0,
        ),
      ),
      capped: false,
      events: [
        End(
          disarm_reason: None,
        ),
      ],
      main: MainSnapshot(
        count: 171694,
        last_iteration: 692225,
        time: FieldSnapshot(
          min: 0,
          max: 106002824,
          unique: 171694,
          histogram: (10763, 10696, 10805, 10625, 10647, 10735, 10797, 10815, 10752, 10687, 10713, 10751, 10617, 10617, 10842, 10832),
        ),
        fields: Fields([
          FieldSnapshot(
            name: "axisP[0]",
            unit: Unitless,
            history: FieldSnapshot(
              min: -1581,
              max: 364,
              unique: 1038,
              histogram: (15763, 15551, 46687, 16520, 11019, 9666, 8729, 7563, 6591, 5869, 5326, 5040, 4607, 4407, 4235, 4121),
            ),
          ),
          FieldSnapshot(
            name: "axisP[1]",
            unit: Unitless,
            history: FieldSnapshot(
              min: -1308,
              max: 1969,
              unique: 1400,
              histogram: (66190, 31165, 20318, 13740, 9805, 6840, 5037, 3876, 2988, 2459, 1965, 1746, 1456, 1431, 1430, 1248),
            ),
          ),
          FieldSnapshot(
            name: "axisP[2]",
            unit: Unitless,
            history: FieldSnapshot(
              min: -513,
              max: 580,
              unique: 1092,
              histogram: (16392, 14854, 14456, 40676, 28865, 11341, 8669, 6968, 5892, 4991, 4099, 3687, 3349, 2814, 2539, 2102),
            ),
          ),
          FieldSnapshot(
            name: "axisI[0]",
            unit: Unitless,
            history: FieldSnapshot(
              min: -336,
              max: 347,
              unique: 684,
              histogram: (53067, 8362, 6681, 8154, 6385, 7647, 8043, 8550, 7739, 7949, 8007, 9767, 10035, 8435, 6942, 5931),
            ),
          ),
          FieldSnapshot(
            name: "axisI[1]",
            unit: Unitless,
            history: FieldSnapshot(
              min: -46,
              max: 263,
              unique: 310,
              histogram: (62554, 16454, 10490, 6597, 4656, 6064, 5103, 6217, 6007, 6191, 6414, 5031, 6331, 8856, 6425, 8304),
            ),
          ),
          FieldSnapshot(
            name: "axisI[2]",
            unit: Unitless,
            history: FieldSnapshot(
              min: -243,
              max: 174,
              unique: 418,
              histogram: (53835, 9985, 10587, 8771, 8526, 7545, 6811, 5301, 8225, 8037, 6574, 10268, 6143, 7419, 8040, 5627),
            ),
          ),
          FieldSnapshot(
            name: "axisD[0]",
            unit: Unitless,
            history: FieldSnapshot(
              min: -1808,
              max: 1924,
              unique: 711,
              histogram: (60640, 20516, 17815, 15537, 12452, 10101, 8092, 6387, 5060, 3793, 3068, 2336, 1913, 1614, 1304, 1066),
            ),
          ),
          FieldSnapshot(
            name: "axisD[1]",
            unit: Unitless,
            history: FieldSnapshot(
              min: -3205,
              max: 2667,
              unique: 916,
              histogram: (68135, 26832, 20602, 15544, 11154, 8066, 5537, 3937, 2937, 2181, 1767, 1345, 1175, 956, 830, 696),
            ),
          ),
          FieldSnapshot(
            name: "axisD[2]",
            unit: Unitless,
            history: FieldSnapshot(
              min: -98,
              max: 104,
              unique: 131,
              histogram: (149627, 15042, 3532, 1155, 727, 435, 372, 219, 96, 105, 106, 67, 65, 55, 52, 39),
            ),
          ),
          FieldSnapshot(
            name: "axisF[0]",
            unit: Unitless,
            history: FieldSnapshot(
              min: 0,
              max: 0,
              unique: 1,
            ),
          ),
          FieldSnapshot(
            name: "axisF[1]",
            unit: Unitless,
            history: FieldSnapshot(
              min: 0,
              max: 0,
              unique: 1,
            ),
          ),
          FieldSnapshot(
            name: "axisF[2]",
            unit: Unitless,
            history: FieldSnapshot(
              min: 0,
              max: 0,
              unique: 1,
            ),
          ),
          FieldSnapshot(
            name: "rcCommand[0]",
            unit: Unitless,
            history: FieldSnapshot(
              min: -176,
              max: 87,
              unique: 264,
              histogram: (8577, 4835, 6800, 23467, 71505, 9955, 8449, 7636, 3935, 5431, 3975, 3710, 4840, 3302, 2635, 2642),
            ),
          ),
          FieldSnapshot(
            name: "rcCommand[1]",
            unit: Unitless,
            history: FieldSnapshot(
              min: -137,
              max: 94,
              unique: 232,
              histogram: (42309, 56799, 15042, 7744, 4394, 4666, 4647, 4110, 2634, 4123, 3700, 2871, 6132, 5430, 3046, 4047),
            ),
          ),
          FieldSnapshot(
            name: "rcCommand[2]",
            unit: Unitless,
            history: FieldSnapshot(
              min: -122,
              max: 267,
              unique: 389,
              histogram: (11338, 7444, 5393, 8378, 64058, 19235, 7160, 6369, 5923, 4491, 4582, 5148, 6443, 5381, 5554, 4797),
            ),
          ),
          FieldSnapshot(
            name: "rcCommand[3]",
            unit: Unitless,
            history: FieldSnapshot(
              min: 0,
              max: 1522,
              unique: 508,
              histogram: (4605, 8631, 4890, 4557, 5136, 3318, 4654, 60042, 7286, 5508, 2885, 4644, 15282, 23080, 9243, 7933),
            ),
          ),
          FieldSnapshot(
            name: "setpoint[0]",
            unit: Unitless,
            history: FieldSnapshot(
              min: -94,
              max: 40,
              unique: 135,
              histogram: (10894, 19176, 87333, 6001, 3076, 4453, 5048, 3651, 4277, 6259, 6339, 3160, 4039, 3677, 2102, 2209),
            ),
          ),
          FieldSnapshot(
            name: "setpoint[1]",
            unit: Unitless,
            history: FieldSnapshot(
              min: -68,
              max: 44,
              unique: 113,
              histogram: (89435, 19146, 7268, 6160, 2902, 6616, 5272, 6319, 3321, 3295, 3337, 4060, 3926, 3969, 2647, 4021),
            ),
          ),
          FieldSnapshot(
            name: "setpoint[2]",
            unit: Unitless,
            history: FieldSnapshot(
              min: -59,
              max: 171,
              unique: 231,
              histogram: (8192, 6969, 81091, 10348, 5272, 6942, 8964, 9083, 5873, 5297, 4517, 3571, 3682, 5120, 4008, 2765),
            ),
          ),
          FieldSnapshot(
            name: "setpoint[3]",
            unit: Unitless,
            history: FieldSnapshot(
              min: 0,
              max: 523,
              unique: 505,
              histogram: (63241, 4078, 4478, 3038, 14067, 8048, 23561, 8975, 6048, 5996, 7987, 3487, 5118, 4364, 3669, 5539),
            ),
          ),
          FieldSnapshot(
            name: "gyroADC[0]",
            unit: Rotation,
            history: FieldSnapshot(
              min: -229,
              max: 974,
              unique: 728,
              histogram: (51902, 24393, 18498, 14378, 11382, 8737, 7236, 6148, 5284, 4806, 4117, 3587, 2975, 2786, 2756, 2709),
            ),
          ),
          FieldSnapshot(
            name: "gyroADC[1]",
            unit: Rotation,
            history: FieldSnapshot(
              min: -1060,
              max: 703,
              unique: 892,
              histogram: (57725, 24857, 13695, 9552, 7783, 7245, 6602, 5542, 5079, 4637, 4795, 5504, 5672, 5313, 4354, 3339),
            ),
          ),
          FieldSnapshot(
            name: "gyroADC[2]",
            unit: Rotation,
            history: FieldSnapshot(
              min: -303,
              max: 263,
              unique: 567,
              histogram: (55719, 15588, 12189, 10992, 10355, 9267, 7543, 6117, 6386, 6551, 6864, 6498, 5005, 4437, 4144, 4039),
            ),
          ),
          FieldSnapshot(
            name: "accSmooth[0]",
            unit: Acceleration,
            history: FieldSnapshot(
              min: -10898,
              max: 6599,
              unique: 2060,
              histogram: (10627, 9419, 9628, 9637, 10325, 10227, 9918, 9222, 9028, 8824, 9651, 13033, 13290, 13663, 13583, 11619),
            ),
          ),
          FieldSnapshot(
            name: "accSmooth[1]",
            unit: Acceleration,
            history: FieldSnapshot(
              min: -8977,
              max: 5637,
              unique: 1802,
              histogram: (8473, 9314, 10109, 10104, 10498, 9921, 10551, 12692, 14579, 19364, 12692, 10166, 8654, 8440, 8067, 8070),
            ),
          ),
          FieldSnapshot(
            name: "accSmooth[2]",
            unit: Acceleration,
            history: FieldSnapshot(
              min: -10158,
              max: 10461,
              unique: 3113,
              histogram: (8586, 8262, 8860, 11342, 15400, 18144, 15652, 11748, 9775, 9497, 9650, 9631, 9266, 8759, 8586, 8536),
            ),
          ),
          FieldSnapshot(
            name: "motor[0]",
            unit: Unitless,
            history: FieldSnapshot(
              min: 0,
              max: 1980,
              unique: 879,
              histogram: (8514, 8364, 8278, 8067, 8009, 8138, 7838, 7544, 7384, 7481, 7356, 7483, 7792, 11534, 48974, 8938),
            ),
          ),
          FieldSnapshot(
            name: "motor[1]",
            unit: Unitless,
            history: FieldSnapshot(
              min: 0,
              max: 1875,
              unique: 717,
              histogram: (5592, 5644, 6734, 14031, 19519, 11161, 6123, 5371, 5416, 5554, 5377, 5270, 5320, 18468, 46508, 5606),
            ),
          ),
          FieldSnapshot(
            name: "motor[2]",
            unit: Unitless,
            history: FieldSnapshot(
              min: 0,
              max: 1950,
              unique: 774,
              histogram: (7721, 7588, 7765, 7927, 8167, 7790, 7856, 7709, 7630, 7747, 8824, 7419, 7097, 18789, 38439, 13226),
            ),
          ),
          FieldSnapshot(
            name: "motor[3]",
            unit: Unitless,
            history: FieldSnapshot(
              min: 0,
              max: 1781,
              unique: 579,
              histogram: (5557, 5408, 5347, 5345, 5438, 5241, 5386, 5221, 5229, 4996, 5105, 5332, 5559, 56175, 40208, 6147),
            ),
          ),
        ]),
      ),
      slow: SlowSnapshot(
        count: 11,
        fields: Fields([
          FieldSnapshot(
            name: "flightModeFlags",
            unit: FlightMode,
            history: {
              "3D": 11,
              "ARM": 11,
            },
          ),
          FieldSnapshot(
            name: "stateFlags",
            unit: State,
            history: {},
          ),
          FieldSnapshot(
            name: "failsafePhase",
            unit: FailsafePhase,
            history: {
              "IDLE": 11,
            },
          ),
          FieldSnapshot(
            name: "rxSignalReceived",
            unit: Boolean,
            history: History(
              yes: 11,
              no: 0,
            ),
          ),
          FieldSnapshot(
            name: "rxFlightChannelsValid",
            unit: Boolean,
            history: History(
              yes: 11,
              no: 0,
            ),
          ),
        ]),
      ),
    )),
  ],
)
